// Jest Snapshot v1, https://goo.gl/fbAQLP

exports[`ChartLegendTooltipContent 1`] = `"<div><g><rect vector-effect=\\"non-scaling-stroke\\" style=\\"fill: none;\\" role=\\"presentation\\" shape-rendering=\\"auto\\" x=\\"NaN\\" y=\\"NaN\\" width=\\"0\\" height=\\"0\\"></rect></g></div>"`;

exports[`ChartLegendTooltipContent 2`] = `"<div><g><rect vector-effect=\\"non-scaling-stroke\\" style=\\"fill: none;\\" role=\\"presentation\\" shape-rendering=\\"auto\\" x=\\"NaN\\" y=\\"NaN\\" width=\\"0\\" height=\\"0\\"></rect></g></div>"`;

exports[`renders component text 1`] = `"<div><g><rect vector-effect=\\"non-scaling-stroke\\" style=\\"fill: none;\\" role=\\"presentation\\" shape-rendering=\\"auto\\" x=\\"NaN\\" y=\\"NaN\\" width=\\"0\\" height=\\"0\\"></rect></g></div>"`;
