// Jest Snapshot v1, https://goo.gl/fbAQLP

exports[`numberInput disables lower threshold 1`] = `"<div><div class=\\"pf-c-number-input\\"><div class=\\"pf-c-input-group\\"><button aria-disabled=\\"true\\" aria-label=\\"Minus\\" class=\\"pf-c-button pf-m-control pf-m-disabled\\" disabled=\\"\\" type=\\"button\\" data-ouia-component-type=\\"PF4/Button\\" data-ouia-safe=\\"true\\" data-ouia-component-id=\\"OUIA-Generated-Button-control-7\\"><span class=\\"pf-c-number-input__icon\\"><svg style=\\"vertical-align: -0.125em;\\" fill=\\"currentColor\\" height=\\"1em\\" width=\\"1em\\" viewBox=\\"0 0 448 512\\" aria-hidden=\\"true\\" role=\\"img\\"><path d=\\"M416 208H32c-17.67 0-32 14.33-32 32v32c0 17.67 14.33 32 32 32h384c17.67 0 32-14.33 32-32v-32c0-17.67-14.33-32-32-32z\\"></path></svg></span></button><input class=\\"pf-c-form-control\\" type=\\"number\\" aria-label=\\"Input\\" readonly=\\"\\" value=\\"0\\"><button aria-disabled=\\"false\\" aria-label=\\"Plus\\" class=\\"pf-c-button pf-m-control\\" type=\\"button\\" data-ouia-component-type=\\"PF4/Button\\" data-ouia-safe=\\"true\\" data-ouia-component-id=\\"OUIA-Generated-Button-control-8\\"><span class=\\"pf-c-number-input__icon\\"><svg style=\\"vertical-align: -0.125em;\\" fill=\\"currentColor\\" height=\\"1em\\" width=\\"1em\\" viewBox=\\"0 0 448 512\\" aria-hidden=\\"true\\" role=\\"img\\"><path d=\\"M416 208H272V64c0-17.67-14.33-32-32-32h-32c-17.67 0-32 14.33-32 32v144H32c-17.67 0-32 14.33-32 32v32c0 17.67 14.33 32 32 32h144v144c0 17.67 14.33 32 32 32h32c17.67 0 32-14.33 32-32V304h144c17.67 0 32-14.33 32-32v-32c0-17.67-14.33-32-32-32z\\"></path></svg></span></button></div></div></div>"`;

exports[`numberInput disables upper threshold 1`] = `"<div><div class=\\"pf-c-number-input\\"><div class=\\"pf-c-input-group\\"><button aria-disabled=\\"false\\" aria-label=\\"Minus\\" class=\\"pf-c-button pf-m-control\\" type=\\"button\\" data-ouia-component-type=\\"PF4/Button\\" data-ouia-safe=\\"true\\" data-ouia-component-id=\\"OUIA-Generated-Button-control-9\\"><span class=\\"pf-c-number-input__icon\\"><svg style=\\"vertical-align: -0.125em;\\" fill=\\"currentColor\\" height=\\"1em\\" width=\\"1em\\" viewBox=\\"0 0 448 512\\" aria-hidden=\\"true\\" role=\\"img\\"><path d=\\"M416 208H32c-17.67 0-32 14.33-32 32v32c0 17.67 14.33 32 32 32h384c17.67 0 32-14.33 32-32v-32c0-17.67-14.33-32-32-32z\\"></path></svg></span></button><input class=\\"pf-c-form-control\\" type=\\"number\\" aria-label=\\"Input\\" readonly=\\"\\" value=\\"100\\"><button aria-disabled=\\"true\\" aria-label=\\"Plus\\" class=\\"pf-c-button pf-m-control pf-m-disabled\\" disabled=\\"\\" type=\\"button\\" data-ouia-component-type=\\"PF4/Button\\" data-ouia-safe=\\"true\\" data-ouia-component-id=\\"OUIA-Generated-Button-control-10\\"><span class=\\"pf-c-number-input__icon\\"><svg style=\\"vertical-align: -0.125em;\\" fill=\\"currentColor\\" height=\\"1em\\" width=\\"1em\\" viewBox=\\"0 0 448 512\\" aria-hidden=\\"true\\" role=\\"img\\"><path d=\\"M416 208H272V64c0-17.67-14.33-32-32-32h-32c-17.67 0-32 14.33-32 32v144H32c-17.67 0-32 14.33-32 32v32c0 17.67 14.33 32 32 32h144v144c0 17.67 14.33 32 32 32h32c17.67 0 32-14.33 32-32V304h144c17.67 0 32-14.33 32-32v-32c0-17.67-14.33-32-32-32z\\"></path></svg></span></button></div></div></div>"`;

exports[`numberInput passes button props successfully 1`] = `"<div><div class=\\"pf-c-number-input\\"><div class=\\"pf-c-input-group\\"><button id=\\"minus-id\\" aria-disabled=\\"false\\" aria-label=\\"Minus\\" class=\\"pf-c-button pf-m-control\\" type=\\"button\\" data-ouia-component-type=\\"PF4/Button\\" data-ouia-safe=\\"true\\" data-ouia-component-id=\\"OUIA-Generated-Button-control-19\\"><span class=\\"pf-c-number-input__icon\\"><svg style=\\"vertical-align: -0.125em;\\" fill=\\"currentColor\\" height=\\"1em\\" width=\\"1em\\" viewBox=\\"0 0 448 512\\" aria-hidden=\\"true\\" role=\\"img\\"><path d=\\"M416 208H32c-17.67 0-32 14.33-32 32v32c0 17.67 14.33 32 32 32h384c17.67 0 32-14.33 32-32v-32c0-17.67-14.33-32-32-32z\\"></path></svg></span></button><input class=\\"pf-c-form-control\\" type=\\"number\\" aria-label=\\"Input\\" readonly=\\"\\" value=\\"5\\"><button id=\\"plus-id\\" aria-disabled=\\"false\\" aria-label=\\"Plus\\" class=\\"pf-c-button pf-m-control\\" type=\\"button\\" data-ouia-component-type=\\"PF4/Button\\" data-ouia-safe=\\"true\\" data-ouia-component-id=\\"OUIA-Generated-Button-control-20\\"><span class=\\"pf-c-number-input__icon\\"><svg style=\\"vertical-align: -0.125em;\\" fill=\\"currentColor\\" height=\\"1em\\" width=\\"1em\\" viewBox=\\"0 0 448 512\\" aria-hidden=\\"true\\" role=\\"img\\"><path d=\\"M416 208H272V64c0-17.67-14.33-32-32-32h-32c-17.67 0-32 14.33-32 32v144H32c-17.67 0-32 14.33-32 32v32c0 17.67 14.33 32 32 32h144v144c0 17.67 14.33 32 32 32h32c17.67 0 32-14.33 32-32V304h144c17.67 0 32-14.33 32-32v-32c0-17.67-14.33-32-32-32z\\"></path></svg></span></button></div></div></div>"`;

exports[`numberInput passes input props successfully 1`] = `"<div><div class=\\"pf-c-number-input\\"><div class=\\"pf-c-input-group\\"><button aria-disabled=\\"false\\" aria-label=\\"Minus\\" class=\\"pf-c-button pf-m-control\\" type=\\"button\\" data-ouia-component-type=\\"PF4/Button\\" data-ouia-safe=\\"true\\" data-ouia-component-id=\\"OUIA-Generated-Button-control-17\\"><span class=\\"pf-c-number-input__icon\\"><svg style=\\"vertical-align: -0.125em;\\" fill=\\"currentColor\\" height=\\"1em\\" width=\\"1em\\" viewBox=\\"0 0 448 512\\" aria-hidden=\\"true\\" role=\\"img\\"><path d=\\"M416 208H32c-17.67 0-32 14.33-32 32v32c0 17.67 14.33 32 32 32h384c17.67 0 32-14.33 32-32v-32c0-17.67-14.33-32-32-32z\\"></path></svg></span></button><input class=\\"pf-c-form-control\\" type=\\"number\\" name=\\"test-name\\" aria-label=\\"Input\\" value=\\"5\\"><button aria-disabled=\\"false\\" aria-label=\\"Plus\\" class=\\"pf-c-button pf-m-control\\" type=\\"button\\" data-ouia-component-type=\\"PF4/Button\\" data-ouia-safe=\\"true\\" data-ouia-component-id=\\"OUIA-Generated-Button-control-18\\"><span class=\\"pf-c-number-input__icon\\"><svg style=\\"vertical-align: -0.125em;\\" fill=\\"currentColor\\" height=\\"1em\\" width=\\"1em\\" viewBox=\\"0 0 448 512\\" aria-hidden=\\"true\\" role=\\"img\\"><path d=\\"M416 208H272V64c0-17.67-14.33-32-32-32h-32c-17.67 0-32 14.33-32 32v144H32c-17.67 0-32 14.33-32 32v32c0 17.67 14.33 32 32 32h144v144c0 17.67 14.33 32 32 32h32c17.67 0 32-14.33 32-32V304h144c17.67 0 32-14.33 32-32v-32c0-17.67-14.33-32-32-32z\\"></path></svg></span></button></div></div></div>"`;

exports[`numberInput renders custom width 1`] = `"<div><div class=\\"pf-c-number-input\\" style=\\"--pf-c-number-input--c-form-control--width-chars: 10;\\"><div class=\\"pf-c-input-group\\"><button aria-disabled=\\"false\\" aria-label=\\"Minus\\" class=\\"pf-c-button pf-m-control\\" type=\\"button\\" data-ouia-component-type=\\"PF4/Button\\" data-ouia-safe=\\"true\\" data-ouia-component-id=\\"OUIA-Generated-Button-control-15\\"><span class=\\"pf-c-number-input__icon\\"><svg style=\\"vertical-align: -0.125em;\\" fill=\\"currentColor\\" height=\\"1em\\" width=\\"1em\\" viewBox=\\"0 0 448 512\\" aria-hidden=\\"true\\" role=\\"img\\"><path d=\\"M416 208H32c-17.67 0-32 14.33-32 32v32c0 17.67 14.33 32 32 32h384c17.67 0 32-14.33 32-32v-32c0-17.67-14.33-32-32-32z\\"></path></svg></span></button><input class=\\"pf-c-form-control\\" type=\\"number\\" aria-label=\\"Input\\" readonly=\\"\\" value=\\"5\\"><button aria-disabled=\\"false\\" aria-label=\\"Plus\\" class=\\"pf-c-button pf-m-control\\" type=\\"button\\" data-ouia-component-type=\\"PF4/Button\\" data-ouia-safe=\\"true\\" data-ouia-component-id=\\"OUIA-Generated-Button-control-16\\"><span class=\\"pf-c-number-input__icon\\"><svg style=\\"vertical-align: -0.125em;\\" fill=\\"currentColor\\" height=\\"1em\\" width=\\"1em\\" viewBox=\\"0 0 448 512\\" aria-hidden=\\"true\\" role=\\"img\\"><path d=\\"M416 208H272V64c0-17.67-14.33-32-32-32h-32c-17.67 0-32 14.33-32 32v144H32c-17.67 0-32 14.33-32 32v32c0 17.67 14.33 32 32 32h144v144c0 17.67 14.33 32 32 32h32c17.67 0 32-14.33 32-32V304h144c17.67 0 32-14.33 32-32v-32c0-17.67-14.33-32-32-32z\\"></path></svg></span></button></div></div></div>"`;

exports[`numberInput renders defaults & extra props 1`] = `"<div><div class=\\"pf-c-number-input custom\\" id=\\"numberInput1\\"><div class=\\"pf-c-input-group\\"><button aria-disabled=\\"false\\" aria-label=\\"Minus\\" class=\\"pf-c-button pf-m-control\\" type=\\"button\\" data-ouia-component-type=\\"PF4/Button\\" data-ouia-safe=\\"true\\" data-ouia-component-id=\\"OUIA-Generated-Button-control-1\\"><span class=\\"pf-c-number-input__icon\\"><svg style=\\"vertical-align: -0.125em;\\" fill=\\"currentColor\\" height=\\"1em\\" width=\\"1em\\" viewBox=\\"0 0 448 512\\" aria-hidden=\\"true\\" role=\\"img\\"><path d=\\"M416 208H32c-17.67 0-32 14.33-32 32v32c0 17.67 14.33 32 32 32h384c17.67 0 32-14.33 32-32v-32c0-17.67-14.33-32-32-32z\\"></path></svg></span></button><input class=\\"pf-c-form-control\\" type=\\"number\\" aria-label=\\"Input\\" readonly=\\"\\" value=\\"0\\"><button aria-disabled=\\"false\\" aria-label=\\"Plus\\" class=\\"pf-c-button pf-m-control\\" type=\\"button\\" data-ouia-component-type=\\"PF4/Button\\" data-ouia-safe=\\"true\\" data-ouia-component-id=\\"OUIA-Generated-Button-control-2\\"><span class=\\"pf-c-number-input__icon\\"><svg style=\\"vertical-align: -0.125em;\\" fill=\\"currentColor\\" height=\\"1em\\" width=\\"1em\\" viewBox=\\"0 0 448 512\\" aria-hidden=\\"true\\" role=\\"img\\"><path d=\\"M416 208H272V64c0-17.67-14.33-32-32-32h-32c-17.67 0-32 14.33-32 32v144H32c-17.67 0-32 14.33-32 32v32c0 17.67 14.33 32 32 32h144v144c0 17.67 14.33 32 32 32h32c17.67 0 32-14.33 32-32V304h144c17.67 0 32-14.33 32-32v-32c0-17.67-14.33-32-32-32z\\"></path></svg></span></button></div></div></div>"`;

exports[`numberInput renders disabled 1`] = `"<div><div class=\\"pf-c-number-input\\"><div class=\\"pf-c-input-group\\"><button aria-disabled=\\"true\\" aria-label=\\"Minus\\" class=\\"pf-c-button pf-m-control pf-m-disabled\\" disabled=\\"\\" type=\\"button\\" data-ouia-component-type=\\"PF4/Button\\" data-ouia-safe=\\"true\\" data-ouia-component-id=\\"OUIA-Generated-Button-control-5\\"><span class=\\"pf-c-number-input__icon\\"><svg style=\\"vertical-align: -0.125em;\\" fill=\\"currentColor\\" height=\\"1em\\" width=\\"1em\\" viewBox=\\"0 0 448 512\\" aria-hidden=\\"true\\" role=\\"img\\"><path d=\\"M416 208H32c-17.67 0-32 14.33-32 32v32c0 17.67 14.33 32 32 32h384c17.67 0 32-14.33 32-32v-32c0-17.67-14.33-32-32-32z\\"></path></svg></span></button><input class=\\"pf-c-form-control\\" type=\\"number\\" aria-label=\\"Input\\" disabled=\\"\\" readonly=\\"\\" value=\\"90\\"><button aria-disabled=\\"true\\" aria-label=\\"Plus\\" class=\\"pf-c-button pf-m-control pf-m-disabled\\" disabled=\\"\\" type=\\"button\\" data-ouia-component-type=\\"PF4/Button\\" data-ouia-safe=\\"true\\" data-ouia-component-id=\\"OUIA-Generated-Button-control-6\\"><span class=\\"pf-c-number-input__icon\\"><svg style=\\"vertical-align: -0.125em;\\" fill=\\"currentColor\\" height=\\"1em\\" width=\\"1em\\" viewBox=\\"0 0 448 512\\" aria-hidden=\\"true\\" role=\\"img\\"><path d=\\"M416 208H272V64c0-17.67-14.33-32-32-32h-32c-17.67 0-32 14.33-32 32v144H32c-17.67 0-32 14.33-32 32v32c0 17.67 14.33 32 32 32h144v144c0 17.67 14.33 32 32 32h32c17.67 0 32-14.33 32-32V304h144c17.67 0 32-14.33 32-32v-32c0-17.67-14.33-32-32-32z\\"></path></svg></span></button></div></div></div>"`;

exports[`numberInput renders unit & position 1`] = `"<div><div class=\\"pf-c-number-input\\"><div class=\\"pf-c-number-input__unit\\">$</div><div class=\\"pf-c-input-group\\"><button aria-disabled=\\"false\\" aria-label=\\"Minus\\" class=\\"pf-c-button pf-m-control\\" type=\\"button\\" data-ouia-component-type=\\"PF4/Button\\" data-ouia-safe=\\"true\\" data-ouia-component-id=\\"OUIA-Generated-Button-control-13\\"><span class=\\"pf-c-number-input__icon\\"><svg style=\\"vertical-align: -0.125em;\\" fill=\\"currentColor\\" height=\\"1em\\" width=\\"1em\\" viewBox=\\"0 0 448 512\\" aria-hidden=\\"true\\" role=\\"img\\"><path d=\\"M416 208H32c-17.67 0-32 14.33-32 32v32c0 17.67 14.33 32 32 32h384c17.67 0 32-14.33 32-32v-32c0-17.67-14.33-32-32-32z\\"></path></svg></span></button><input class=\\"pf-c-form-control\\" type=\\"number\\" aria-label=\\"Input\\" readonly=\\"\\" value=\\"5\\"><button aria-disabled=\\"false\\" aria-label=\\"Plus\\" class=\\"pf-c-button pf-m-control\\" type=\\"button\\" data-ouia-component-type=\\"PF4/Button\\" data-ouia-safe=\\"true\\" data-ouia-component-id=\\"OUIA-Generated-Button-control-14\\"><span class=\\"pf-c-number-input__icon\\"><svg style=\\"vertical-align: -0.125em;\\" fill=\\"currentColor\\" height=\\"1em\\" width=\\"1em\\" viewBox=\\"0 0 448 512\\" aria-hidden=\\"true\\" role=\\"img\\"><path d=\\"M416 208H272V64c0-17.67-14.33-32-32-32h-32c-17.67 0-32 14.33-32 32v144H32c-17.67 0-32 14.33-32 32v32c0 17.67 14.33 32 32 32h144v144c0 17.67 14.33 32 32 32h32c17.67 0 32-14.33 32-32V304h144c17.67 0 32-14.33 32-32v-32c0-17.67-14.33-32-32-32z\\"></path></svg></span></button></div></div></div>"`;

exports[`numberInput renders unit 1`] = `"<div><div class=\\"pf-c-number-input\\"><div class=\\"pf-c-input-group\\"><button aria-disabled=\\"false\\" aria-label=\\"Minus\\" class=\\"pf-c-button pf-m-control\\" type=\\"button\\" data-ouia-component-type=\\"PF4/Button\\" data-ouia-safe=\\"true\\" data-ouia-component-id=\\"OUIA-Generated-Button-control-11\\"><span class=\\"pf-c-number-input__icon\\"><svg style=\\"vertical-align: -0.125em;\\" fill=\\"currentColor\\" height=\\"1em\\" width=\\"1em\\" viewBox=\\"0 0 448 512\\" aria-hidden=\\"true\\" role=\\"img\\"><path d=\\"M416 208H32c-17.67 0-32 14.33-32 32v32c0 17.67 14.33 32 32 32h384c17.67 0 32-14.33 32-32v-32c0-17.67-14.33-32-32-32z\\"></path></svg></span></button><input class=\\"pf-c-form-control\\" type=\\"number\\" aria-label=\\"Input\\" readonly=\\"\\" value=\\"5\\"><button aria-disabled=\\"false\\" aria-label=\\"Plus\\" class=\\"pf-c-button pf-m-control\\" type=\\"button\\" data-ouia-component-type=\\"PF4/Button\\" data-ouia-safe=\\"true\\" data-ouia-component-id=\\"OUIA-Generated-Button-control-12\\"><span class=\\"pf-c-number-input__icon\\"><svg style=\\"vertical-align: -0.125em;\\" fill=\\"currentColor\\" height=\\"1em\\" width=\\"1em\\" viewBox=\\"0 0 448 512\\" aria-hidden=\\"true\\" role=\\"img\\"><path d=\\"M416 208H272V64c0-17.67-14.33-32-32-32h-32c-17.67 0-32 14.33-32 32v144H32c-17.67 0-32 14.33-32 32v32c0 17.67 14.33 32 32 32h144v144c0 17.67 14.33 32 32 32h32c17.67 0 32-14.33 32-32V304h144c17.67 0 32-14.33 32-32v-32c0-17.67-14.33-32-32-32z\\"></path></svg></span></button></div><div class=\\"pf-c-number-input__unit\\">%</div></div></div>"`;

exports[`numberInput renders value 1`] = `"<div><div class=\\"pf-c-number-input\\"><div class=\\"pf-c-input-group\\"><button aria-disabled=\\"false\\" aria-label=\\"Minus\\" class=\\"pf-c-button pf-m-control\\" type=\\"button\\" data-ouia-component-type=\\"PF4/Button\\" data-ouia-safe=\\"true\\" data-ouia-component-id=\\"OUIA-Generated-Button-control-3\\"><span class=\\"pf-c-number-input__icon\\"><svg style=\\"vertical-align: -0.125em;\\" fill=\\"currentColor\\" height=\\"1em\\" width=\\"1em\\" viewBox=\\"0 0 448 512\\" aria-hidden=\\"true\\" role=\\"img\\"><path d=\\"M416 208H32c-17.67 0-32 14.33-32 32v32c0 17.67 14.33 32 32 32h384c17.67 0 32-14.33 32-32v-32c0-17.67-14.33-32-32-32z\\"></path></svg></span></button><input class=\\"pf-c-form-control\\" type=\\"number\\" aria-label=\\"Input\\" readonly=\\"\\" value=\\"90\\"><button aria-disabled=\\"false\\" aria-label=\\"Plus\\" class=\\"pf-c-button pf-m-control\\" type=\\"button\\" data-ouia-component-type=\\"PF4/Button\\" data-ouia-safe=\\"true\\" data-ouia-component-id=\\"OUIA-Generated-Button-control-4\\"><span class=\\"pf-c-number-input__icon\\"><svg style=\\"vertical-align: -0.125em;\\" fill=\\"currentColor\\" height=\\"1em\\" width=\\"1em\\" viewBox=\\"0 0 448 512\\" aria-hidden=\\"true\\" role=\\"img\\"><path d=\\"M416 208H272V64c0-17.67-14.33-32-32-32h-32c-17.67 0-32 14.33-32 32v144H32c-17.67 0-32 14.33-32 32v32c0 17.67 14.33 32 32 32h144v144c0 17.67 14.33 32 32 32h32c17.67 0 32-14.33 32-32V304h144c17.67 0 32-14.33 32-32v-32c0-17.67-14.33-32-32-32z\\"></path></svg></span></button></div></div></div>"`;
