// Jest Snapshot v1, https://goo.gl/fbAQLP

exports[`TextInput disabled text input 1`] = `"<input aria-label=\\"disabled text input\\" class=\\"pf-c-form-control\\" type=\\"text\\" aria-invalid=\\"false\\" disabled=\\"\\" data-ouia-component-type=\\"PF4/TextInput\\" data-ouia-safe=\\"true\\" data-ouia-component-id=\\"OUIA-Generated-TextInputBase-3\\" value=\\"\\">"`;

exports[`TextInput invalid text input 1`] = `"<input aria-label=\\"invalid text input\\" class=\\"pf-c-form-control\\" type=\\"text\\" aria-invalid=\\"true\\" data-ouia-component-type=\\"PF4/TextInput\\" data-ouia-safe=\\"true\\" data-ouia-component-id=\\"OUIA-Generated-TextInputBase-5\\" value=\\"test input\\">"`;

exports[`TextInput readonly text input 1`] = `"<input aria-label=\\"readonly text input\\" class=\\"pf-c-form-control\\" type=\\"text\\" aria-invalid=\\"false\\" readonly=\\"\\" data-ouia-component-type=\\"PF4/TextInput\\" data-ouia-safe=\\"true\\" data-ouia-component-id=\\"OUIA-Generated-TextInputBase-4\\" value=\\"read only\\">"`;

exports[`TextInput simple text input 1`] = `"<input aria-label=\\"simple text input\\" class=\\"pf-c-form-control\\" type=\\"text\\" aria-invalid=\\"false\\" data-ouia-component-type=\\"PF4/TextInput\\" data-ouia-safe=\\"true\\" data-ouia-component-id=\\"OUIA-Generated-TextInputBase-2\\" value=\\"test input\\">"`;

exports[`TextInput validated text input 1`] = `"<input aria-label=\\"validated text input\\" class=\\"pf-c-form-control\\" type=\\"text\\" aria-invalid=\\"true\\" data-ouia-component-type=\\"PF4/TextInput\\" data-ouia-safe=\\"true\\" data-ouia-component-id=\\"OUIA-Generated-TextInputBase-8\\" value=\\"test input\\">"`;
