// Jest Snapshot v1, https://goo.gl/fbAQLP

exports[`simple fileuploadfield 1`] = `"<div><div class=\\"pf-c-file-upload\\"><div class=\\"pf-c-file-upload__file-select\\"><div class=\\"pf-c-input-group\\"><input id=\\"custom-file-upload-filename\\" name=\\"custom-file-upload-filename\\" aria-label=\\"Do something custom with this!\\" placeholder=\\"Do something custom with this!\\" aria-describedby=\\"custom-file-upload-browse-button\\" class=\\"pf-c-form-control\\" type=\\"text\\" aria-invalid=\\"false\\" readonly=\\"\\" data-ouia-component-type=\\"PF4/TextInput\\" data-ouia-safe=\\"true\\" data-ouia-component-id=\\"OUIA-Generated-TextInputBase-1\\" value=\\"\\"><button id=\\"custom-file-upload-browse-button\\" aria-disabled=\\"false\\" class=\\"pf-c-button pf-m-control\\" type=\\"button\\" data-ouia-component-type=\\"PF4/Button\\" data-ouia-safe=\\"true\\" data-ouia-component-id=\\"OUIA-Generated-Button-control-1\\">Browse...</button><button aria-disabled=\\"false\\" class=\\"pf-c-button pf-m-control\\" type=\\"button\\" data-ouia-component-type=\\"PF4/Button\\" data-ouia-safe=\\"true\\" data-ouia-component-id=\\"OUIA-Generated-Button-control-2\\">Clear</button></div></div><div class=\\"pf-c-file-upload__file-details\\"><textarea class=\\"pf-c-form-control pf-m-resize-vertical\\" aria-invalid=\\"false\\" id=\\"custom-file-upload\\" name=\\"custom-file-upload\\" aria-label=\\"File upload\\"></textarea></div><p>A custom preview of the uploaded file can be passed as children</p></div></div>"`;
