// Jest Snapshot v1, https://goo.gl/fbAQLP

exports[`ChartLine 1`] = `"<div><div style=\\"height: 100%; width: 100%; pointer-events: none; position: relative;\\" class=\\"pf-c-chart\\"><svg width=\\"450\\" height=\\"300\\" role=\\"img\\" viewBox=\\"0 0 450 300\\" style=\\"pointer-events: all; width: 100%; height: 100%;\\"><g style=\\"height: 100%; width: 100%;\\" clip-path=\\"url(#victory-clip-2)\\"><defs><clipPath id=\\"victory-clip-2\\"><rect vector-effect=\\"non-scaling-stroke\\" x=\\"50\\" y=\\"50\\" width=\\"350\\" height=\\"200\\"></rect></clipPath></defs><path d=\\"M50,250L57,246L64,242L71,238L78,234L85,230L92,226L99,222L106,218L113,214.00000000000003L120,210L126.99999999999999,206L134,202L141,198L148,194L155,190L162,185.99999999999997L169,181.99999999999997L176.00000000000003,177.99999999999997L183.00000000000003,173.99999999999997L190.00000000000003,169.99999999999997L197.00000000000003,165.99999999999997L204.00000000000006,161.99999999999997L211.00000000000006,157.99999999999994L218.00000000000006,153.99999999999994L225.00000000000006,149.99999999999997L232.00000000000006,145.99999999999997L239.00000000000006,141.99999999999997L246.00000000000006,137.99999999999997L253.00000000000009,133.99999999999997L260.00000000000006,129.99999999999994L267.00000000000006,125.99999999999996L274.0000000000001,121.99999999999996L281.0000000000001,117.99999999999996L288.0000000000001,113.99999999999994L295.0000000000001,109.99999999999994L302.0000000000001,105.99999999999994L309.0000000000001,101.99999999999993L316.0000000000001,97.99999999999993L323.00000000000017,93.99999999999993L330.00000000000017,89.99999999999993L337.00000000000017,85.99999999999991L344.00000000000017,81.99999999999991L351.00000000000017,77.99999999999991L358.00000000000017,73.99999999999991L365.00000000000017,69.9999999999999L372.00000000000017,65.9999999999999L379.0000000000002,61.9999999999999L386.0000000000002,57.9999999999999L393.0000000000002,53.99999999999989L400,50\\" style=\\"fill: transparent; stroke: #06c; opacity: 1; stroke-width: 2;\\" role=\\"presentation\\" shape-rendering=\\"auto\\"></path></g></svg><div style=\\"z-index: 99; position: absolute; top: 0px; left: 0px; width: 100%; height: 100%;\\"><svg width=\\"450\\" height=\\"300\\" viewBox=\\"0 0 450 300\\" style=\\"overflow: visible; width: 100%; height: 100%;\\"></svg></div></div></div>"`;

exports[`ChartLine 2`] = `"<div><div style=\\"height: 100%; width: 100%; pointer-events: none; position: relative;\\" class=\\"pf-c-chart\\"><svg width=\\"450\\" height=\\"300\\" role=\\"img\\" viewBox=\\"0 0 450 300\\" style=\\"pointer-events: all; width: 100%; height: 100%;\\"><g style=\\"height: 100%; width: 100%;\\" clip-path=\\"url(#victory-clip-4)\\"><defs><clipPath id=\\"victory-clip-4\\"><rect vector-effect=\\"non-scaling-stroke\\" x=\\"50\\" y=\\"50\\" width=\\"350\\" height=\\"200\\"></rect></clipPath></defs><path d=\\"M50,250L57,246L64,242L71,238L78,234L85,230L92,226L99,222L106,218L113,214.00000000000003L120,210L126.99999999999999,206L134,202L141,198L148,194L155,190L162,185.99999999999997L169,181.99999999999997L176.00000000000003,177.99999999999997L183.00000000000003,173.99999999999997L190.00000000000003,169.99999999999997L197.00000000000003,165.99999999999997L204.00000000000006,161.99999999999997L211.00000000000006,157.99999999999994L218.00000000000006,153.99999999999994L225.00000000000006,149.99999999999997L232.00000000000006,145.99999999999997L239.00000000000006,141.99999999999997L246.00000000000006,137.99999999999997L253.00000000000009,133.99999999999997L260.00000000000006,129.99999999999994L267.00000000000006,125.99999999999996L274.0000000000001,121.99999999999996L281.0000000000001,117.99999999999996L288.0000000000001,113.99999999999994L295.0000000000001,109.99999999999994L302.0000000000001,105.99999999999994L309.0000000000001,101.99999999999993L316.0000000000001,97.99999999999993L323.00000000000017,93.99999999999993L330.00000000000017,89.99999999999993L337.00000000000017,85.99999999999991L344.00000000000017,81.99999999999991L351.00000000000017,77.99999999999991L358.00000000000017,73.99999999999991L365.00000000000017,69.9999999999999L372.00000000000017,65.9999999999999L379.0000000000002,61.9999999999999L386.0000000000002,57.9999999999999L393.0000000000002,53.99999999999989L400,50\\" style=\\"fill: transparent; stroke: #06c; opacity: 1; stroke-width: 2;\\" role=\\"presentation\\" shape-rendering=\\"auto\\"></path></g></svg><div style=\\"z-index: 99; position: absolute; top: 0px; left: 0px; width: 100%; height: 100%;\\"><svg width=\\"450\\" height=\\"300\\" viewBox=\\"0 0 450 300\\" style=\\"overflow: visible; width: 100%; height: 100%;\\"></svg></div></div></div>"`;

exports[`renders component data 1`] = `"<div><div style=\\"height: 100%; width: 100%; user-select: none; pointer-events: none; position: relative;\\" class=\\"pf-c-chart\\"><svg width=\\"200\\" height=\\"200\\" role=\\"img\\" viewBox=\\"0 0 200 200\\" style=\\"pointer-events: all; width: 100%; height: 100%;\\"><g><g style=\\"height: 100%; width: 100%; user-select: none;\\" clip-path=\\"url(#victory-clip-6)\\"><defs><clipPath id=\\"victory-clip-6\\"><rect vector-effect=\\"non-scaling-stroke\\" x=\\"50\\" y=\\"50\\" width=\\"100\\" height=\\"100\\"></rect></clipPath></defs><path d=\\"M50,138.88888888888886L83.33333333333334,127.77777777777779L116.66666666666667,94.44444444444443L150,116.66666666666669\\" style=\\"fill: none; stroke: #06c; width: 3px; opacity: 1; stroke-width: 2;\\" role=\\"presentation\\" shape-rendering=\\"auto\\"></path></g><g style=\\"height: 100%; width: 100%; user-select: none;\\" clip-path=\\"url(#victory-clip-7)\\"><defs><clipPath id=\\"victory-clip-7\\"><rect vector-effect=\\"non-scaling-stroke\\" x=\\"50\\" y=\\"50\\" width=\\"100\\" height=\\"100\\"></rect></clipPath></defs><path d=\\"M50,127.77777777777779L83.33333333333334,138.88888888888886L116.66666666666667,72.22222222222223L150,105.55555555555557\\" style=\\"fill: none; stroke: #8bc1f7; width: 3px; opacity: 1; stroke-width: 2;\\" role=\\"presentation\\" shape-rendering=\\"auto\\"></path></g><g style=\\"height: 100%; width: 100%; user-select: none;\\" clip-path=\\"url(#victory-clip-8)\\"><defs><clipPath id=\\"victory-clip-8\\"><rect vector-effect=\\"non-scaling-stroke\\" x=\\"50\\" y=\\"50\\" width=\\"100\\" height=\\"100\\"></rect></clipPath></defs><path d=\\"M50,116.66666666666669L83.33333333333334,105.55555555555557L116.66666666666667,50L150,94.44444444444443\\" style=\\"fill: none; stroke: #002f5d; width: 3px; opacity: 1; stroke-width: 2;\\" role=\\"presentation\\" shape-rendering=\\"auto\\"></path></g><g style=\\"height: 100%; width: 100%; user-select: none;\\" clip-path=\\"url(#victory-clip-9)\\"><defs><clipPath id=\\"victory-clip-9\\"><rect vector-effect=\\"non-scaling-stroke\\" x=\\"50\\" y=\\"50\\" width=\\"100\\" height=\\"100\\"></rect></clipPath></defs><path d=\\"M50,116.66666666666669L83.33333333333334,116.66666666666669L116.66666666666667,61.111111111111114L150,72.22222222222223\\" style=\\"fill: none; stroke: #519de9; width: 3px; opacity: 1; stroke-width: 2;\\" role=\\"presentation\\" shape-rendering=\\"auto\\"></path></g></g><g role=\\"presentation\\"><line vector-effect=\\"non-scaling-stroke\\" style=\\"stroke: #d2d2d2; fill: transparent; stroke-width: 1; stroke-linecap: round; stroke-linejoin: round;\\" role=\\"presentation\\" shape-rendering=\\"auto\\" x1=\\"50\\" x2=\\"150\\" y1=\\"150\\" y2=\\"150\\"></line><g role=\\"presentation\\"><line vector-effect=\\"non-scaling-stroke\\" style=\\"stroke: #d2d2d2; fill: transparent; size: 5px; stroke-linecap: round; stroke-linejoin: round; stroke-width: 1;\\" role=\\"presentation\\" shape-rendering=\\"auto\\" x1=\\"50\\" x2=\\"50\\" y1=\\"150\\" y2=\\"155\\"></line><text direction=\\"inherit\\" dx=\\"0\\" x=\\"50\\" y=\\"176.97\\" id=\\"chart-axis-1-tickLabels-0\\"><tspan x=\\"50\\" dx=\\"0\\" dy=\\"0\\" text-anchor=\\"middle\\" style=\\"font-family: &quot;RedHatText&quot;,&quot;Overpass&quot;,overpass,helvetica,arial,sans-serif; font-size: 14px; letter-spacing: normal; padding: 10px; stroke: transparent; fill: #4f5255;\\">1.0</tspan></text></g><g role=\\"presentation\\"><line vector-effect=\\"non-scaling-stroke\\" style=\\"stroke: #d2d2d2; fill: transparent; size: 5px; stroke-linecap: round; stroke-linejoin: round; stroke-width: 1;\\" role=\\"presentation\\" shape-rendering=\\"auto\\" x1=\\"66.66666666666667\\" x2=\\"66.66666666666667\\" y1=\\"150\\" y2=\\"155\\"></line><text direction=\\"inherit\\" dx=\\"0\\" x=\\"66.66666666666667\\" y=\\"176.97\\" id=\\"chart-axis-1-tickLabels-1\\"><tspan x=\\"66.66666666666667\\" dx=\\"0\\" dy=\\"0\\" text-anchor=\\"middle\\" style=\\"font-family: &quot;RedHatText&quot;,&quot;Overpass&quot;,overpass,helvetica,arial,sans-serif; font-size: 14px; letter-spacing: normal; padding: 10px; stroke: transparent; fill: #4f5255;\\">1.5</tspan></text></g><g role=\\"presentation\\"><line vector-effect=\\"non-scaling-stroke\\" style=\\"stroke: #d2d2d2; fill: transparent; size: 5px; stroke-linecap: round; stroke-linejoin: round; stroke-width: 1;\\" role=\\"presentation\\" shape-rendering=\\"auto\\" x1=\\"83.33333333333334\\" x2=\\"83.33333333333334\\" y1=\\"150\\" y2=\\"155\\"></line><text direction=\\"inherit\\" dx=\\"0\\" x=\\"83.33333333333334\\" y=\\"176.97\\" id=\\"chart-axis-1-tickLabels-2\\"><tspan x=\\"83.33333333333334\\" dx=\\"0\\" dy=\\"0\\" text-anchor=\\"middle\\" style=\\"font-family: &quot;RedHatText&quot;,&quot;Overpass&quot;,overpass,helvetica,arial,sans-serif; font-size: 14px; letter-spacing: normal; padding: 10px; stroke: transparent; fill: #4f5255;\\">2.0</tspan></text></g><g role=\\"presentation\\"><line vector-effect=\\"non-scaling-stroke\\" style=\\"stroke: #d2d2d2; fill: transparent; size: 5px; stroke-linecap: round; stroke-linejoin: round; stroke-width: 1;\\" role=\\"presentation\\" shape-rendering=\\"auto\\" x1=\\"100\\" x2=\\"100\\" y1=\\"150\\" y2=\\"155\\"></line><text direction=\\"inherit\\" dx=\\"0\\" x=\\"100\\" y=\\"176.97\\" id=\\"chart-axis-1-tickLabels-3\\"><tspan x=\\"100\\" dx=\\"0\\" dy=\\"0\\" text-anchor=\\"middle\\" style=\\"font-family: &quot;RedHatText&quot;,&quot;Overpass&quot;,overpass,helvetica,arial,sans-serif; font-size: 14px; letter-spacing: normal; padding: 10px; stroke: transparent; fill: #4f5255;\\">2.5</tspan></text></g><g role=\\"presentation\\"><line vector-effect=\\"non-scaling-stroke\\" style=\\"stroke: #d2d2d2; fill: transparent; size: 5px; stroke-linecap: round; stroke-linejoin: round; stroke-width: 1;\\" role=\\"presentation\\" shape-rendering=\\"auto\\" x1=\\"116.66666666666667\\" x2=\\"116.66666666666667\\" y1=\\"150\\" y2=\\"155\\"></line><text direction=\\"inherit\\" dx=\\"0\\" x=\\"116.66666666666667\\" y=\\"176.97\\" id=\\"chart-axis-1-tickLabels-4\\"><tspan x=\\"116.66666666666667\\" dx=\\"0\\" dy=\\"0\\" text-anchor=\\"middle\\" style=\\"font-family: &quot;RedHatText&quot;,&quot;Overpass&quot;,overpass,helvetica,arial,sans-serif; font-size: 14px; letter-spacing: normal; padding: 10px; stroke: transparent; fill: #4f5255;\\">3.0</tspan></text></g><g role=\\"presentation\\"><line vector-effect=\\"non-scaling-stroke\\" style=\\"stroke: #d2d2d2; fill: transparent; size: 5px; stroke-linecap: round; stroke-linejoin: round; stroke-width: 1;\\" role=\\"presentation\\" shape-rendering=\\"auto\\" x1=\\"133.33333333333334\\" x2=\\"133.33333333333334\\" y1=\\"150\\" y2=\\"155\\"></line><text direction=\\"inherit\\" dx=\\"0\\" x=\\"133.33333333333334\\" y=\\"176.97\\" id=\\"chart-axis-1-tickLabels-5\\"><tspan x=\\"133.33333333333334\\" dx=\\"0\\" dy=\\"0\\" text-anchor=\\"middle\\" style=\\"font-family: &quot;RedHatText&quot;,&quot;Overpass&quot;,overpass,helvetica,arial,sans-serif; font-size: 14px; letter-spacing: normal; padding: 10px; stroke: transparent; fill: #4f5255;\\">3.5</tspan></text></g><g role=\\"presentation\\"><line vector-effect=\\"non-scaling-stroke\\" style=\\"stroke: #d2d2d2; fill: transparent; size: 5px; stroke-linecap: round; stroke-linejoin: round; stroke-width: 1;\\" role=\\"presentation\\" shape-rendering=\\"auto\\" x1=\\"150\\" x2=\\"150\\" y1=\\"150\\" y2=\\"155\\"></line><text direction=\\"inherit\\" dx=\\"0\\" x=\\"150\\" y=\\"176.97\\" id=\\"chart-axis-1-tickLabels-6\\"><tspan x=\\"150\\" dx=\\"0\\" dy=\\"0\\" text-anchor=\\"middle\\" style=\\"font-family: &quot;RedHatText&quot;,&quot;Overpass&quot;,overpass,helvetica,arial,sans-serif; font-size: 14px; letter-spacing: normal; padding: 10px; stroke: transparent; fill: #4f5255;\\">4.0</tspan></text></g></g><g role=\\"presentation\\"><line vector-effect=\\"non-scaling-stroke\\" style=\\"stroke: #d2d2d2; fill: transparent; stroke-width: 1; stroke-linecap: round; stroke-linejoin: round;\\" role=\\"presentation\\" shape-rendering=\\"auto\\" x1=\\"50\\" x2=\\"50\\" y1=\\"50\\" y2=\\"150\\"></line><g role=\\"presentation\\"><line vector-effect=\\"non-scaling-stroke\\" style=\\"stroke: #d2d2d2; fill: transparent; size: 5px; stroke-linecap: round; stroke-linejoin: round; stroke-width: 1;\\" role=\\"presentation\\" shape-rendering=\\"auto\\" x1=\\"50\\" x2=\\"45\\" y1=\\"127.77777777777779\\" y2=\\"127.77777777777779\\"></line><text direction=\\"inherit\\" dx=\\"0\\" x=\\"35\\" y=\\"132.7477777777778\\" id=\\"chart-axis-2-tickLabels-0\\"><tspan x=\\"35\\" dx=\\"0\\" dy=\\"0\\" text-anchor=\\"end\\" style=\\"font-family: &quot;RedHatText&quot;,&quot;Overpass&quot;,overpass,helvetica,arial,sans-serif; font-size: 14px; letter-spacing: normal; padding: 10px; stroke: transparent; fill: #4f5255;\\">2</tspan></text></g><g role=\\"presentation\\"><line vector-effect=\\"non-scaling-stroke\\" style=\\"stroke: #d2d2d2; fill: transparent; size: 5px; stroke-linecap: round; stroke-linejoin: round; stroke-width: 1;\\" role=\\"presentation\\" shape-rendering=\\"auto\\" x1=\\"50\\" x2=\\"45\\" y1=\\"105.55555555555557\\" y2=\\"105.55555555555557\\"></line><text direction=\\"inherit\\" dx=\\"0\\" x=\\"35\\" y=\\"110.52555555555557\\" id=\\"chart-axis-2-tickLabels-1\\"><tspan x=\\"35\\" dx=\\"0\\" dy=\\"0\\" text-anchor=\\"end\\" style=\\"font-family: &quot;RedHatText&quot;,&quot;Overpass&quot;,overpass,helvetica,arial,sans-serif; font-size: 14px; letter-spacing: normal; padding: 10px; stroke: transparent; fill: #4f5255;\\">4</tspan></text></g><g role=\\"presentation\\"><line vector-effect=\\"non-scaling-stroke\\" style=\\"stroke: #d2d2d2; fill: transparent; size: 5px; stroke-linecap: round; stroke-linejoin: round; stroke-width: 1;\\" role=\\"presentation\\" shape-rendering=\\"auto\\" x1=\\"50\\" x2=\\"45\\" y1=\\"83.33333333333334\\" y2=\\"83.33333333333334\\"></line><text direction=\\"inherit\\" dx=\\"0\\" x=\\"35\\" y=\\"88.30333333333334\\" id=\\"chart-axis-2-tickLabels-2\\"><tspan x=\\"35\\" dx=\\"0\\" dy=\\"0\\" text-anchor=\\"end\\" style=\\"font-family: &quot;RedHatText&quot;,&quot;Overpass&quot;,overpass,helvetica,arial,sans-serif; font-size: 14px; letter-spacing: normal; padding: 10px; stroke: transparent; fill: #4f5255;\\">6</tspan></text></g><g role=\\"presentation\\"><line vector-effect=\\"non-scaling-stroke\\" style=\\"stroke: #d2d2d2; fill: transparent; size: 5px; stroke-linecap: round; stroke-linejoin: round; stroke-width: 1;\\" role=\\"presentation\\" shape-rendering=\\"auto\\" x1=\\"50\\" x2=\\"45\\" y1=\\"61.111111111111114\\" y2=\\"61.111111111111114\\"></line><text direction=\\"inherit\\" dx=\\"0\\" x=\\"35\\" y=\\"66.08111111111111\\" id=\\"chart-axis-2-tickLabels-3\\"><tspan x=\\"35\\" dx=\\"0\\" dy=\\"0\\" text-anchor=\\"end\\" style=\\"font-family: &quot;RedHatText&quot;,&quot;Overpass&quot;,overpass,helvetica,arial,sans-serif; font-size: 14px; letter-spacing: normal; padding: 10px; stroke: transparent; fill: #4f5255;\\">8</tspan></text></g></g></svg><div style=\\"z-index: 99; position: absolute; top: 0px; left: 0px; width: 100%; height: 100%;\\"><svg width=\\"200\\" height=\\"200\\" viewBox=\\"0 0 200 200\\" style=\\"overflow: visible; width: 100%; height: 100%;\\"></svg></div></div></div>"`;
