// Jest Snapshot v1, https://goo.gl/fbAQLP

exports[`Text example should match snapshot 1`] = `"<div><div class=\\"pf-c-content\\"><h1 data-ouia-component-type=\\"PF4/Text\\" data-ouia-safe=\\"true\\" data-ouia-component-id=\\"OUIA-Generated-Text-1\\" data-pf-content=\\"true\\" class=\\"\\">Hello World</h1><p data-ouia-component-type=\\"PF4/Text\\" data-ouia-safe=\\"true\\" data-ouia-component-id=\\"OUIA-Generated-Text-2\\" data-pf-content=\\"true\\" class=\\"\\">Lorem ipsum dolor sit amet, consectetur adipiscing elit. Nulla accumsan, metus ultrices eleifend gravida, nulla nunc varius lectus, nec rutrum justo nibh eu lectus. Ut vulputate semper dui. Fusce erat odio, sollicitudin vel erat vel, interdum mattis neque. Sub works as well!</p><h2 data-ouia-component-type=\\"PF4/Text\\" data-ouia-safe=\\"true\\" data-ouia-component-id=\\"OUIA-Generated-Text-3\\" data-pf-content=\\"true\\" class=\\"\\">Second level</h2><p data-ouia-component-type=\\"PF4/Text\\" data-ouia-safe=\\"true\\" data-ouia-component-id=\\"OUIA-Generated-Text-4\\" data-pf-content=\\"true\\" class=\\"\\">Curabitur accumsan turpis pharetra <strong>augue tincidunt</strong> blandit. Quisque condimentum maximus mi, sit amet commodo arcu rutrum id. Proin pretium urna vel cursus venenatis. Suspendisse potenti. Etiam mattis sem rhoncus lacus dapibus facilisis. Donec at dignissim dui. Ut et neque nisl.</p><ul data-pf-content=\\"true\\" class=\\"\\"><li data-pf-content=\\"true\\" class=\\"\\">In fermentum leo eu lectus mollis, quis dictum mi aliquet.</li><li data-pf-content=\\"true\\" class=\\"\\">Morbi eu nulla lobortis, lobortis est in, fringilla felis.</li><li data-pf-content=\\"true\\" class=\\"\\">Aliquam nec felis in sapien venenatis viverra fermentum nec lectus.<ul data-pf-content=\\"true\\" class=\\"\\"><li data-pf-content=\\"true\\" class=\\"\\">In fermentum leo eu lectus mollis, quis dictum mi aliquet.</li><li data-pf-content=\\"true\\" class=\\"\\">Morbi eu nulla lobortis, lobortis est in, fringilla felis.</li></ul></li><li data-pf-content=\\"true\\" class=\\"\\">Ut non enim metus.</li></ul><h3 data-ouia-component-type=\\"PF4/Text\\" data-ouia-safe=\\"true\\" data-ouia-component-id=\\"OUIA-Generated-Text-5\\" data-pf-content=\\"true\\" class=\\"\\">Third level</h3><p data-ouia-component-type=\\"PF4/Text\\" data-ouia-safe=\\"true\\" data-ouia-component-id=\\"OUIA-Generated-Text-6\\" data-pf-content=\\"true\\" class=\\"\\">Quisque ante lacus, malesuada ac auctor vitae, congue <a data-ouia-component-type=\\"PF4/Text\\" data-ouia-safe=\\"true\\" data-ouia-component-id=\\"OUIA-Generated-Text-7\\" href=\\"#\\" data-pf-content=\\"true\\" class=\\"\\">non ante</a>. Phasellus lacus ex, semper ac tortor nec, fringilla condimentum orci. Fusce eu rutrum tellus.</p><ol data-pf-content=\\"true\\" class=\\"\\"><li data-pf-content=\\"true\\" class=\\"\\">Donec blandit a lorem id convallis.</li><li data-pf-content=\\"true\\" class=\\"\\">Cras gravida arcu at diam gravida gravida.</li><li data-pf-content=\\"true\\" class=\\"\\">Integer in volutpat libero.</li><li data-pf-content=\\"true\\" class=\\"\\">Donec a diam tellus.</li><li data-pf-content=\\"true\\" class=\\"\\">Aenean nec tortor orci.</li><li data-pf-content=\\"true\\" class=\\"\\">Quisque aliquam cursus urna, non bibendum massa viverra eget.</li><li data-pf-content=\\"true\\" class=\\"\\">Vivamus maximus ultricies pulvinar.</li></ol><blockquote data-ouia-component-type=\\"PF4/Text\\" data-ouia-safe=\\"true\\" data-ouia-component-id=\\"OUIA-Generated-Text-8\\" data-pf-content=\\"true\\" class=\\"\\">Ut venenatis, nisl scelerisque sollicitudin fermentum, quam libero hendrerit ipsum, ut blandit est tellus sit amet turpis.</blockquote><p data-ouia-component-type=\\"PF4/Text\\" data-ouia-safe=\\"true\\" data-ouia-component-id=\\"OUIA-Generated-Text-9\\" data-pf-content=\\"true\\" class=\\"\\">Quisque at semper enim, eu hendrerit odio. Etiam auctor nisl et <em>justo sodales</em> elementum. Maecenas ultrices lacus quis neque consectetur, et lobortis nisi molestie.</p><p data-ouia-component-type=\\"PF4/Text\\" data-ouia-safe=\\"true\\" data-ouia-component-id=\\"OUIA-Generated-Text-10\\" data-pf-content=\\"true\\" class=\\"\\">Sed sagittis enim ac tortor maximus rutrum. Nulla facilisi. Donec mattis vulputate risus in luctus. Maecenas vestibulum interdum commodo.</p><dl data-pf-content=\\"true\\" class=\\"\\"><dt data-pf-content=\\"true\\" class=\\"\\">Web</dt><dd data-pf-content=\\"true\\" class=\\"\\">The part of the Internet that contains websites and web pages</dd><dt data-pf-content=\\"true\\" class=\\"\\">HTML</dt><dd data-pf-content=\\"true\\" class=\\"\\">A markup language for creating web pages</dd><dt data-pf-content=\\"true\\" class=\\"\\">CSS</dt><dd data-pf-content=\\"true\\" class=\\"\\">A technology to make HTML look better</dd></dl><p data-ouia-component-type=\\"PF4/Text\\" data-ouia-safe=\\"true\\" data-ouia-component-id=\\"OUIA-Generated-Text-11\\" data-pf-content=\\"true\\" class=\\"\\">Suspendisse egestas sapien non felis placerat elementum. Morbi tortor nisl, suscipit sed mi sit amet, mollis malesuada nulla. Nulla facilisi. Nullam ac erat ante.</p><h4 data-ouia-component-type=\\"PF4/Text\\" data-ouia-safe=\\"true\\" data-ouia-component-id=\\"OUIA-Generated-Text-12\\" data-pf-content=\\"true\\" class=\\"\\">Fourth level</h4><p data-ouia-component-type=\\"PF4/Text\\" data-ouia-safe=\\"true\\" data-ouia-component-id=\\"OUIA-Generated-Text-13\\" data-pf-content=\\"true\\" class=\\"\\">Nulla efficitur eleifend nisi, sit amet bibendum sapien fringilla ac. Mauris euismod metus a tellus laoreet, at elementum ex efficitur.</p><p data-ouia-component-type=\\"PF4/Text\\" data-ouia-safe=\\"true\\" data-ouia-component-id=\\"OUIA-Generated-Text-14\\" data-pf-content=\\"true\\" class=\\"\\">Maecenas eleifend sollicitudin dui, faucibus sollicitudin augue cursus non. Ut finibus eleifend arcu ut vehicula. Mauris eu est maximus est porta condimentum in eu justo. Nulla id iaculis sapien.</p><small data-ouia-component-type=\\"PF4/Text\\" data-ouia-safe=\\"true\\" data-ouia-component-id=\\"OUIA-Generated-Text-15\\" data-pf-content=\\"true\\" class=\\"\\">Sometimes you need small text to display things like date created</small><p data-ouia-component-type=\\"PF4/Text\\" data-ouia-safe=\\"true\\" data-ouia-component-id=\\"OUIA-Generated-Text-16\\" data-pf-content=\\"true\\" class=\\"\\">Phasellus porttitor enim id metus volutpat ultricies. Ut nisi nunc, blandit sed dapibus at, vestibulum in felis. Etiam iaculis lorem ac nibh bibendum rhoncus. Nam interdum efficitur ligula sit amet ullamcorper. Etiam tristique, leo vitae porta faucibus, mi lacus laoreet metus, at cursus leo est vel tellus. Sed ac posuere est. Nunc ultricies nunc neque, vitae ultricies ex sodales quis. Aliquam eu nibh in libero accumsan pulvinar. Nullam nec nisl placerat, pretium metus vel, euismod ipsum. Proin tempor cursus nisl vel condimentum. Nam pharetra varius metus non pellentesque.</p><h5 data-ouia-component-type=\\"PF4/Text\\" data-ouia-safe=\\"true\\" data-ouia-component-id=\\"OUIA-Generated-Text-17\\" data-pf-content=\\"true\\" class=\\"\\">Fifth level</h5><p data-ouia-component-type=\\"PF4/Text\\" data-ouia-safe=\\"true\\" data-ouia-component-id=\\"OUIA-Generated-Text-18\\" data-pf-content=\\"true\\" class=\\"\\">Aliquam sagittis rhoncus vulputate. Cras non luctus sem, sed tincidunt ligula. Vestibulum at nunc elit. Praesent aliquet ligula mi, in luctus elit volutpat porta. Phasellus molestie diam vel nisi sodales, a eleifend augue laoreet. Sed nec eleifend justo. Nam et sollicitudin odio.</p><h6 data-ouia-component-type=\\"PF4/Text\\" data-ouia-safe=\\"true\\" data-ouia-component-id=\\"OUIA-Generated-Text-19\\" data-pf-content=\\"true\\" class=\\"\\">Sixth level</h6><p data-ouia-component-type=\\"PF4/Text\\" data-ouia-safe=\\"true\\" data-ouia-component-id=\\"OUIA-Generated-Text-20\\" data-pf-content=\\"true\\" class=\\"\\">Cras in nibh lacinia, venenatis nisi et, auctor urna. Donec pulvinar lacus sed diam dignissim, ut eleifend eros accumsan. Phasellus non tortor eros. Ut sed rutrum lacus. Etiam purus nunc, scelerisque quis enim vitae, malesuada ultrices turpis. Nunc vitae maximus purus, nec consectetur dui. Suspendisse euismod, elit vel rutrum commodo, ipsum tortor maximus dui, sed varius sapien odio vitae est. Etiam at cursus metus.</p></div></div>"`;
