// Jest Snapshot v1, https://goo.gl/fbAQLP

exports[`LabelGroup label group compact 1`] = `"<ul class=\\"pf-c-label-group__list\\" aria-label=\\"Label group category\\" role=\\"list\\" data-testid=\\"label-group-test-id\\"><li class=\\"pf-c-label-group__list-item\\"><span class=\\"pf-c-label pf-m-compact\\"><span class=\\"pf-c-label__content\\">1</span></span></li><li class=\\"pf-c-label-group__list-item\\"><span class=\\"pf-c-label pf-m-compact\\"><span class=\\"pf-c-label__content\\">2</span></span></li><li class=\\"pf-c-label-group__list-item\\"><span class=\\"pf-c-label pf-m-compact\\"><span class=\\"pf-c-label__content\\">3</span></span></li><li class=\\"pf-c-label-group__list-item\\"><button class=\\"pf-c-label pf-m-overflow pf-m-compact\\"><span class=\\"pf-c-label__content\\">1 more</span></button></li></ul>"`;

exports[`LabelGroup label group default 1`] = `"<ul class=\\"pf-c-label-group__list\\" aria-label=\\"Label group category\\" role=\\"list\\" data-testid=\\"label-group-test-id\\"><li class=\\"pf-c-label-group__list-item\\"><span class=\\"pf-c-label\\"><span class=\\"pf-c-label__content\\">1.1</span></span></li></ul>"`;

exports[`LabelGroup label group with category 1`] = `"<ul class=\\"pf-c-label-group__list\\" aria-labelledby=\\"pf-random-id-1\\" role=\\"list\\" data-testid=\\"label-group-test-id\\"><li class=\\"pf-c-label-group__list-item\\"><span class=\\"pf-c-label\\"><span class=\\"pf-c-label__content\\">1.1</span></span></li></ul>"`;

exports[`LabelGroup label group with category and tooltip 1`] = `"<ul class=\\"pf-c-label-group__list\\" aria-labelledby=\\"pf-random-id-4\\" role=\\"list\\" data-testid=\\"label-group-test-id\\"><li class=\\"pf-c-label-group__list-item\\"><span class=\\"pf-c-label\\"><span class=\\"pf-c-label__content\\">1.1</span></span></li></ul>"`;

exports[`LabelGroup label group with closable category 1`] = `"<ul class=\\"pf-c-label-group__list\\" aria-labelledby=\\"pf-random-id-2\\" role=\\"list\\" data-testid=\\"label-group-test-id\\"><li class=\\"pf-c-label-group__list-item\\"><span class=\\"pf-c-label\\"><span class=\\"pf-c-label__content\\">1.1</span></span></li></ul>"`;
