// Jest Snapshot v1, https://goo.gl/fbAQLP

exports[`OptionsMenuItemGroup should match snapshot (auto-generated) 1`] = `"<div><section arialabel=\\"''\\" class=\\"pf-c-options-menu__group\\"><ul class=\\"''\\" aria-label=\\"\\">ReactNode</ul></section></div>"`;
