// Jest Snapshot v1, https://goo.gl/fbAQLP

exports[`AccessConsoles Empty 1`] = `"<div class=\\"pf-c-console\\"></div>"`;

exports[`AccessConsoles with DesktopViewer 1`] = `"<div class=\\"pf-c-console\\"></div>"`;

exports[`AccessConsoles with SerialConsole and VncConsole as children 1`] = `"<div class=\\"pf-c-console\\"><div class=\\"pf-c-console__actions\\"><div class=\\"pf-c-select\\" data-ouia-component-type=\\"PF4/Select\\" data-ouia-safe=\\"true\\" data-ouia-component-id=\\"OUIA-Generated-Select-single-1\\"><button id=\\"pf-c-console__type-selector\\" aria-labelledby=\\" pf-c-console__type-selector\\" aria-expanded=\\"false\\" aria-haspopup=\\"listbox\\" type=\\"button\\" class=\\"pf-c-select__toggle\\" aria-label=\\"Options menu\\"><div class=\\"pf-c-select__toggle-wrapper\\"><span class=\\"pf-c-select__toggle-text\\">Select console type</span></div><span class=\\"pf-c-select__toggle-arrow\\"><svg style=\\"vertical-align: -0.125em;\\" fill=\\"currentColor\\" height=\\"1em\\" width=\\"1em\\" viewBox=\\"0 0 320 512\\" aria-hidden=\\"true\\" role=\\"img\\"><path d=\\"M31.3 192h257.3c17.8 0 26.7 21.5 14.1 34.1L174.1 354.8c-7.8 7.8-20.5 7.8-28.3 0L17.2 226.1C4.6 213.5 13.5 192 31.3 192z\\"></path></svg></span></button></div></div></div>"`;

exports[`AccessConsoles with SerialConsole as a single child 1`] = `"<div class=\\"pf-c-console\\"></div>"`;

exports[`AccessConsoles with VncConsole as a single child 1`] = `"<div class=\\"pf-c-console\\"></div>"`;

exports[`AccessConsoles with preselected SerialConsole 1`] = `"<div class=\\"pf-c-empty-state__body\\">Loading ...</div>"`;

exports[`AccessConsoles with wrapped SerialConsole as a child 1`] = `"<div class=\\"pf-c-console\\"><p>Serial console text</p></div>"`;
