// Jest Snapshot v1, https://goo.gl/fbAQLP

exports[`SimpleList renders content 1`] = `"<div class=\\"pf-c-simple-list\\" data-testid=\\"test-id\\"><ul><li class=\\"\\"><button class=\\"pf-c-simple-list__item-link\\" type=\\"button\\">Item 1</button></li><li class=\\"\\"><button class=\\"pf-c-simple-list__item-link\\" type=\\"button\\">Item 2</button></li><li class=\\"\\"><button class=\\"pf-c-simple-list__item-link\\" type=\\"button\\">Item 3</button></li></ul></div>"`;

exports[`SimpleList renders grouped content 1`] = `"<div class=\\"pf-c-simple-list\\" data-testid=\\"test-id\\"><section class=\\"pf-c-simple-list__section\\"><h2 id=\\"\\" class=\\"pf-c-simple-list__title\\" aria-hidden=\\"true\\">Group 1</h2><ul class=\\"\\" aria-labelledby=\\"\\"><li class=\\"\\"><button class=\\"pf-c-simple-list__item-link\\" type=\\"button\\">Item 1</button></li><li class=\\"\\"><button class=\\"pf-c-simple-list__item-link\\" type=\\"button\\">Item 2</button></li><li class=\\"\\"><button class=\\"pf-c-simple-list__item-link\\" type=\\"button\\">Item 3</button></li></ul></section></div>"`;
