// Jest Snapshot v1, https://goo.gl/fbAQLP

exports[`ChartDonutUtilization 1`] = `"<div><div style=\\"pointer-events: none; position: relative; width: 100%; height: 100%;\\" class=\\"pf-c-chart\\"><svg width=\\"230\\" height=\\"230\\" role=\\"img\\" viewBox=\\"0 0 230 230\\" style=\\"pointer-events: all; width: 100%; height: 100%;\\"><g><path d=\\"M5.8170722959499274e-15,-95L5.2659812363336185e-15,-86Z\\" style=\\"fill: #06c; padding: 8px; stroke: transparent; stroke-width: 1;\\" transform=\\"translate(115, 115)\\" role=\\"presentation\\" shape-rendering=\\"auto\\"></path><path d=\\"M5.8170722959499274e-15,-95A95,95,0,1,1,-5.8170722959499274e-15,95A95,95,0,1,1,5.8170722959499274e-15,-95M6.058540038520991e-14,-86A86,86,0,1,0,-6.058540038520991e-14,86A86,86,0,1,0,6.058540038520991e-14,-86Z\\" style=\\"fill: #f0f0f0; padding: 8px; stroke: transparent; stroke-width: 1;\\" transform=\\"translate(115, 115)\\" role=\\"presentation\\" shape-rendering=\\"auto\\"></path></g></svg><div style=\\"z-index: 99; position: absolute; top: 0px; left: 0px; width: 100%; height: 100%;\\"><svg width=\\"230\\" height=\\"230\\" viewBox=\\"0 0 230 230\\" style=\\"overflow: visible; width: 100%; height: 100%;\\"></svg></div></div></div>"`;

exports[`ChartDonutUtilization 2`] = `"<div><div style=\\"pointer-events: none; position: relative; width: 100%; height: 100%;\\" class=\\"pf-c-chart\\"><svg width=\\"230\\" height=\\"230\\" role=\\"img\\" viewBox=\\"0 0 230 230\\" style=\\"pointer-events: all; width: 100%; height: 100%;\\"><g><path d=\\"M5.8170722959499274e-15,-95L5.2659812363336185e-15,-86Z\\" style=\\"fill: #06c; padding: 8px; stroke: transparent; stroke-width: 1;\\" transform=\\"translate(115, 115)\\" role=\\"presentation\\" shape-rendering=\\"auto\\"></path><path d=\\"M5.8170722959499274e-15,-95A95,95,0,1,1,-5.8170722959499274e-15,95A95,95,0,1,1,5.8170722959499274e-15,-95M6.058540038520991e-14,-86A86,86,0,1,0,-6.058540038520991e-14,86A86,86,0,1,0,6.058540038520991e-14,-86Z\\" style=\\"fill: #f0f0f0; padding: 8px; stroke: transparent; stroke-width: 1;\\" transform=\\"translate(115, 115)\\" role=\\"presentation\\" shape-rendering=\\"auto\\"></path></g></svg><div style=\\"z-index: 99; position: absolute; top: 0px; left: 0px; width: 100%; height: 100%;\\"><svg width=\\"230\\" height=\\"230\\" viewBox=\\"0 0 230 230\\" style=\\"overflow: visible; width: 100%; height: 100%;\\"></svg></div></div></div>"`;

exports[`renders component data 1`] = `"<div><div style=\\"pointer-events: none; position: relative; width: 100%; height: 100%;\\" class=\\"pf-c-chart\\"><svg width=\\"200\\" height=\\"200\\" role=\\"img\\" viewBox=\\"0 0 200 200\\" style=\\"pointer-events: all; width: 100%; height: 100%;\\"><g><path d=\\"M0.9334130156923648,-79.99455444055012A80,80,0,0,1,65.26560040477878,46.26447237139683L57.983888959835994,40.97399932998254A71,71,0,0,0,0.9334130156923663,-70.99386410206263Z\\" style=\\"fill: #06c; padding: 8px; stroke: transparent; stroke-width: 1;\\" transform=\\"translate(100, 100)\\" role=\\"presentation\\" shape-rendering=\\"auto\\"></path><path d=\\"M64.16830759493514,47.77476635632862A80,80,0,1,1,-0.9334130156924101,-79.99455444055012L-0.9334130156923751,-70.99386410206263A71,71,0,1,0,56.88659614999237,42.48429331491432Z\\" style=\\"fill: #f0f0f0; padding: 8px; stroke: transparent; stroke-width: 1;\\" transform=\\"translate(100, 100)\\" role=\\"presentation\\" shape-rendering=\\"auto\\"></path></g></svg><div style=\\"z-index: 99; position: absolute; top: 0px; left: 0px; width: 100%; height: 100%;\\"><svg width=\\"200\\" height=\\"200\\" viewBox=\\"0 0 200 200\\" style=\\"overflow: visible; width: 100%; height: 100%;\\"></svg></div></div></div>"`;
