// Jest Snapshot v1, https://goo.gl/fbAQLP

exports[`NotificationDrawerListItemHeader className is added to the root element 1`] = `"pf-c-notification-drawer__list-item-header-title"`;

exports[`NotificationDrawerListItemHeader list item header with custom icon applied  1`] = `"pf-c-notification-drawer__list-item-header-title"`;

exports[`NotificationDrawerListItemHeader list item header with srTitle applied  1`] = `"pf-c-notification-drawer__list-item-header-title"`;

exports[`NotificationDrawerListItemHeader list item header with variant applied  1`] = `"pf-c-notification-drawer__list-item-header-title"`;

exports[`NotificationDrawerListItemHeader renders with PatternFly Core styles 1`] = `"<h2 class=\\"pf-c-notification-drawer__list-item-header-title\\">Pod quit unexpectedly</h2>"`;
