// Jest Snapshot v1, https://goo.gl/fbAQLP

exports[`NotificationDrawerGroup className is added to the root element 1`] = `"pf-c-notification-drawer__group-toggle-title"`;

exports[`NotificationDrawerGroup drawer group with isExpanded applied  1`] = `"<div class=\\"pf-c-notification-drawer__group-toggle-title\\">Critical Alerts</div>"`;

exports[`NotificationDrawerGroup drawer group with isRead applied  1`] = `"<div class=\\"pf-c-notification-drawer__group-toggle-title\\">Critical Alerts</div>"`;

exports[`NotificationDrawerGroup renders with PatternFly Core styles 1`] = `"<div class=\\"pf-c-notification-drawer__group-toggle-title\\">Critical Alerts</div>"`;
