// Jest Snapshot v1, https://goo.gl/fbAQLP

exports[`NotificationDrawerListItemBody className is added to the root element 1`] = `"pf-c-notification-drawer__list-item-description extra-class"`;

exports[`NotificationDrawerListItemBody list item body with timestamp property applied 1`] = `"pf-c-notification-drawer__list-item-description"`;

exports[`NotificationDrawerListItemBody renders with PatternFly Core styles 1`] = `"<div data-testid=\\"test-id\\" class=\\"pf-c-notification-drawer__list-item-description\\"></div>"`;
