// Jest Snapshot v1, https://goo.gl/fbAQLP

exports[`ChartAxis 1`] = `"<div><div style=\\"height: 100%; width: 100%; pointer-events: none; position: relative;\\" class=\\"pf-c-chart\\"><svg width=\\"450\\" height=\\"300\\" role=\\"img\\" viewBox=\\"0 0 450 300\\" style=\\"pointer-events: all; width: 100%; height: 100%;\\"><line vector-effect=\\"non-scaling-stroke\\" style=\\"stroke: #d2d2d2; fill: transparent; stroke-width: 1; stroke-linecap: round; stroke-linejoin: round;\\" role=\\"presentation\\" shape-rendering=\\"auto\\" x1=\\"50\\" x2=\\"400\\" y1=\\"250\\" y2=\\"250\\"></line><g role=\\"presentation\\"><line vector-effect=\\"non-scaling-stroke\\" style=\\"stroke: #d2d2d2; fill: transparent; size: 5px; stroke-linecap: round; stroke-linejoin: round; stroke-width: 1;\\" role=\\"presentation\\" shape-rendering=\\"auto\\" x1=\\"50\\" x2=\\"50\\" y1=\\"250\\" y2=\\"255\\"></line><text direction=\\"inherit\\" dx=\\"0\\" x=\\"50\\" y=\\"276.97\\" id=\\"axis-tickLabels-0\\"><tspan x=\\"50\\" dx=\\"0\\" dy=\\"0\\" text-anchor=\\"middle\\" style=\\"font-family: &quot;RedHatText&quot;,&quot;Overpass&quot;,overpass,helvetica,arial,sans-serif; font-size: 14px; letter-spacing: normal; padding: 10px; stroke: transparent; fill: #4f5255;\\">0.0</tspan></text></g><g role=\\"presentation\\"><line vector-effect=\\"non-scaling-stroke\\" style=\\"stroke: #d2d2d2; fill: transparent; size: 5px; stroke-linecap: round; stroke-linejoin: round; stroke-width: 1;\\" role=\\"presentation\\" shape-rendering=\\"auto\\" x1=\\"120\\" x2=\\"120\\" y1=\\"250\\" y2=\\"255\\"></line><text direction=\\"inherit\\" dx=\\"0\\" x=\\"120\\" y=\\"276.97\\" id=\\"axis-tickLabels-1\\"><tspan x=\\"120\\" dx=\\"0\\" dy=\\"0\\" text-anchor=\\"middle\\" style=\\"font-family: &quot;RedHatText&quot;,&quot;Overpass&quot;,overpass,helvetica,arial,sans-serif; font-size: 14px; letter-spacing: normal; padding: 10px; stroke: transparent; fill: #4f5255;\\">0.2</tspan></text></g><g role=\\"presentation\\"><line vector-effect=\\"non-scaling-stroke\\" style=\\"stroke: #d2d2d2; fill: transparent; size: 5px; stroke-linecap: round; stroke-linejoin: round; stroke-width: 1;\\" role=\\"presentation\\" shape-rendering=\\"auto\\" x1=\\"190\\" x2=\\"190\\" y1=\\"250\\" y2=\\"255\\"></line><text direction=\\"inherit\\" dx=\\"0\\" x=\\"190\\" y=\\"276.97\\" id=\\"axis-tickLabels-2\\"><tspan x=\\"190\\" dx=\\"0\\" dy=\\"0\\" text-anchor=\\"middle\\" style=\\"font-family: &quot;RedHatText&quot;,&quot;Overpass&quot;,overpass,helvetica,arial,sans-serif; font-size: 14px; letter-spacing: normal; padding: 10px; stroke: transparent; fill: #4f5255;\\">0.4</tspan></text></g><g role=\\"presentation\\"><line vector-effect=\\"non-scaling-stroke\\" style=\\"stroke: #d2d2d2; fill: transparent; size: 5px; stroke-linecap: round; stroke-linejoin: round; stroke-width: 1;\\" role=\\"presentation\\" shape-rendering=\\"auto\\" x1=\\"260\\" x2=\\"260\\" y1=\\"250\\" y2=\\"255\\"></line><text direction=\\"inherit\\" dx=\\"0\\" x=\\"260\\" y=\\"276.97\\" id=\\"axis-tickLabels-3\\"><tspan x=\\"260\\" dx=\\"0\\" dy=\\"0\\" text-anchor=\\"middle\\" style=\\"font-family: &quot;RedHatText&quot;,&quot;Overpass&quot;,overpass,helvetica,arial,sans-serif; font-size: 14px; letter-spacing: normal; padding: 10px; stroke: transparent; fill: #4f5255;\\">0.6</tspan></text></g><g role=\\"presentation\\"><line vector-effect=\\"non-scaling-stroke\\" style=\\"stroke: #d2d2d2; fill: transparent; size: 5px; stroke-linecap: round; stroke-linejoin: round; stroke-width: 1;\\" role=\\"presentation\\" shape-rendering=\\"auto\\" x1=\\"330\\" x2=\\"330\\" y1=\\"250\\" y2=\\"255\\"></line><text direction=\\"inherit\\" dx=\\"0\\" x=\\"330\\" y=\\"276.97\\" id=\\"axis-tickLabels-4\\"><tspan x=\\"330\\" dx=\\"0\\" dy=\\"0\\" text-anchor=\\"middle\\" style=\\"font-family: &quot;RedHatText&quot;,&quot;Overpass&quot;,overpass,helvetica,arial,sans-serif; font-size: 14px; letter-spacing: normal; padding: 10px; stroke: transparent; fill: #4f5255;\\">0.8</tspan></text></g><g role=\\"presentation\\"><line vector-effect=\\"non-scaling-stroke\\" style=\\"stroke: #d2d2d2; fill: transparent; size: 5px; stroke-linecap: round; stroke-linejoin: round; stroke-width: 1;\\" role=\\"presentation\\" shape-rendering=\\"auto\\" x1=\\"400\\" x2=\\"400\\" y1=\\"250\\" y2=\\"255\\"></line><text direction=\\"inherit\\" dx=\\"0\\" x=\\"400\\" y=\\"276.97\\" id=\\"axis-tickLabels-5\\"><tspan x=\\"400\\" dx=\\"0\\" dy=\\"0\\" text-anchor=\\"middle\\" style=\\"font-family: &quot;RedHatText&quot;,&quot;Overpass&quot;,overpass,helvetica,arial,sans-serif; font-size: 14px; letter-spacing: normal; padding: 10px; stroke: transparent; fill: #4f5255;\\">1.0</tspan></text></g></svg><div style=\\"z-index: 99; position: absolute; top: 0px; left: 0px; width: 100%; height: 100%;\\"><svg width=\\"450\\" height=\\"300\\" viewBox=\\"0 0 450 300\\" style=\\"overflow: visible; width: 100%; height: 100%;\\"></svg></div></div></div>"`;

exports[`ChartAxis 2`] = `"<div><div style=\\"height: 100%; width: 100%; pointer-events: none; position: relative;\\" class=\\"pf-c-chart\\"><svg width=\\"450\\" height=\\"300\\" role=\\"img\\" viewBox=\\"0 0 450 300\\" style=\\"pointer-events: all; width: 100%; height: 100%;\\"><line vector-effect=\\"non-scaling-stroke\\" style=\\"stroke: #d2d2d2; fill: transparent; stroke-width: 1; stroke-linecap: round; stroke-linejoin: round;\\" role=\\"presentation\\" shape-rendering=\\"auto\\" x1=\\"50\\" x2=\\"400\\" y1=\\"250\\" y2=\\"250\\"></line><g role=\\"presentation\\"><line vector-effect=\\"non-scaling-stroke\\" style=\\"stroke: #d2d2d2; fill: transparent; size: 5px; stroke-linecap: round; stroke-linejoin: round; stroke-width: 1;\\" role=\\"presentation\\" shape-rendering=\\"auto\\" x1=\\"50\\" x2=\\"50\\" y1=\\"250\\" y2=\\"255\\"></line><text direction=\\"inherit\\" dx=\\"0\\" x=\\"50\\" y=\\"276.97\\" id=\\"axis-tickLabels-0\\"><tspan x=\\"50\\" dx=\\"0\\" dy=\\"0\\" text-anchor=\\"middle\\" style=\\"font-family: &quot;RedHatText&quot;,&quot;Overpass&quot;,overpass,helvetica,arial,sans-serif; font-size: 14px; letter-spacing: normal; padding: 10px; stroke: transparent; fill: #4f5255;\\">0.0</tspan></text></g><g role=\\"presentation\\"><line vector-effect=\\"non-scaling-stroke\\" style=\\"stroke: #d2d2d2; fill: transparent; size: 5px; stroke-linecap: round; stroke-linejoin: round; stroke-width: 1;\\" role=\\"presentation\\" shape-rendering=\\"auto\\" x1=\\"120\\" x2=\\"120\\" y1=\\"250\\" y2=\\"255\\"></line><text direction=\\"inherit\\" dx=\\"0\\" x=\\"120\\" y=\\"276.97\\" id=\\"axis-tickLabels-1\\"><tspan x=\\"120\\" dx=\\"0\\" dy=\\"0\\" text-anchor=\\"middle\\" style=\\"font-family: &quot;RedHatText&quot;,&quot;Overpass&quot;,overpass,helvetica,arial,sans-serif; font-size: 14px; letter-spacing: normal; padding: 10px; stroke: transparent; fill: #4f5255;\\">0.2</tspan></text></g><g role=\\"presentation\\"><line vector-effect=\\"non-scaling-stroke\\" style=\\"stroke: #d2d2d2; fill: transparent; size: 5px; stroke-linecap: round; stroke-linejoin: round; stroke-width: 1;\\" role=\\"presentation\\" shape-rendering=\\"auto\\" x1=\\"190\\" x2=\\"190\\" y1=\\"250\\" y2=\\"255\\"></line><text direction=\\"inherit\\" dx=\\"0\\" x=\\"190\\" y=\\"276.97\\" id=\\"axis-tickLabels-2\\"><tspan x=\\"190\\" dx=\\"0\\" dy=\\"0\\" text-anchor=\\"middle\\" style=\\"font-family: &quot;RedHatText&quot;,&quot;Overpass&quot;,overpass,helvetica,arial,sans-serif; font-size: 14px; letter-spacing: normal; padding: 10px; stroke: transparent; fill: #4f5255;\\">0.4</tspan></text></g><g role=\\"presentation\\"><line vector-effect=\\"non-scaling-stroke\\" style=\\"stroke: #d2d2d2; fill: transparent; size: 5px; stroke-linecap: round; stroke-linejoin: round; stroke-width: 1;\\" role=\\"presentation\\" shape-rendering=\\"auto\\" x1=\\"260\\" x2=\\"260\\" y1=\\"250\\" y2=\\"255\\"></line><text direction=\\"inherit\\" dx=\\"0\\" x=\\"260\\" y=\\"276.97\\" id=\\"axis-tickLabels-3\\"><tspan x=\\"260\\" dx=\\"0\\" dy=\\"0\\" text-anchor=\\"middle\\" style=\\"font-family: &quot;RedHatText&quot;,&quot;Overpass&quot;,overpass,helvetica,arial,sans-serif; font-size: 14px; letter-spacing: normal; padding: 10px; stroke: transparent; fill: #4f5255;\\">0.6</tspan></text></g><g role=\\"presentation\\"><line vector-effect=\\"non-scaling-stroke\\" style=\\"stroke: #d2d2d2; fill: transparent; size: 5px; stroke-linecap: round; stroke-linejoin: round; stroke-width: 1;\\" role=\\"presentation\\" shape-rendering=\\"auto\\" x1=\\"330\\" x2=\\"330\\" y1=\\"250\\" y2=\\"255\\"></line><text direction=\\"inherit\\" dx=\\"0\\" x=\\"330\\" y=\\"276.97\\" id=\\"axis-tickLabels-4\\"><tspan x=\\"330\\" dx=\\"0\\" dy=\\"0\\" text-anchor=\\"middle\\" style=\\"font-family: &quot;RedHatText&quot;,&quot;Overpass&quot;,overpass,helvetica,arial,sans-serif; font-size: 14px; letter-spacing: normal; padding: 10px; stroke: transparent; fill: #4f5255;\\">0.8</tspan></text></g><g role=\\"presentation\\"><line vector-effect=\\"non-scaling-stroke\\" style=\\"stroke: #d2d2d2; fill: transparent; size: 5px; stroke-linecap: round; stroke-linejoin: round; stroke-width: 1;\\" role=\\"presentation\\" shape-rendering=\\"auto\\" x1=\\"400\\" x2=\\"400\\" y1=\\"250\\" y2=\\"255\\"></line><text direction=\\"inherit\\" dx=\\"0\\" x=\\"400\\" y=\\"276.97\\" id=\\"axis-tickLabels-5\\"><tspan x=\\"400\\" dx=\\"0\\" dy=\\"0\\" text-anchor=\\"middle\\" style=\\"font-family: &quot;RedHatText&quot;,&quot;Overpass&quot;,overpass,helvetica,arial,sans-serif; font-size: 14px; letter-spacing: normal; padding: 10px; stroke: transparent; fill: #4f5255;\\">1.0</tspan></text></g></svg><div style=\\"z-index: 99; position: absolute; top: 0px; left: 0px; width: 100%; height: 100%;\\"><svg width=\\"450\\" height=\\"300\\" viewBox=\\"0 0 450 300\\" style=\\"overflow: visible; width: 100%; height: 100%;\\"></svg></div></div></div>"`;

exports[`renders component data 1`] = `"<div><div style=\\"height: 100%; width: 100%; user-select: none; pointer-events: none; position: relative;\\" class=\\"pf-c-chart\\"><svg width=\\"300\\" height=\\"200\\" role=\\"img\\" viewBox=\\"0 0 300 200\\" style=\\"pointer-events: all; width: 100%; height: 100%;\\"><g><g style=\\"height: 100%; width: 100%; user-select: none;\\" clip-path=\\"url(#victory-clip-4)\\"><defs><clipPath id=\\"victory-clip-4\\"><rect vector-effect=\\"non-scaling-stroke\\" x=\\"50\\" y=\\"50\\" width=\\"200\\" height=\\"100\\"></rect></clipPath></defs><path d=\\"M80,150L128.33333333333331,137.5L176.66666666666666,100L224.99999999999997,125\\" style=\\"fill: none; stroke: #06c; width: 6px; opacity: 1; stroke-width: 2;\\" role=\\"presentation\\" shape-rendering=\\"auto\\"></path></g><g style=\\"height: 100%; width: 100%; user-select: none;\\" clip-path=\\"url(#victory-clip-5)\\"><defs><clipPath id=\\"victory-clip-5\\"><rect vector-effect=\\"non-scaling-stroke\\" x=\\"50\\" y=\\"50\\" width=\\"200\\" height=\\"100\\"></rect></clipPath></defs><path d=\\"M80,137.5L128.33333333333331,150L176.66666666666666,75L224.99999999999997,112.5\\" style=\\"fill: none; stroke: #8bc1f7; width: 6px; opacity: 1; stroke-width: 2;\\" role=\\"presentation\\" shape-rendering=\\"auto\\"></path></g><g style=\\"height: 100%; width: 100%; user-select: none;\\" clip-path=\\"url(#victory-clip-6)\\"><defs><clipPath id=\\"victory-clip-6\\"><rect vector-effect=\\"non-scaling-stroke\\" x=\\"50\\" y=\\"50\\" width=\\"200\\" height=\\"100\\"></rect></clipPath></defs><path d=\\"M80,125L128.33333333333331,112.5L176.66666666666666,50L224.99999999999997,100\\" style=\\"fill: none; stroke: #002f5d; width: 6px; opacity: 1; stroke-width: 2;\\" role=\\"presentation\\" shape-rendering=\\"auto\\"></path></g><g style=\\"height: 100%; width: 100%; user-select: none;\\" clip-path=\\"url(#victory-clip-7)\\"><defs><clipPath id=\\"victory-clip-7\\"><rect vector-effect=\\"non-scaling-stroke\\" x=\\"50\\" y=\\"50\\" width=\\"200\\" height=\\"100\\"></rect></clipPath></defs><path d=\\"M80,125L128.33333333333331,125L176.66666666666666,62.5L224.99999999999997,75\\" style=\\"fill: none; stroke: #519de9; width: 6px; opacity: 1; stroke-width: 2;\\" role=\\"presentation\\" shape-rendering=\\"auto\\"></path></g></g><g role=\\"presentation\\"><line vector-effect=\\"non-scaling-stroke\\" style=\\"stroke: #d2d2d2; fill: transparent; stroke-width: 1; stroke-linecap: round; stroke-linejoin: round;\\" role=\\"presentation\\" shape-rendering=\\"auto\\" x1=\\"50\\" x2=\\"250\\" y1=\\"150\\" y2=\\"150\\"></line><g role=\\"presentation\\"><line vector-effect=\\"non-scaling-stroke\\" style=\\"stroke: #d2d2d2; fill: transparent; size: 5px; stroke-linecap: round; stroke-linejoin: round; stroke-width: 1;\\" role=\\"presentation\\" shape-rendering=\\"auto\\" x1=\\"128.33333333333331\\" x2=\\"128.33333333333331\\" y1=\\"150\\" y2=\\"155\\"></line><text direction=\\"inherit\\" dx=\\"0\\" x=\\"128.33333333333331\\" y=\\"176.97\\" id=\\"chart-axis-1-tickLabels-0\\"><tspan x=\\"128.33333333333331\\" dx=\\"0\\" dy=\\"0\\" text-anchor=\\"middle\\" style=\\"font-family: &quot;RedHatText&quot;,&quot;Overpass&quot;,overpass,helvetica,arial,sans-serif; font-size: 14px; letter-spacing: normal; padding: 10px; stroke: transparent; fill: #4f5255;\\">2</tspan></text></g><g role=\\"presentation\\"><line vector-effect=\\"non-scaling-stroke\\" style=\\"stroke: #d2d2d2; fill: transparent; size: 5px; stroke-linecap: round; stroke-linejoin: round; stroke-width: 1;\\" role=\\"presentation\\" shape-rendering=\\"auto\\" x1=\\"176.66666666666666\\" x2=\\"176.66666666666666\\" y1=\\"150\\" y2=\\"155\\"></line><text direction=\\"inherit\\" dx=\\"0\\" x=\\"176.66666666666666\\" y=\\"176.97\\" id=\\"chart-axis-1-tickLabels-1\\"><tspan x=\\"176.66666666666666\\" dx=\\"0\\" dy=\\"0\\" text-anchor=\\"middle\\" style=\\"font-family: &quot;RedHatText&quot;,&quot;Overpass&quot;,overpass,helvetica,arial,sans-serif; font-size: 14px; letter-spacing: normal; padding: 10px; stroke: transparent; fill: #4f5255;\\">3</tspan></text></g><g role=\\"presentation\\"><line vector-effect=\\"non-scaling-stroke\\" style=\\"stroke: #d2d2d2; fill: transparent; size: 5px; stroke-linecap: round; stroke-linejoin: round; stroke-width: 1;\\" role=\\"presentation\\" shape-rendering=\\"auto\\" x1=\\"224.99999999999997\\" x2=\\"224.99999999999997\\" y1=\\"150\\" y2=\\"155\\"></line><text direction=\\"inherit\\" dx=\\"0\\" x=\\"224.99999999999997\\" y=\\"176.97\\" id=\\"chart-axis-1-tickLabels-2\\"><tspan x=\\"224.99999999999997\\" dx=\\"0\\" dy=\\"0\\" text-anchor=\\"middle\\" style=\\"font-family: &quot;RedHatText&quot;,&quot;Overpass&quot;,overpass,helvetica,arial,sans-serif; font-size: 14px; letter-spacing: normal; padding: 10px; stroke: transparent; fill: #4f5255;\\">4</tspan></text></g></g><g role=\\"presentation\\"><line vector-effect=\\"non-scaling-stroke\\" style=\\"stroke: #d2d2d2; fill: transparent; stroke-width: 1; stroke-linecap: round; stroke-linejoin: round;\\" role=\\"presentation\\" shape-rendering=\\"auto\\" x1=\\"50\\" x2=\\"50\\" y1=\\"50\\" y2=\\"150\\"></line><g role=\\"presentation\\"><line vector-effect=\\"non-scaling-stroke\\" style=\\"stroke: #d2d2d2; fill: transparent; size: 5px; stroke-linecap: round; stroke-linejoin: round; stroke-width: 1;\\" role=\\"presentation\\" shape-rendering=\\"auto\\" x1=\\"50\\" x2=\\"45\\" y1=\\"137.5\\" y2=\\"137.5\\"></line><text direction=\\"inherit\\" dx=\\"0\\" x=\\"35\\" y=\\"142.47\\" id=\\"chart-axis-2-tickLabels-0\\"><tspan x=\\"35\\" dx=\\"0\\" dy=\\"0\\" text-anchor=\\"end\\" style=\\"font-family: &quot;RedHatText&quot;,&quot;Overpass&quot;,overpass,helvetica,arial,sans-serif; font-size: 14px; letter-spacing: normal; padding: 10px; stroke: transparent; fill: #4f5255;\\">2</tspan></text></g><g role=\\"presentation\\"><line vector-effect=\\"non-scaling-stroke\\" style=\\"stroke: #d2d2d2; fill: transparent; size: 5px; stroke-linecap: round; stroke-linejoin: round; stroke-width: 1;\\" role=\\"presentation\\" shape-rendering=\\"auto\\" x1=\\"50\\" x2=\\"45\\" y1=\\"100\\" y2=\\"100\\"></line><text direction=\\"inherit\\" dx=\\"0\\" x=\\"35\\" y=\\"104.97\\" id=\\"chart-axis-2-tickLabels-1\\"><tspan x=\\"35\\" dx=\\"0\\" dy=\\"0\\" text-anchor=\\"end\\" style=\\"font-family: &quot;RedHatText&quot;,&quot;Overpass&quot;,overpass,helvetica,arial,sans-serif; font-size: 14px; letter-spacing: normal; padding: 10px; stroke: transparent; fill: #4f5255;\\">5</tspan></text></g><g role=\\"presentation\\"><line vector-effect=\\"non-scaling-stroke\\" style=\\"stroke: #d2d2d2; fill: transparent; size: 5px; stroke-linecap: round; stroke-linejoin: round; stroke-width: 1;\\" role=\\"presentation\\" shape-rendering=\\"auto\\" x1=\\"50\\" x2=\\"45\\" y1=\\"62.5\\" y2=\\"62.5\\"></line><text direction=\\"inherit\\" dx=\\"0\\" x=\\"35\\" y=\\"67.47\\" id=\\"chart-axis-2-tickLabels-2\\"><tspan x=\\"35\\" dx=\\"0\\" dy=\\"0\\" text-anchor=\\"end\\" style=\\"font-family: &quot;RedHatText&quot;,&quot;Overpass&quot;,overpass,helvetica,arial,sans-serif; font-size: 14px; letter-spacing: normal; padding: 10px; stroke: transparent; fill: #4f5255;\\">8</tspan></text></g></g></svg><div style=\\"z-index: 99; position: absolute; top: 0px; left: 0px; width: 100%; height: 100%;\\"><svg width=\\"300\\" height=\\"200\\" viewBox=\\"0 0 300 200\\" style=\\"overflow: visible; width: 100%; height: 100%;\\"></svg></div></div></div>"`;
