// Jest Snapshot v1, https://goo.gl/fbAQLP

exports[`ChartLabel 1`] = `"<div></div>"`;

exports[`ChartLabel 2`] = `"<div></div>"`;

exports[`renders component text 1`] = `"<div><text direction=\\"inherit\\" dx=\\"0\\" x=\\"0\\" y=\\"4.97\\"><tspan x=\\"0\\" dx=\\"0\\" dy=\\"0\\" text-anchor=\\"start\\" style=\\"font-family: var(--pf-chart-global--FontFamily); font-size: 14px; letter-spacing: var(--pf-chart-global--letter-spacing); fill: #252525; stroke: transparent;\\">This is a test</tspan></text></div>"`;
