// Jest Snapshot v1, https://goo.gl/fbAQLP

exports[`BackgroundImage 1`] = `"<div><div class=\\"pf-c-background-image\\" style=\\"--pf-c-background-image--BackgroundImage: url(/assets/images/pfbg_576.jpg); --pf-c-background-image--BackgroundImage-2x: url(/assets/images/pfbg_576@2x.jpg); --pf-c-background-image--BackgroundImage--sm: url(/assets/images/pfbg_768.jpg); --pf-c-background-image--BackgroundImage--sm-2x: url(/assets/images/pfbg_768@2x.jpg); --pf-c-background-image--BackgroundImage--lg: url(/assets/images/pfbg_1200.jpg); --pf-c-background-image--Filter: url(#patternfly-background-image-filter-overlay0);\\"><svg xmlns=\\"http://www.w3.org/2000/svg\\" class=\\"pf-c-background-image__filter\\" width=\\"0\\" height=\\"0\\"><filter id=\\"patternfly-background-image-filter-overlay0\\"><feColorMatrix type=\\"matrix\\" values=\\"1 0 0 0 0 1 0 0 0 0 1 0 0 0 0 0 0 0 1 0\\"></feColorMatrix><feComponentTransfer color-interpolation-filters=\\"sRGB\\" result=\\"duotone\\"><feFuncR type=\\"table\\" tableValues=\\"0.086274509803922 0.43921568627451\\"></feFuncR><feFuncG type=\\"table\\" tableValues=\\"0.086274509803922 0.43921568627451\\"></feFuncG><feFuncB type=\\"table\\" tableValues=\\"0.086274509803922 0.43921568627451\\"></feFuncB><feFuncA type=\\"table\\" tableValues=\\"0 1\\"></feFuncA></feComponentTransfer></filter></svg></div></div>"`;

exports[`allows passing in a single string as the image src 1`] = `"<div><div class=\\"pf-c-background-image\\" style=\\"--pf-c-background-image--BackgroundImage: url(/assets/images/pfbg_1200.jpg); --pf-c-background-image--BackgroundImage-2x: url(/assets/images/pfbg_1200.jpg); --pf-c-background-image--BackgroundImage--sm: url(/assets/images/pfbg_1200.jpg); --pf-c-background-image--BackgroundImage--sm-2x: url(/assets/images/pfbg_1200.jpg); --pf-c-background-image--BackgroundImage--lg: url(/assets/images/pfbg_1200.jpg); --pf-c-background-image--Filter: url(#patternfly-background-image-filter-overlay1);\\"><svg xmlns=\\"http://www.w3.org/2000/svg\\" class=\\"pf-c-background-image__filter\\" width=\\"0\\" height=\\"0\\"><filter id=\\"patternfly-background-image-filter-overlay1\\"><feColorMatrix type=\\"matrix\\" values=\\"1 0 0 0 0 1 0 0 0 0 1 0 0 0 0 0 0 0 1 0\\"></feColorMatrix><feComponentTransfer color-interpolation-filters=\\"sRGB\\" result=\\"duotone\\"><feFuncR type=\\"table\\" tableValues=\\"0.086274509803922 0.43921568627451\\"></feFuncR><feFuncG type=\\"table\\" tableValues=\\"0.086274509803922 0.43921568627451\\"></feFuncG><feFuncB type=\\"table\\" tableValues=\\"0.086274509803922 0.43921568627451\\"></feFuncB><feFuncA type=\\"table\\" tableValues=\\"0 1\\"></feFuncA></feComponentTransfer></filter></svg></div></div>"`;
