// Jest Snapshot v1, https://goo.gl/fbAQLP

exports[`ChartContainer 1`] = `"<div><div style=\\"pointer-events: none; position: relative; width: 100%; height: 100%;\\" class=\\"pf-c-chart\\"><svg role=\\"img\\" viewBox=\\"0 0 undefined undefined\\" style=\\"pointer-events: all; width: 100%; height: 100%;\\"></svg><div style=\\"z-index: 99; position: absolute; top: 0px; left: 0px; width: 100%; height: 100%;\\"><svg viewBox=\\"0 0 undefined undefined\\" style=\\"overflow: visible; width: 100%; height: 100%;\\"></svg></div></div></div>"`;

exports[`ChartContainer 2`] = `"<div><div style=\\"pointer-events: none; position: relative; width: 100%; height: 100%;\\" class=\\"pf-c-chart\\"><svg role=\\"img\\" viewBox=\\"0 0 undefined undefined\\" style=\\"pointer-events: all; width: 100%; height: 100%;\\"></svg><div style=\\"z-index: 99; position: absolute; top: 0px; left: 0px; width: 100%; height: 100%;\\"><svg viewBox=\\"0 0 undefined undefined\\" style=\\"overflow: visible; width: 100%; height: 100%;\\"></svg></div></div></div>"`;

exports[`renders container via ChartLegend 1`] = `
"<div><div style=\\"pointer-events: none; position: relative; width: 100%; height: 100%;\\" class=\\"pf-c-chart\\"><svg role=\\"img\\" viewBox=\\"0 0 undefined undefined\\" style=\\"pointer-events: all; width: 100%; height: 100%;\\"><g><rect vector-effect=\\"non-scaling-stroke\\" style=\\"fill: none;\\" role=\\"presentation\\" shape-rendering=\\"auto\\" x=\\"0\\" y=\\"0\\" width=\\"155.35312500000003\\" height=\\"51.809999999999995\\"></rect><path d=\\"M 9.128, 39.777
      h9.744
      v-9.744
      h-9.744
      z\\" role=\\"presentation\\" shape-rendering=\\"auto\\" style=\\"fill: #06c;\\"></path><path d=\\"M 77.90925, 39.777
      h9.744
      v-9.744
      h-9.744
      z\\" role=\\"presentation\\" shape-rendering=\\"auto\\" style=\\"fill: #8bc1f7;\\"></path><text direction=\\"inherit\\" dx=\\"0\\" x=\\"2\\" y=\\"13.969999999999999\\" id=\\"legend-title-all\\"><tspan x=\\"2\\" dx=\\"0\\" dy=\\"0\\" text-anchor=\\"start\\" style=\\"font-family: &quot;RedHatText&quot;,&quot;Overpass&quot;,overpass,helvetica,arial,sans-serif; font-size: 14px; letter-spacing: normal; padding: 2px; stroke: transparent; fill: #252525;\\">Average number of pets</tspan></text><text direction=\\"inherit\\" dx=\\"0\\" x=\\"30.8\\" y=\\"39.875\\" id=\\"legend-labels-0\\"><tspan x=\\"30.8\\" dx=\\"0\\" dy=\\"0\\" text-anchor=\\"start\\" style=\\"font-family: &quot;RedHatText&quot;,&quot;Overpass&quot;,overpass,helvetica,arial,sans-serif; font-size: 14px; letter-spacing: normal; padding: 10px; stroke: transparent; fill: #252525;\\">Cats</tspan></text><text direction=\\"inherit\\" dx=\\"0\\" x=\\"99.58125\\" y=\\"39.875\\" id=\\"legend-labels-1\\"><tspan x=\\"99.58125\\" dx=\\"0\\" dy=\\"0\\" text-anchor=\\"start\\" style=\\"font-family: &quot;RedHatText&quot;,&quot;Overpass&quot;,overpass,helvetica,arial,sans-serif; font-size: 14px; letter-spacing: normal; padding: 10px; stroke: transparent; fill: #252525;\\">Dogs</tspan></text></g></svg><div style=\\"z-index: 99; position: absolute; top: 0px; left: 0px; width: 100%; height: 100%;\\"><svg viewBox=\\"0 0 undefined undefined\\" style=\\"overflow: visible; width: 100%; height: 100%;\\"></svg></div></div></div>"
`;
