// Jest Snapshot v1, https://goo.gl/fbAQLP

exports[`OverflowMenuControl Additional Options 1`] = `"<div class=\\"pf-c-overflow-menu__control\\" data-testid=\\"test-id\\">  </div>"`;
