// Jest Snapshot v1, https://goo.gl/fbAQLP

exports[`Title 2xl Title 1`] = `"<h1 data-ouia-component-type=\\"PF4/Title\\" data-ouia-safe=\\"true\\" data-ouia-component-id=\\"OUIA-Generated-Title-4\\" class=\\"pf-c-title pf-m-2xl\\">2xl Title</h1>"`;

exports[`Title 3xl Title 1`] = `"<h1 data-ouia-component-type=\\"PF4/Title\\" data-ouia-safe=\\"true\\" data-ouia-component-id=\\"OUIA-Generated-Title-5\\" class=\\"pf-c-title pf-m-3xl\\">3xl Title</h1>"`;

exports[`Title 4xl Title 1`] = `"<h1 data-ouia-component-type=\\"PF4/Title\\" data-ouia-safe=\\"true\\" data-ouia-component-id=\\"OUIA-Generated-Title-6\\" class=\\"pf-c-title pf-m-4xl\\">4xl Title</h1>"`;

exports[`Title lg Title 1`] = `"<h1 data-ouia-component-type=\\"PF4/Title\\" data-ouia-safe=\\"true\\" data-ouia-component-id=\\"OUIA-Generated-Title-2\\" class=\\"pf-c-title pf-m-lg\\">lg Title</h1>"`;

exports[`Title md Title 1`] = `"<h1 data-ouia-component-type=\\"PF4/Title\\" data-ouia-safe=\\"true\\" data-ouia-component-id=\\"OUIA-Generated-Title-1\\" class=\\"pf-c-title pf-m-md\\">md Title</h1>"`;

exports[`Title xl Title 1`] = `"<h1 data-ouia-component-type=\\"PF4/Title\\" data-ouia-safe=\\"true\\" data-ouia-component-id=\\"OUIA-Generated-Title-3\\" class=\\"pf-c-title pf-m-xl\\">xl Title</h1>"`;
