// Jest Snapshot v1, https://goo.gl/fbAQLP

exports[`SimpleListGroup should match snapshot (auto-generated) 1`] = `"<div><section class=\\"pf-c-simple-list__section\\"><h2 id=\\"''\\" class=\\"pf-c-simple-list__title ''\\" aria-hidden=\\"true\\"></h2><ul class=\\"''\\" aria-labelledby=\\"''\\">ReactNode</ul></section></div>"`;
