// Jest Snapshot v1, https://goo.gl/fbAQLP

exports[`ChartBulletQualitativeRange 1`] = `"<div><div style=\\"pointer-events: none; position: relative; width: 100%; height: 100%;\\" class=\\"pf-c-chart\\"><svg width=\\"450\\" height=\\"140\\" role=\\"img\\" viewBox=\\"0 0 450 140\\" style=\\"pointer-events: all; width: 100%; height: 100%;\\"><g role=\\"presentation\\"><line vector-effect=\\"non-scaling-stroke\\" style=\\"stroke: #d2d2d2; fill: transparent; stroke-width: 1; stroke-linecap: round; stroke-linejoin: round;\\" role=\\"presentation\\" shape-rendering=\\"auto\\" x1=\\"50\\" x2=\\"400\\" y1=\\"85\\" y2=\\"85\\"></line><g role=\\"presentation\\"><line vector-effect=\\"non-scaling-stroke\\" style=\\"stroke: #d2d2d2; fill: transparent; size: 5px; stroke-linecap: round; stroke-linejoin: round; stroke-width: 1;\\" role=\\"presentation\\" shape-rendering=\\"auto\\" x1=\\"50\\" x2=\\"50\\" y1=\\"85\\" y2=\\"90\\"></line><text direction=\\"inherit\\" dx=\\"0\\" x=\\"50\\" y=\\"111.97\\" id=\\"axis-tickLabels-0\\"><tspan x=\\"50\\" dx=\\"0\\" dy=\\"0\\" text-anchor=\\"middle\\" style=\\"font-family: &quot;RedHatText&quot;,&quot;Overpass&quot;,overpass,helvetica,arial,sans-serif; font-size: 14px; letter-spacing: normal; padding: 10px; stroke: transparent; fill: #4f5255;\\">0</tspan></text></g></g><g><rect vector-effect=\\"non-scaling-stroke\\" style=\\"fill: none;\\" role=\\"presentation\\" shape-rendering=\\"auto\\" x=\\"225\\" y=\\"131\\" width=\\"0\\" height=\\"0\\"></rect></g></svg><div style=\\"z-index: 99; position: absolute; top: 0px; left: 0px; width: 100%; height: 100%;\\"><svg width=\\"450\\" height=\\"140\\" viewBox=\\"0 0 450 140\\" style=\\"overflow: visible; width: 100%; height: 100%;\\"></svg></div></div></div>"`;

exports[`ChartBulletQualitativeRange 2`] = `"<div><div style=\\"pointer-events: none; position: relative; width: 100%; height: 100%;\\" class=\\"pf-c-chart\\"><svg width=\\"450\\" height=\\"140\\" role=\\"img\\" viewBox=\\"0 0 450 140\\" style=\\"pointer-events: all; width: 100%; height: 100%;\\"><g role=\\"presentation\\"><line vector-effect=\\"non-scaling-stroke\\" style=\\"stroke: #d2d2d2; fill: transparent; stroke-width: 1; stroke-linecap: round; stroke-linejoin: round;\\" role=\\"presentation\\" shape-rendering=\\"auto\\" x1=\\"50\\" x2=\\"400\\" y1=\\"85\\" y2=\\"85\\"></line><g role=\\"presentation\\"><line vector-effect=\\"non-scaling-stroke\\" style=\\"stroke: #d2d2d2; fill: transparent; size: 5px; stroke-linecap: round; stroke-linejoin: round; stroke-width: 1;\\" role=\\"presentation\\" shape-rendering=\\"auto\\" x1=\\"50\\" x2=\\"50\\" y1=\\"85\\" y2=\\"90\\"></line><text direction=\\"inherit\\" dx=\\"0\\" x=\\"50\\" y=\\"111.97\\" id=\\"axis-tickLabels-0\\"><tspan x=\\"50\\" dx=\\"0\\" dy=\\"0\\" text-anchor=\\"middle\\" style=\\"font-family: &quot;RedHatText&quot;,&quot;Overpass&quot;,overpass,helvetica,arial,sans-serif; font-size: 14px; letter-spacing: normal; padding: 10px; stroke: transparent; fill: #4f5255;\\">0</tspan></text></g></g><g><rect vector-effect=\\"non-scaling-stroke\\" style=\\"fill: none;\\" role=\\"presentation\\" shape-rendering=\\"auto\\" x=\\"225\\" y=\\"131\\" width=\\"0\\" height=\\"0\\"></rect></g></svg><div style=\\"z-index: 99; position: absolute; top: 0px; left: 0px; width: 100%; height: 100%;\\"><svg width=\\"450\\" height=\\"140\\" viewBox=\\"0 0 450 140\\" style=\\"overflow: visible; width: 100%; height: 100%;\\"></svg></div></div></div>"`;

exports[`renders component data 1`] = `
"<div><div style=\\"pointer-events: none; position: relative; width: 100%; height: 100%;\\" class=\\"pf-c-chart\\"><svg width=\\"450\\" height=\\"140\\" role=\\"img\\" aria-labelledby=\\"victory-container-3-title\\" aria-describedby=\\"victory-container-3-desc\\" viewBox=\\"0 0 450 140\\" style=\\"pointer-events: all; width: 100%; height: 100%;\\"><title id=\\"victory-container-3-title\\">Bullet chart example</title><desc id=\\"victory-container-3-desc\\">Storage capacity</desc><g role=\\"presentation\\"><line vector-effect=\\"non-scaling-stroke\\" style=\\"stroke: #d2d2d2; fill: transparent; stroke-width: 1; stroke-linecap: round; stroke-linejoin: round;\\" role=\\"presentation\\" shape-rendering=\\"auto\\" x1=\\"50\\" x2=\\"400\\" y1=\\"85\\" y2=\\"85\\"></line><g role=\\"presentation\\"><line vector-effect=\\"non-scaling-stroke\\" style=\\"stroke: #d2d2d2; fill: transparent; size: 5px; stroke-linecap: round; stroke-linejoin: round; stroke-width: 1;\\" role=\\"presentation\\" shape-rendering=\\"auto\\" x1=\\"50\\" x2=\\"50\\" y1=\\"85\\" y2=\\"90\\"></line><text direction=\\"inherit\\" dx=\\"0\\" x=\\"50\\" y=\\"111.97\\" id=\\"axis-tickLabels-0\\"><tspan x=\\"50\\" dx=\\"0\\" dy=\\"0\\" text-anchor=\\"middle\\" style=\\"font-family: &quot;RedHatText&quot;,&quot;Overpass&quot;,overpass,helvetica,arial,sans-serif; font-size: 14px; letter-spacing: normal; padding: 10px; stroke: transparent; fill: #4f5255;\\">0</tspan></text></g><g role=\\"presentation\\"><line vector-effect=\\"non-scaling-stroke\\" style=\\"stroke: #d2d2d2; fill: transparent; size: 5px; stroke-linecap: round; stroke-linejoin: round; stroke-width: 1;\\" role=\\"presentation\\" shape-rendering=\\"auto\\" x1=\\"400\\" x2=\\"400\\" y1=\\"85\\" y2=\\"90\\"></line><text direction=\\"inherit\\" dx=\\"0\\" x=\\"400\\" y=\\"111.97\\" id=\\"axis-tickLabels-1\\"><tspan x=\\"400\\" dx=\\"0\\" dy=\\"0\\" text-anchor=\\"middle\\" style=\\"font-family: &quot;RedHatText&quot;,&quot;Overpass&quot;,overpass,helvetica,arial,sans-serif; font-size: 14px; letter-spacing: normal; padding: 10px; stroke: transparent; fill: #4f5255;\\">100</tspan></text></g><g role=\\"presentation\\"><line vector-effect=\\"non-scaling-stroke\\" style=\\"stroke: #d2d2d2; fill: transparent; size: 5px; stroke-linecap: round; stroke-linejoin: round; stroke-width: 1;\\" role=\\"presentation\\" shape-rendering=\\"auto\\" x1=\\"137.5\\" x2=\\"137.5\\" y1=\\"85\\" y2=\\"90\\"></line><text direction=\\"inherit\\" dx=\\"0\\" x=\\"137.5\\" y=\\"111.97\\" id=\\"axis-tickLabels-2\\"><tspan x=\\"137.5\\" dx=\\"0\\" dy=\\"0\\" text-anchor=\\"middle\\" style=\\"font-family: &quot;RedHatText&quot;,&quot;Overpass&quot;,overpass,helvetica,arial,sans-serif; font-size: 14px; letter-spacing: normal; padding: 10px; stroke: transparent; fill: #4f5255;\\">25</tspan></text></g><g role=\\"presentation\\"><line vector-effect=\\"non-scaling-stroke\\" style=\\"stroke: #d2d2d2; fill: transparent; size: 5px; stroke-linecap: round; stroke-linejoin: round; stroke-width: 1;\\" role=\\"presentation\\" shape-rendering=\\"auto\\" x1=\\"225\\" x2=\\"225\\" y1=\\"85\\" y2=\\"90\\"></line><text direction=\\"inherit\\" dx=\\"0\\" x=\\"225\\" y=\\"111.97\\" id=\\"axis-tickLabels-3\\"><tspan x=\\"225\\" dx=\\"0\\" dy=\\"0\\" text-anchor=\\"middle\\" style=\\"font-family: &quot;RedHatText&quot;,&quot;Overpass&quot;,overpass,helvetica,arial,sans-serif; font-size: 14px; letter-spacing: normal; padding: 10px; stroke: transparent; fill: #4f5255;\\">50</tspan></text></g><g role=\\"presentation\\"><line vector-effect=\\"non-scaling-stroke\\" style=\\"stroke: #d2d2d2; fill: transparent; size: 5px; stroke-linecap: round; stroke-linejoin: round; stroke-width: 1;\\" role=\\"presentation\\" shape-rendering=\\"auto\\" x1=\\"312.5\\" x2=\\"312.5\\" y1=\\"85\\" y2=\\"90\\"></line><text direction=\\"inherit\\" dx=\\"0\\" x=\\"312.5\\" y=\\"111.97\\" id=\\"axis-tickLabels-4\\"><tspan x=\\"312.5\\" dx=\\"0\\" dy=\\"0\\" text-anchor=\\"middle\\" style=\\"font-family: &quot;RedHatText&quot;,&quot;Overpass&quot;,overpass,helvetica,arial,sans-serif; font-size: 14px; letter-spacing: normal; padding: 10px; stroke: transparent; fill: #4f5255;\\">75</tspan></text></g></g><g role=\\"presentation\\"><path style=\\"fill: #d2d2d2; stroke: none; padding: 8px; stroke-width: 0;\\" d=\\"M 50, 85 
A 0 0 0 0 1, 50, 85 
L 50, 55 
A 0 0 0 0 1, 50, 55 
L 312.5, 55 
A 0 0 0 0 1, 312.5, 55 
L 312.5, 85 
A 0 0 0 0 1, 312.5, 85 
 z\\" index=\\"0\\" role=\\"presentation\\" shape-rendering=\\"auto\\"></path></g><g role=\\"presentation\\"><path style=\\"fill: #f0f0f0; stroke: none; padding: 8px; stroke-width: 0;\\" d=\\"M 50, 85 
A 0 0 0 0 1, 50, 85 
L 50, 55 
A 0 0 0 0 1, 50, 55 
L 225, 55 
A 0 0 0 0 1, 225, 55 
L 225, 85 
A 0 0 0 0 1, 225, 85 
 z\\" index=\\"0\\" role=\\"presentation\\" shape-rendering=\\"auto\\"></path></g><g role=\\"presentation\\"><path style=\\"fill: #06c; stroke: none; padding: 8px; stroke-width: 0;\\" d=\\"M 50, 74.5 
A 0 0 0 0 1, 50, 74.5 
L 50, 65.5 
A 0 0 0 0 1, 50, 65.5 
L 225, 65.5 
A 0 0 0 0 1, 225, 65.5 
L 225, 74.5 
A 0 0 0 0 1, 225, 74.5 
 z\\" index=\\"0\\" role=\\"presentation\\" shape-rendering=\\"auto\\"></path></g><g role=\\"presentation\\"><path style=\\"fill: #ec7a08; stroke: #ec7a08; padding: 8px; stroke-width: 2;\\" d=\\"M 358, 85 
A 0 0 0 0 1, 358, 85 
L 358, 55 
A 0 0 0 0 1, 358, 55 
L 358, 55 
A 0 0 0 0 1, 358, 55 
L 358, 85 
A 0 0 0 0 1, 358, 85 
 z\\" index=\\"0\\" role=\\"presentation\\" shape-rendering=\\"auto\\"></path></g><g><rect vector-effect=\\"non-scaling-stroke\\" style=\\"fill: none;\\" role=\\"presentation\\" shape-rendering=\\"auto\\" x=\\"225\\" y=\\"131\\" width=\\"0\\" height=\\"0\\"></rect></g></svg><div style=\\"z-index: 99; position: absolute; top: 0px; left: 0px; width: 100%; height: 100%;\\"><svg width=\\"450\\" height=\\"140\\" viewBox=\\"0 0 450 140\\" style=\\"overflow: visible; width: 100%; height: 100%;\\"></svg></div></div></div>"
`;
