// Jest Snapshot v1, https://goo.gl/fbAQLP

exports[`Nav Dark Nav List 1`] = `"<nav class=\\"pf-c-nav test=nav-class\\" aria-label=\\"Global\\" data-ouia-component-type=\\"PF4/Nav\\" data-ouia-safe=\\"true\\" data-ouia-component-id=\\"OUIA-Generated-Nav-2\\"><ul class=\\"pf-c-nav__list test-nav-list-class\\"><li class=\\"pf-c-nav__item test-nav-item-class\\" data-ouia-component-type=\\"PF4/NavItem\\" data-ouia-safe=\\"true\\" data-ouia-component-id=\\"OUIA-Generated-NavItem-5\\"><a href=\\"#link1\\" class=\\"pf-c-nav__link test-nav-item-class\\">Link 1</a></li><li class=\\"pf-c-nav__item test-nav-item-class\\" data-ouia-component-type=\\"PF4/NavItem\\" data-ouia-safe=\\"true\\" data-ouia-component-id=\\"OUIA-Generated-NavItem-6\\"><a href=\\"#link2\\" class=\\"pf-c-nav__link test-nav-item-class\\">Link 2</a></li><li class=\\"pf-c-nav__item test-nav-item-class\\" data-ouia-component-type=\\"PF4/NavItem\\" data-ouia-safe=\\"true\\" data-ouia-component-id=\\"OUIA-Generated-NavItem-7\\"><a href=\\"#link3\\" class=\\"pf-c-nav__link test-nav-item-class\\">Link 3</a></li><li class=\\"pf-c-nav__item test-nav-item-class\\" data-ouia-component-type=\\"PF4/NavItem\\" data-ouia-safe=\\"true\\" data-ouia-component-id=\\"OUIA-Generated-NavItem-8\\"><a href=\\"#link4\\" class=\\"pf-c-nav__link test-nav-item-class\\">Link 4</a></li></ul></nav>"`;

exports[`Nav Default Nav List - Trigger item active update 1`] = `"<nav class=\\"pf-c-nav\\" aria-label=\\"Global\\" data-ouia-component-type=\\"PF4/Nav\\" data-ouia-safe=\\"true\\" data-ouia-component-id=\\"OUIA-Generated-Nav-3\\"><ul class=\\"pf-c-nav__list\\"><li class=\\"pf-c-nav__item\\" data-ouia-component-type=\\"PF4/NavItem\\" data-ouia-safe=\\"true\\" data-ouia-component-id=\\"OUIA-Generated-NavItem-9\\"><a href=\\"#link1\\" class=\\"pf-c-nav__link\\">Link 1</a></li><li class=\\"pf-c-nav__item\\" data-ouia-component-type=\\"PF4/NavItem\\" data-ouia-safe=\\"true\\" data-ouia-component-id=\\"OUIA-Generated-NavItem-10\\"><a href=\\"#link2\\" class=\\"pf-c-nav__link\\">Link 2</a></li><li class=\\"pf-c-nav__item\\" data-ouia-component-type=\\"PF4/NavItem\\" data-ouia-safe=\\"true\\" data-ouia-component-id=\\"OUIA-Generated-NavItem-11\\"><a href=\\"#link3\\" class=\\"pf-c-nav__link\\">Link 3</a></li><li class=\\"pf-c-nav__item\\" data-ouia-component-type=\\"PF4/NavItem\\" data-ouia-safe=\\"true\\" data-ouia-component-id=\\"OUIA-Generated-NavItem-12\\"><a href=\\"#link4\\" class=\\"pf-c-nav__link\\">Link 4</a></li></ul></nav>"`;

exports[`Nav Default Nav List 1`] = `"<nav class=\\"pf-c-nav test-nav-class\\" aria-label=\\"Global\\" data-ouia-component-type=\\"PF4/Nav\\" data-ouia-safe=\\"true\\" data-ouia-component-id=\\"OUIA-Generated-Nav-1\\"><ul class=\\"pf-c-nav__list test-nav-list-class\\"><li class=\\"pf-c-nav__item test-nav-item-class\\" data-ouia-component-type=\\"PF4/NavItem\\" data-ouia-safe=\\"true\\" data-ouia-component-id=\\"OUIA-Generated-NavItem-1\\"><a href=\\"#link1\\" class=\\"pf-c-nav__link test-nav-item-class\\">Link 1</a></li><li class=\\"pf-c-nav__item test-nav-item-class\\" data-ouia-component-type=\\"PF4/NavItem\\" data-ouia-safe=\\"true\\" data-ouia-component-id=\\"OUIA-Generated-NavItem-2\\"><a href=\\"#link2\\" class=\\"pf-c-nav__link test-nav-item-class\\">Link 2</a></li><li class=\\"pf-c-nav__item test-nav-item-class\\" data-ouia-component-type=\\"PF4/NavItem\\" data-ouia-safe=\\"true\\" data-ouia-component-id=\\"OUIA-Generated-NavItem-3\\"><a href=\\"#link3\\" class=\\"pf-c-nav__link test-nav-item-class\\">Link 3</a></li><li class=\\"pf-c-nav__item test-nav-item-class\\" data-ouia-component-type=\\"PF4/NavItem\\" data-ouia-safe=\\"true\\" data-ouia-component-id=\\"OUIA-Generated-NavItem-4\\"><a href=\\"#link4\\" class=\\"pf-c-nav__link test-nav-item-class\\">Link 4</a></li></ul></nav>"`;

exports[`Nav Expandable Nav List - Trigger toggle 1`] = `"<nav class=\\"pf-c-nav\\" aria-label=\\"Global\\" data-ouia-component-type=\\"PF4/Nav\\" data-ouia-safe=\\"true\\" data-ouia-component-id=\\"OUIA-Generated-Nav-1\\"><ul class=\\"pf-c-nav__list\\"><li class=\\"pf-c-nav__item pf-m-expandable expandable-group\\" data-ouia-component-type=\\"PF4/NavExpandable\\" data-ouia-safe=\\"true\\" data-ouia-component-id=\\"OUIA-Generated-NavExpandable-1\\"><button class=\\"pf-c-nav__link\\" id=\\"grp-1\\" aria-expanded=\\"false\\">Section 1<span class=\\"pf-c-nav__toggle\\"><span class=\\"pf-c-nav__toggle-icon\\"><svg style=\\"vertical-align: -0.125em;\\" fill=\\"currentColor\\" height=\\"1em\\" width=\\"1em\\" viewBox=\\"0 0 256 512\\" aria-hidden=\\"true\\" role=\\"img\\"><path d=\\"M224.3 273l-136 136c-9.4 9.4-24.6 9.4-33.9 0l-22.6-22.6c-9.4-9.4-9.4-24.6 0-33.9l96.4-96.4-96.4-96.4c-9.4-9.4-9.4-24.6 0-33.9L54.3 103c9.4-9.4 24.6-9.4 33.9 0l136 136c9.5 9.4 9.5 24.6.1 34z\\"></path></svg></span></span></button><section class=\\"pf-c-nav__subnav\\" aria-labelledby=\\"grp-1\\" hidden=\\"\\"><ul class=\\"pf-c-nav__list\\"><li class=\\"pf-c-nav__item\\" data-ouia-component-type=\\"PF4/NavItem\\" data-ouia-safe=\\"true\\" data-ouia-component-id=\\"OUIA-Generated-NavItem-1\\"><a href=\\"#link1\\" class=\\"pf-c-nav__link\\">Link 1</a></li><li class=\\"pf-c-nav__item\\" data-ouia-component-type=\\"PF4/NavItem\\" data-ouia-safe=\\"true\\" data-ouia-component-id=\\"OUIA-Generated-NavItem-2\\"><a href=\\"#link2\\" class=\\"pf-c-nav__link\\">Link 2</a></li><li class=\\"pf-c-nav__item\\" data-ouia-component-type=\\"PF4/NavItem\\" data-ouia-safe=\\"true\\" data-ouia-component-id=\\"OUIA-Generated-NavItem-3\\"><a href=\\"#link3\\" class=\\"pf-c-nav__link\\">Link 3</a></li><li class=\\"pf-c-nav__item\\" data-ouia-component-type=\\"PF4/NavItem\\" data-ouia-safe=\\"true\\" data-ouia-component-id=\\"OUIA-Generated-NavItem-4\\"><a href=\\"#link4\\" class=\\"pf-c-nav__link\\">Link 4</a></li></ul></section></li></ul></nav>"`;

exports[`Nav Expandable Nav List 1`] = `"<nav class=\\"pf-c-nav\\" aria-label=\\"Global\\" data-ouia-component-type=\\"PF4/Nav\\" data-ouia-safe=\\"true\\" data-ouia-component-id=\\"OUIA-Generated-Nav-4\\"><ul class=\\"pf-c-nav__list\\"><li class=\\"pf-c-nav__item pf-m-expandable\\" data-ouia-component-type=\\"PF4/NavExpandable\\" data-ouia-safe=\\"true\\" data-ouia-component-id=\\"OUIA-Generated-NavExpandable-1\\"><button class=\\"pf-c-nav__link\\" id=\\"grp-1\\" aria-expanded=\\"false\\">Section 1<span class=\\"pf-c-nav__toggle\\"><span class=\\"pf-c-nav__toggle-icon\\"><svg style=\\"vertical-align: -0.125em;\\" fill=\\"currentColor\\" height=\\"1em\\" width=\\"1em\\" viewBox=\\"0 0 256 512\\" aria-hidden=\\"true\\" role=\\"img\\"><path d=\\"M224.3 273l-136 136c-9.4 9.4-24.6 9.4-33.9 0l-22.6-22.6c-9.4-9.4-9.4-24.6 0-33.9l96.4-96.4-96.4-96.4c-9.4-9.4-9.4-24.6 0-33.9L54.3 103c9.4-9.4 24.6-9.4 33.9 0l136 136c9.5 9.4 9.5 24.6.1 34z\\"></path></svg></span></span></button><section class=\\"pf-c-nav__subnav\\" aria-labelledby=\\"grp-1\\" hidden=\\"\\"><ul class=\\"pf-c-nav__list\\"><li class=\\"pf-c-nav__item\\" data-ouia-component-type=\\"PF4/NavItem\\" data-ouia-safe=\\"true\\" data-ouia-component-id=\\"OUIA-Generated-NavItem-13\\"><a href=\\"#link1\\" class=\\"pf-c-nav__link\\">Link 1</a></li><li class=\\"pf-c-nav__item\\" data-ouia-component-type=\\"PF4/NavItem\\" data-ouia-safe=\\"true\\" data-ouia-component-id=\\"OUIA-Generated-NavItem-14\\"><a href=\\"#link2\\" class=\\"pf-c-nav__link\\">Link 2</a></li><li class=\\"pf-c-nav__item\\" data-ouia-component-type=\\"PF4/NavItem\\" data-ouia-safe=\\"true\\" data-ouia-component-id=\\"OUIA-Generated-NavItem-15\\"><a href=\\"#link3\\" class=\\"pf-c-nav__link\\">Link 3</a></li><li class=\\"pf-c-nav__item\\" data-ouia-component-type=\\"PF4/NavItem\\" data-ouia-safe=\\"true\\" data-ouia-component-id=\\"OUIA-Generated-NavItem-16\\"><a href=\\"#link4\\" class=\\"pf-c-nav__link\\">Link 4</a></li></ul></section></li></ul></nav>"`;

exports[`Nav Expandable Nav List with aria label 1`] = `"<nav class=\\"pf-c-nav\\" aria-label=\\"Test\\" data-ouia-component-type=\\"PF4/Nav\\" data-ouia-safe=\\"true\\" data-ouia-component-id=\\"OUIA-Generated-Nav-6\\"><ul class=\\"pf-c-nav__list\\"><li class=\\"pf-c-nav__item pf-m-expandable\\" data-ouia-component-type=\\"PF4/NavExpandable\\" data-ouia-safe=\\"true\\" data-ouia-component-id=\\"OUIA-Generated-NavExpandable-3\\"><button class=\\"pf-c-nav__link\\" aria-expanded=\\"false\\">Section 1<span class=\\"pf-c-nav__toggle\\"><span class=\\"pf-c-nav__toggle-icon\\"><svg style=\\"vertical-align: -0.125em;\\" fill=\\"currentColor\\" height=\\"1em\\" width=\\"1em\\" viewBox=\\"0 0 256 512\\" aria-hidden=\\"true\\" role=\\"img\\"><path d=\\"M224.3 273l-136 136c-9.4 9.4-24.6 9.4-33.9 0l-22.6-22.6c-9.4-9.4-9.4-24.6 0-33.9l96.4-96.4-96.4-96.4c-9.4-9.4-9.4-24.6 0-33.9L54.3 103c9.4-9.4 24.6-9.4 33.9 0l136 136c9.5 9.4 9.5 24.6.1 34z\\"></path></svg></span></span></button><section class=\\"pf-c-nav__subnav\\" aria-labelledby=\\"grp-1\\" hidden=\\"\\"><h2 class=\\"pf-u-screen-reader\\" id=\\"grp-1\\">Section 1 - Example sub-navigation</h2><ul class=\\"pf-c-nav__list\\"><li class=\\"pf-c-nav__item\\" data-ouia-component-type=\\"PF4/NavItem\\" data-ouia-safe=\\"true\\" data-ouia-component-id=\\"OUIA-Generated-NavItem-21\\"><a href=\\"#link1\\" class=\\"pf-c-nav__link\\">Link 1</a></li><li class=\\"pf-c-nav__item\\" data-ouia-component-type=\\"PF4/NavItem\\" data-ouia-safe=\\"true\\" data-ouia-component-id=\\"OUIA-Generated-NavItem-22\\"><a href=\\"#link2\\" class=\\"pf-c-nav__link\\">Link 2</a></li><li class=\\"pf-c-nav__item\\" data-ouia-component-type=\\"PF4/NavItem\\" data-ouia-safe=\\"true\\" data-ouia-component-id=\\"OUIA-Generated-NavItem-23\\"><a href=\\"#link3\\" class=\\"pf-c-nav__link\\">Link 3</a></li><li class=\\"pf-c-nav__item\\" data-ouia-component-type=\\"PF4/NavItem\\" data-ouia-safe=\\"true\\" data-ouia-component-id=\\"OUIA-Generated-NavItem-24\\"><a href=\\"#link4\\" class=\\"pf-c-nav__link\\">Link 4</a></li></ul></section></li></ul></nav>"`;

exports[`Nav Horizontal Nav List 1`] = `"<nav class=\\"pf-c-nav pf-m-horizontal\\" aria-label=\\"Global\\" data-ouia-component-type=\\"PF4/Nav\\" data-ouia-safe=\\"true\\" data-ouia-component-id=\\"OUIA-Generated-Nav-horizontal-1\\"><button class=\\"pf-c-nav__scroll-button\\" aria-label=\\"Scroll left\\" disabled=\\"\\"><svg style=\\"vertical-align: -0.125em;\\" fill=\\"currentColor\\" height=\\"1em\\" width=\\"1em\\" viewBox=\\"0 0 256 512\\" aria-hidden=\\"true\\" role=\\"img\\"><path d=\\"M31.7 239l136-136c9.4-9.4 24.6-9.4 33.9 0l22.6 22.6c9.4 9.4 9.4 24.6 0 33.9L127.9 256l96.4 96.4c9.4 9.4 9.4 24.6 0 33.9L201.7 409c-9.4 9.4-24.6 9.4-33.9 0l-136-136c-9.5-9.4-9.5-24.6-.1-34z\\"></path></svg></button><ul class=\\"pf-c-nav__list\\"><li class=\\"pf-c-nav__item\\" data-ouia-component-type=\\"PF4/NavItem\\" data-ouia-safe=\\"true\\" data-ouia-component-id=\\"OUIA-Generated-NavItem-33\\"><a href=\\"#link1\\" class=\\"pf-c-nav__link\\">Link 1</a></li><li class=\\"pf-c-nav__item\\" data-ouia-component-type=\\"PF4/NavItem\\" data-ouia-safe=\\"true\\" data-ouia-component-id=\\"OUIA-Generated-NavItem-34\\"><a href=\\"#link2\\" class=\\"pf-c-nav__link\\">Link 2</a></li><li class=\\"pf-c-nav__item\\" data-ouia-component-type=\\"PF4/NavItem\\" data-ouia-safe=\\"true\\" data-ouia-component-id=\\"OUIA-Generated-NavItem-35\\"><a href=\\"#link3\\" class=\\"pf-c-nav__link\\">Link 3</a></li><li class=\\"pf-c-nav__item\\" data-ouia-component-type=\\"PF4/NavItem\\" data-ouia-safe=\\"true\\" data-ouia-component-id=\\"OUIA-Generated-NavItem-36\\"><a href=\\"#link4\\" class=\\"pf-c-nav__link\\">Link 4</a></li></ul><button class=\\"pf-c-nav__scroll-button\\" aria-label=\\"Scroll right\\" disabled=\\"\\"><svg style=\\"vertical-align: -0.125em;\\" fill=\\"currentColor\\" height=\\"1em\\" width=\\"1em\\" viewBox=\\"0 0 256 512\\" aria-hidden=\\"true\\" role=\\"img\\"><path d=\\"M224.3 273l-136 136c-9.4 9.4-24.6 9.4-33.9 0l-22.6-22.6c-9.4-9.4-9.4-24.6 0-33.9l96.4-96.4-96.4-96.4c-9.4-9.4-9.4-24.6 0-33.9L54.3 103c9.4-9.4 24.6-9.4 33.9 0l136 136c9.5 9.4 9.5 24.6.1 34z\\"></path></svg></button></nav>"`;

exports[`Nav Horizontal SubNav List 1`] = `"<nav class=\\"pf-c-nav pf-m-horizontal-subnav\\" aria-label=\\"Global\\" data-ouia-component-type=\\"PF4/Nav\\" data-ouia-safe=\\"true\\" data-ouia-component-id=\\"OUIA-Generated-Nav-horizontal-subnav-1\\"><button class=\\"pf-c-nav__scroll-button\\" aria-label=\\"Scroll left\\" disabled=\\"\\"><svg style=\\"vertical-align: -0.125em;\\" fill=\\"currentColor\\" height=\\"1em\\" width=\\"1em\\" viewBox=\\"0 0 256 512\\" aria-hidden=\\"true\\" role=\\"img\\"><path d=\\"M31.7 239l136-136c9.4-9.4 24.6-9.4 33.9 0l22.6 22.6c9.4 9.4 9.4 24.6 0 33.9L127.9 256l96.4 96.4c9.4 9.4 9.4 24.6 0 33.9L201.7 409c-9.4 9.4-24.6 9.4-33.9 0l-136-136c-9.5-9.4-9.5-24.6-.1-34z\\"></path></svg></button><ul class=\\"pf-c-nav__list\\"><li class=\\"pf-c-nav__item\\" data-ouia-component-type=\\"PF4/NavItem\\" data-ouia-safe=\\"true\\" data-ouia-component-id=\\"OUIA-Generated-NavItem-37\\"><a href=\\"#link1\\" class=\\"pf-c-nav__link\\">Link 1</a></li><li class=\\"pf-c-nav__item\\" data-ouia-component-type=\\"PF4/NavItem\\" data-ouia-safe=\\"true\\" data-ouia-component-id=\\"OUIA-Generated-NavItem-38\\"><a href=\\"#link2\\" class=\\"pf-c-nav__link\\">Link 2</a></li><li class=\\"pf-c-nav__item\\" data-ouia-component-type=\\"PF4/NavItem\\" data-ouia-safe=\\"true\\" data-ouia-component-id=\\"OUIA-Generated-NavItem-39\\"><a href=\\"#link3\\" class=\\"pf-c-nav__link\\">Link 3</a></li><li class=\\"pf-c-nav__item\\" data-ouia-component-type=\\"PF4/NavItem\\" data-ouia-safe=\\"true\\" data-ouia-component-id=\\"OUIA-Generated-NavItem-40\\"><a href=\\"#link4\\" class=\\"pf-c-nav__link\\">Link 4</a></li></ul><button class=\\"pf-c-nav__scroll-button\\" aria-label=\\"Scroll right\\" disabled=\\"\\"><svg style=\\"vertical-align: -0.125em;\\" fill=\\"currentColor\\" height=\\"1em\\" width=\\"1em\\" viewBox=\\"0 0 256 512\\" aria-hidden=\\"true\\" role=\\"img\\"><path d=\\"M224.3 273l-136 136c-9.4 9.4-24.6 9.4-33.9 0l-22.6-22.6c-9.4-9.4-9.4-24.6 0-33.9l96.4-96.4-96.4-96.4c-9.4-9.4-9.4-24.6 0-33.9L54.3 103c9.4-9.4 24.6-9.4 33.9 0l136 136c9.5 9.4 9.5 24.6.1 34z\\"></path></svg></button></nav>"`;

exports[`Nav Nav Grouped List 1`] = `"<nav class=\\"pf-c-nav\\" aria-label=\\"Global\\" data-ouia-component-type=\\"PF4/Nav\\" data-ouia-safe=\\"true\\" data-ouia-component-id=\\"OUIA-Generated-Nav-7\\"><section class=\\"pf-c-nav__section\\" aria-labelledby=\\"grp-1\\"><h2 class=\\"pf-c-nav__section-title\\" id=\\"grp-1\\">Section 1</h2><ul class=\\"pf-c-nav__list\\"><ul class=\\"pf-c-nav__list\\"><li class=\\"pf-c-nav__item\\" data-ouia-component-type=\\"PF4/NavItem\\" data-ouia-safe=\\"true\\" data-ouia-component-id=\\"OUIA-Generated-NavItem-25\\"><a href=\\"#link1\\" class=\\"pf-c-nav__link\\">Link 1</a></li><li class=\\"pf-c-nav__item\\" data-ouia-component-type=\\"PF4/NavItem\\" data-ouia-safe=\\"true\\" data-ouia-component-id=\\"OUIA-Generated-NavItem-26\\"><a href=\\"#link2\\" class=\\"pf-c-nav__link\\">Link 2</a></li><li class=\\"pf-c-nav__item\\" data-ouia-component-type=\\"PF4/NavItem\\" data-ouia-safe=\\"true\\" data-ouia-component-id=\\"OUIA-Generated-NavItem-27\\"><a href=\\"#link3\\" class=\\"pf-c-nav__link\\">Link 3</a></li><li class=\\"pf-c-nav__item\\" data-ouia-component-type=\\"PF4/NavItem\\" data-ouia-safe=\\"true\\" data-ouia-component-id=\\"OUIA-Generated-NavItem-28\\"><a href=\\"#link4\\" class=\\"pf-c-nav__link\\">Link 4</a></li></ul></ul></section><section class=\\"pf-c-nav__section\\" aria-labelledby=\\"grp-2\\"><h2 class=\\"pf-c-nav__section-title\\" id=\\"grp-2\\">Section 2</h2><ul class=\\"pf-c-nav__list\\"><ul class=\\"pf-c-nav__list\\"><li class=\\"pf-c-nav__item\\" data-ouia-component-type=\\"PF4/NavItem\\" data-ouia-safe=\\"true\\" data-ouia-component-id=\\"OUIA-Generated-NavItem-29\\"><a href=\\"#link1\\" class=\\"pf-c-nav__link\\">Link 1</a></li><li class=\\"pf-c-nav__item\\" data-ouia-component-type=\\"PF4/NavItem\\" data-ouia-safe=\\"true\\" data-ouia-component-id=\\"OUIA-Generated-NavItem-30\\"><a href=\\"#link2\\" class=\\"pf-c-nav__link\\">Link 2</a></li><li class=\\"pf-c-nav__item\\" data-ouia-component-type=\\"PF4/NavItem\\" data-ouia-safe=\\"true\\" data-ouia-component-id=\\"OUIA-Generated-NavItem-31\\"><a href=\\"#link3\\" class=\\"pf-c-nav__link\\">Link 3</a></li><li class=\\"pf-c-nav__item\\" data-ouia-component-type=\\"PF4/NavItem\\" data-ouia-safe=\\"true\\" data-ouia-component-id=\\"OUIA-Generated-NavItem-32\\"><a href=\\"#link4\\" class=\\"pf-c-nav__link\\">Link 4</a></li></ul></ul></section></nav>"`;

exports[`Nav Nav List with custom item nodes 1`] = `"<nav class=\\"pf-c-nav pf-m-horizontal pf-m-tertiary\\" aria-label=\\"Local\\" data-ouia-component-type=\\"PF4/Nav\\" data-ouia-safe=\\"true\\" data-ouia-component-id=\\"OUIA-Generated-Nav-tertiary-2\\"><button class=\\"pf-c-nav__scroll-button\\" aria-label=\\"Scroll left\\" disabled=\\"\\"><svg style=\\"vertical-align: -0.125em;\\" fill=\\"currentColor\\" height=\\"1em\\" width=\\"1em\\" viewBox=\\"0 0 256 512\\" aria-hidden=\\"true\\" role=\\"img\\"><path d=\\"M31.7 239l136-136c9.4-9.4 24.6-9.4 33.9 0l22.6 22.6c9.4 9.4 9.4 24.6 0 33.9L127.9 256l96.4 96.4c9.4 9.4 9.4 24.6 0 33.9L201.7 409c-9.4 9.4-24.6 9.4-33.9 0l-136-136c-9.5-9.4-9.5-24.6-.1-34z\\"></path></svg></button><ul class=\\"pf-c-nav__list\\"><li class=\\"pf-c-nav__item test-nav-item-class\\" data-ouia-component-type=\\"PF4/NavItem\\" data-ouia-safe=\\"true\\" data-ouia-component-id=\\"OUIA-Generated-NavItem-45\\"><div class=\\"pf-c-nav__link my-custom-node\\">My custom node</div></li></ul><button class=\\"pf-c-nav__scroll-button\\" aria-label=\\"Scroll right\\" disabled=\\"\\"><svg style=\\"vertical-align: -0.125em;\\" fill=\\"currentColor\\" height=\\"1em\\" width=\\"1em\\" viewBox=\\"0 0 256 512\\" aria-hidden=\\"true\\" role=\\"img\\"><path d=\\"M224.3 273l-136 136c-9.4 9.4-24.6 9.4-33.9 0l-22.6-22.6c-9.4-9.4-9.4-24.6 0-33.9l96.4-96.4-96.4-96.4c-9.4-9.4-9.4-24.6 0-33.9L54.3 103c9.4-9.4 24.6-9.4 33.9 0l136 136c9.5 9.4 9.5 24.6.1 34z\\"></path></svg></button></nav>"`;

exports[`Nav Tertiary Nav List 1`] = `"<nav class=\\"pf-c-nav pf-m-horizontal pf-m-tertiary\\" aria-label=\\"Local\\" data-ouia-component-type=\\"PF4/Nav\\" data-ouia-safe=\\"true\\" data-ouia-component-id=\\"OUIA-Generated-Nav-tertiary-1\\"><button class=\\"pf-c-nav__scroll-button\\" aria-label=\\"Scroll left\\" disabled=\\"\\"><svg style=\\"vertical-align: -0.125em;\\" fill=\\"currentColor\\" height=\\"1em\\" width=\\"1em\\" viewBox=\\"0 0 256 512\\" aria-hidden=\\"true\\" role=\\"img\\"><path d=\\"M31.7 239l136-136c9.4-9.4 24.6-9.4 33.9 0l22.6 22.6c9.4 9.4 9.4 24.6 0 33.9L127.9 256l96.4 96.4c9.4 9.4 9.4 24.6 0 33.9L201.7 409c-9.4 9.4-24.6 9.4-33.9 0l-136-136c-9.5-9.4-9.5-24.6-.1-34z\\"></path></svg></button><ul class=\\"pf-c-nav__list\\"><li class=\\"pf-c-nav__item\\" data-ouia-component-type=\\"PF4/NavItem\\" data-ouia-safe=\\"true\\" data-ouia-component-id=\\"OUIA-Generated-NavItem-41\\"><a href=\\"#link1\\" class=\\"pf-c-nav__link\\">Link 1</a></li><li class=\\"pf-c-nav__item\\" data-ouia-component-type=\\"PF4/NavItem\\" data-ouia-safe=\\"true\\" data-ouia-component-id=\\"OUIA-Generated-NavItem-42\\"><a href=\\"#link2\\" class=\\"pf-c-nav__link\\">Link 2</a></li><li class=\\"pf-c-nav__item\\" data-ouia-component-type=\\"PF4/NavItem\\" data-ouia-safe=\\"true\\" data-ouia-component-id=\\"OUIA-Generated-NavItem-43\\"><a href=\\"#link3\\" class=\\"pf-c-nav__link\\">Link 3</a></li><li class=\\"pf-c-nav__item\\" data-ouia-component-type=\\"PF4/NavItem\\" data-ouia-safe=\\"true\\" data-ouia-component-id=\\"OUIA-Generated-NavItem-44\\"><a href=\\"#link4\\" class=\\"pf-c-nav__link\\">Link 4</a></li></ul><button class=\\"pf-c-nav__scroll-button\\" aria-label=\\"Scroll right\\" disabled=\\"\\"><svg style=\\"vertical-align: -0.125em;\\" fill=\\"currentColor\\" height=\\"1em\\" width=\\"1em\\" viewBox=\\"0 0 256 512\\" aria-hidden=\\"true\\" role=\\"img\\"><path d=\\"M224.3 273l-136 136c-9.4 9.4-24.6 9.4-33.9 0l-22.6-22.6c-9.4-9.4-9.4-24.6 0-33.9l96.4-96.4-96.4-96.4c-9.4-9.4-9.4-24.6 0-33.9L54.3 103c9.4-9.4 24.6-9.4 33.9 0l136 136c9.5 9.4 9.5 24.6.1 34z\\"></path></svg></button></nav>"`;
