// Jest Snapshot v1, https://goo.gl/fbAQLP

exports[`Menu should render Menu successfully 1`] = `"<div class=\\"pf-c-menu\\" data-ouia-component-type=\\"PF4/Menu\\" data-ouia-safe=\\"true\\" data-ouia-component-id=\\"OUIA-Generated-Menu-1\\">content</div>"`;
