// Jest Snapshot v1, https://goo.gl/fbAQLP

exports[`DesktopViewer default MoreInformationContent 1`] = `"<p>Clicking \\"Launch Remote Viewer\\" will download a .vv file and launch <i>Remote Viewer</i></p>"`;

exports[`DesktopViewer empty 1`] = `"<div class=\\"pf-c-console__desktop-viewer\\"><div class=\\"pf-c-console__remote-viewer\\"><div class=\\"pf-c-console__remote-viewer-launch\\"><button aria-disabled=\\"true\\" class=\\"pf-c-button pf-m-primary pf-m-disabled pf-c-console__remote-viewer-launch-vv\\" disabled=\\"\\" type=\\"button\\" data-ouia-component-type=\\"PF4/Button\\" data-ouia-safe=\\"true\\" data-ouia-component-id=\\"OUIA-Generated-Button-primary-1\\">Launch Remote Viewer</button></div></div><div class=\\"pf-c-console__manual-connection\\"><h2 data-ouia-component-type=\\"PF4/Title\\" data-ouia-safe=\\"true\\" data-ouia-component-id=\\"OUIA-Generated-Title-1\\" class=\\"pf-c-title pf-m-3xl\\">Manual Connection</h2><p>No connection available.</p><dl class=\\"pf-c-description-list\\"></dl></div></div>"`;

exports[`DesktopViewer with Spice and VNC 1`] = `"<div class=\\"pf-c-console__desktop-viewer\\"><div class=\\"pf-c-console__remote-viewer\\"><div class=\\"pf-c-console__remote-viewer-launch\\"><button aria-disabled=\\"false\\" class=\\"pf-c-button pf-m-primary pf-c-console__remote-viewer-launch-vv\\" type=\\"button\\" data-ouia-component-type=\\"PF4/Button\\" data-ouia-safe=\\"true\\" data-ouia-component-id=\\"OUIA-Generated-Button-primary-2\\">Launch Remote Viewer</button></div><div class=\\"pf-c-expandable-section\\"><button class=\\"pf-c-expandable-section__toggle\\" type=\\"button\\" aria-expanded=\\"false\\"><span class=\\"pf-c-expandable-section__toggle-icon\\"><svg style=\\"vertical-align: -0.125em;\\" fill=\\"currentColor\\" height=\\"1em\\" width=\\"1em\\" viewBox=\\"0 0 256 512\\" aria-hidden=\\"true\\" role=\\"img\\"><path d=\\"M224.3 273l-136 136c-9.4 9.4-24.6 9.4-33.9 0l-22.6-22.6c-9.4-9.4-9.4-24.6 0-33.9l96.4-96.4-96.4-96.4c-9.4-9.4-9.4-24.6 0-33.9L54.3 103c9.4-9.4 24.6-9.4 33.9 0l136 136c9.5 9.4 9.5 24.6.1 34z\\"></path></svg></span><span class=\\"pf-c-expandable-section__toggle-text\\">Remote Viewer Details</span></button><div class=\\"pf-c-expandable-section__content\\" hidden=\\"\\" id=\\"\\"><dl class=\\"pf-c-description-list pf-m-horizontal\\"><div class=\\"pf-c-description-list__group\\"><dt class=\\"pf-c-description-list__term\\"><span class=\\"pf-c-description-list__text\\">RHEL, CentOS</span></dt><dd class=\\"pf-c-description-list__description\\"><div class=\\"pf-c-description-list__text\\">sudo yum install virt-viewer</div></dd></div><div class=\\"pf-c-description-list__group\\"><dt class=\\"pf-c-description-list__term\\"><span class=\\"pf-c-description-list__text\\">Fedora</span></dt><dd class=\\"pf-c-description-list__description\\"><div class=\\"pf-c-description-list__text\\">sudo dnf install virt-viewer</div></dd></div><div class=\\"pf-c-description-list__group\\"><dt class=\\"pf-c-description-list__term\\"><span class=\\"pf-c-description-list__text\\">Ubuntu, Debian</span></dt><dd class=\\"pf-c-description-list__description\\"><div class=\\"pf-c-description-list__text\\">sudo apt-get install virt-viewer</div></dd></div><div class=\\"pf-c-description-list__group\\"><dt class=\\"pf-c-description-list__term\\"><span class=\\"pf-c-description-list__text\\">Windows</span></dt><dd class=\\"pf-c-description-list__description\\"><div class=\\"pf-c-description-list__text\\"><div>Download the MSI from <a href=\\"https://virt-manager.org/download/\\" target=\\"_blank\\" rel=\\"noopener noreferrer\\">virt-manager.org</a></div></div></dd></div></dl></div></div></div><div class=\\"pf-c-console__manual-connection\\"><h2 data-ouia-component-type=\\"PF4/Title\\" data-ouia-safe=\\"true\\" data-ouia-component-id=\\"OUIA-Generated-Title-2\\" class=\\"pf-c-title pf-m-3xl\\">Manual Connection</h2><p>Connect with any viewer application for following protocols</p><dl class=\\"pf-c-description-list\\"><div class=\\"pf-c-description-list__group\\"><dt class=\\"pf-c-description-list__term\\"><span class=\\"pf-c-description-list__text\\">Address</span></dt><dd class=\\"pf-c-description-list__description\\"><div class=\\"pf-c-description-list__text\\">my.host.com</div></dd></div><div class=\\"pf-c-description-list__group\\"><dt class=\\"pf-c-description-list__term\\"><span class=\\"pf-c-description-list__text\\">SPICE Port</span></dt><dd class=\\"pf-c-description-list__description\\"><div class=\\"pf-c-description-list__text\\">5900</div></dd></div><div class=\\"pf-c-description-list__group\\"><dt class=\\"pf-c-description-list__term\\"><span class=\\"pf-c-description-list__text\\">SPICE TLS Port</span></dt><dd class=\\"pf-c-description-list__description\\"><div class=\\"pf-c-description-list__text\\">5901</div></dd></div><div class=\\"pf-c-description-list__group\\"><dt class=\\"pf-c-description-list__term\\"><span class=\\"pf-c-description-list__text\\">VNC Port</span></dt><dd class=\\"pf-c-description-list__description\\"><div class=\\"pf-c-description-list__text\\">5902</div></dd></div><div class=\\"pf-c-description-list__group\\"><dt class=\\"pf-c-description-list__term\\"><span class=\\"pf-c-description-list__text\\">VNC TLS Port</span></dt><dd class=\\"pf-c-description-list__description\\"><div class=\\"pf-c-description-list__text\\">5903</div></dd></div></dl></div></div>"`;

exports[`DesktopViewer with Spice, VNC and RDP (different hostname) 1`] = `"<div class=\\"pf-c-console__desktop-viewer\\"><div class=\\"pf-c-console__remote-viewer\\"><div class=\\"pf-c-console__remote-viewer-launch\\"><button aria-disabled=\\"false\\" class=\\"pf-c-button pf-m-primary pf-c-console__remote-viewer-launch-vv\\" type=\\"button\\" data-ouia-component-type=\\"PF4/Button\\" data-ouia-safe=\\"true\\" data-ouia-component-id=\\"OUIA-Generated-Button-primary-5\\">Launch Remote Viewer</button><button aria-disabled=\\"false\\" class=\\"pf-c-button pf-m-primary pf-c-console__remote-viewer-launch-rdp\\" type=\\"button\\" data-ouia-component-type=\\"PF4/Button\\" data-ouia-safe=\\"true\\" data-ouia-component-id=\\"OUIA-Generated-Button-primary-6\\">Launch Remote Desktop</button></div><div class=\\"pf-c-expandable-section\\"><button class=\\"pf-c-expandable-section__toggle\\" type=\\"button\\" aria-expanded=\\"false\\"><span class=\\"pf-c-expandable-section__toggle-icon\\"><svg style=\\"vertical-align: -0.125em;\\" fill=\\"currentColor\\" height=\\"1em\\" width=\\"1em\\" viewBox=\\"0 0 256 512\\" aria-hidden=\\"true\\" role=\\"img\\"><path d=\\"M224.3 273l-136 136c-9.4 9.4-24.6 9.4-33.9 0l-22.6-22.6c-9.4-9.4-9.4-24.6 0-33.9l96.4-96.4-96.4-96.4c-9.4-9.4-9.4-24.6 0-33.9L54.3 103c9.4-9.4 24.6-9.4 33.9 0l136 136c9.5 9.4 9.5 24.6.1 34z\\"></path></svg></span><span class=\\"pf-c-expandable-section__toggle-text\\">Remote Viewer Details</span></button><div class=\\"pf-c-expandable-section__content\\" hidden=\\"\\" id=\\"\\"><dl class=\\"pf-c-description-list pf-m-horizontal\\"><div class=\\"pf-c-description-list__group\\"><dt class=\\"pf-c-description-list__term\\"><span class=\\"pf-c-description-list__text\\">RHEL, CentOS</span></dt><dd class=\\"pf-c-description-list__description\\"><div class=\\"pf-c-description-list__text\\">sudo yum install virt-viewer</div></dd></div><div class=\\"pf-c-description-list__group\\"><dt class=\\"pf-c-description-list__term\\"><span class=\\"pf-c-description-list__text\\">Fedora</span></dt><dd class=\\"pf-c-description-list__description\\"><div class=\\"pf-c-description-list__text\\">sudo dnf install virt-viewer</div></dd></div><div class=\\"pf-c-description-list__group\\"><dt class=\\"pf-c-description-list__term\\"><span class=\\"pf-c-description-list__text\\">Ubuntu, Debian</span></dt><dd class=\\"pf-c-description-list__description\\"><div class=\\"pf-c-description-list__text\\">sudo apt-get install virt-viewer</div></dd></div><div class=\\"pf-c-description-list__group\\"><dt class=\\"pf-c-description-list__term\\"><span class=\\"pf-c-description-list__text\\">Windows</span></dt><dd class=\\"pf-c-description-list__description\\"><div class=\\"pf-c-description-list__text\\"><div>Download the MSI from <a href=\\"https://virt-manager.org/download/\\" target=\\"_blank\\" rel=\\"noopener noreferrer\\">virt-manager.org</a></div></div></dd></div></dl></div></div><div class=\\"pf-c-expandable-section\\"><button class=\\"pf-c-expandable-section__toggle\\" type=\\"button\\" aria-expanded=\\"false\\"><span class=\\"pf-c-expandable-section__toggle-icon\\"><svg style=\\"vertical-align: -0.125em;\\" fill=\\"currentColor\\" height=\\"1em\\" width=\\"1em\\" viewBox=\\"0 0 256 512\\" aria-hidden=\\"true\\" role=\\"img\\"><path d=\\"M224.3 273l-136 136c-9.4 9.4-24.6 9.4-33.9 0l-22.6-22.6c-9.4-9.4-9.4-24.6 0-33.9l96.4-96.4-96.4-96.4c-9.4-9.4-9.4-24.6 0-33.9L54.3 103c9.4-9.4 24.6-9.4 33.9 0l136 136c9.5 9.4 9.5 24.6.1 34z\\"></path></svg></span><span class=\\"pf-c-expandable-section__toggle-text\\">Remote Desktop Details</span></button><div class=\\"pf-c-expandable-section__content\\" hidden=\\"\\" id=\\"\\"></div></div></div><div class=\\"pf-c-console__manual-connection\\"><h2 data-ouia-component-type=\\"PF4/Title\\" data-ouia-safe=\\"true\\" data-ouia-component-id=\\"OUIA-Generated-Title-4\\" class=\\"pf-c-title pf-m-3xl\\">Manual Connection</h2><p>Connect with any viewer application for following protocols</p><dl class=\\"pf-c-description-list\\"><div class=\\"pf-c-description-list__group\\"><dt class=\\"pf-c-description-list__term\\"><span class=\\"pf-c-description-list__text\\">Address</span></dt><dd class=\\"pf-c-description-list__description\\"><div class=\\"pf-c-description-list__text\\">my.host.com</div></dd></div><div class=\\"pf-c-description-list__group\\"><dt class=\\"pf-c-description-list__term\\"><span class=\\"pf-c-description-list__text\\">RDP Address</span></dt><dd class=\\"pf-c-description-list__description\\"><div class=\\"pf-c-description-list__text\\">my.differenthost.com</div></dd></div><div class=\\"pf-c-description-list__group\\"><dt class=\\"pf-c-description-list__term\\"><span class=\\"pf-c-description-list__text\\">SPICE Port</span></dt><dd class=\\"pf-c-description-list__description\\"><div class=\\"pf-c-description-list__text\\">5900</div></dd></div><div class=\\"pf-c-description-list__group\\"><dt class=\\"pf-c-description-list__term\\"><span class=\\"pf-c-description-list__text\\">SPICE TLS Port</span></dt><dd class=\\"pf-c-description-list__description\\"><div class=\\"pf-c-description-list__text\\">5901</div></dd></div><div class=\\"pf-c-description-list__group\\"><dt class=\\"pf-c-description-list__term\\"><span class=\\"pf-c-description-list__text\\">VNC Port</span></dt><dd class=\\"pf-c-description-list__description\\"><div class=\\"pf-c-description-list__text\\">5902</div></dd></div><div class=\\"pf-c-description-list__group\\"><dt class=\\"pf-c-description-list__term\\"><span class=\\"pf-c-description-list__text\\">VNC TLS Port</span></dt><dd class=\\"pf-c-description-list__description\\"><div class=\\"pf-c-description-list__text\\">5903</div></dd></div><div class=\\"pf-c-description-list__group\\"><dt class=\\"pf-c-description-list__term\\"><span class=\\"pf-c-description-list__text\\">RDP Port</span></dt><dd class=\\"pf-c-description-list__description\\"><div class=\\"pf-c-description-list__text\\">1234</div></dd></div></dl></div></div>"`;

exports[`DesktopViewer with Spice, VNC and RDP 1`] = `"<div class=\\"pf-c-console__desktop-viewer\\"><div class=\\"pf-c-console__remote-viewer\\"><div class=\\"pf-c-console__remote-viewer-launch\\"><button aria-disabled=\\"false\\" class=\\"pf-c-button pf-m-primary pf-c-console__remote-viewer-launch-vv\\" type=\\"button\\" data-ouia-component-type=\\"PF4/Button\\" data-ouia-safe=\\"true\\" data-ouia-component-id=\\"OUIA-Generated-Button-primary-3\\">Launch Remote Viewer</button><button aria-disabled=\\"false\\" class=\\"pf-c-button pf-m-primary pf-c-console__remote-viewer-launch-rdp\\" type=\\"button\\" data-ouia-component-type=\\"PF4/Button\\" data-ouia-safe=\\"true\\" data-ouia-component-id=\\"OUIA-Generated-Button-primary-4\\">Launch Remote Desktop</button></div><div class=\\"pf-c-expandable-section\\"><button class=\\"pf-c-expandable-section__toggle\\" type=\\"button\\" aria-expanded=\\"false\\"><span class=\\"pf-c-expandable-section__toggle-icon\\"><svg style=\\"vertical-align: -0.125em;\\" fill=\\"currentColor\\" height=\\"1em\\" width=\\"1em\\" viewBox=\\"0 0 256 512\\" aria-hidden=\\"true\\" role=\\"img\\"><path d=\\"M224.3 273l-136 136c-9.4 9.4-24.6 9.4-33.9 0l-22.6-22.6c-9.4-9.4-9.4-24.6 0-33.9l96.4-96.4-96.4-96.4c-9.4-9.4-9.4-24.6 0-33.9L54.3 103c9.4-9.4 24.6-9.4 33.9 0l136 136c9.5 9.4 9.5 24.6.1 34z\\"></path></svg></span><span class=\\"pf-c-expandable-section__toggle-text\\">Remote Viewer Details</span></button><div class=\\"pf-c-expandable-section__content\\" hidden=\\"\\" id=\\"\\"><dl class=\\"pf-c-description-list pf-m-horizontal\\"><div class=\\"pf-c-description-list__group\\"><dt class=\\"pf-c-description-list__term\\"><span class=\\"pf-c-description-list__text\\">RHEL, CentOS</span></dt><dd class=\\"pf-c-description-list__description\\"><div class=\\"pf-c-description-list__text\\">sudo yum install virt-viewer</div></dd></div><div class=\\"pf-c-description-list__group\\"><dt class=\\"pf-c-description-list__term\\"><span class=\\"pf-c-description-list__text\\">Fedora</span></dt><dd class=\\"pf-c-description-list__description\\"><div class=\\"pf-c-description-list__text\\">sudo dnf install virt-viewer</div></dd></div><div class=\\"pf-c-description-list__group\\"><dt class=\\"pf-c-description-list__term\\"><span class=\\"pf-c-description-list__text\\">Ubuntu, Debian</span></dt><dd class=\\"pf-c-description-list__description\\"><div class=\\"pf-c-description-list__text\\">sudo apt-get install virt-viewer</div></dd></div><div class=\\"pf-c-description-list__group\\"><dt class=\\"pf-c-description-list__term\\"><span class=\\"pf-c-description-list__text\\">Windows</span></dt><dd class=\\"pf-c-description-list__description\\"><div class=\\"pf-c-description-list__text\\"><div>Download the MSI from <a href=\\"https://virt-manager.org/download/\\" target=\\"_blank\\" rel=\\"noopener noreferrer\\">virt-manager.org</a></div></div></dd></div></dl></div></div><div class=\\"pf-c-expandable-section\\"><button class=\\"pf-c-expandable-section__toggle\\" type=\\"button\\" aria-expanded=\\"false\\"><span class=\\"pf-c-expandable-section__toggle-icon\\"><svg style=\\"vertical-align: -0.125em;\\" fill=\\"currentColor\\" height=\\"1em\\" width=\\"1em\\" viewBox=\\"0 0 256 512\\" aria-hidden=\\"true\\" role=\\"img\\"><path d=\\"M224.3 273l-136 136c-9.4 9.4-24.6 9.4-33.9 0l-22.6-22.6c-9.4-9.4-9.4-24.6 0-33.9l96.4-96.4-96.4-96.4c-9.4-9.4-9.4-24.6 0-33.9L54.3 103c9.4-9.4 24.6-9.4 33.9 0l136 136c9.5 9.4 9.5 24.6.1 34z\\"></path></svg></span><span class=\\"pf-c-expandable-section__toggle-text\\">Remote Desktop Details</span></button><div class=\\"pf-c-expandable-section__content\\" hidden=\\"\\" id=\\"\\"></div></div></div><div class=\\"pf-c-console__manual-connection\\"><h2 data-ouia-component-type=\\"PF4/Title\\" data-ouia-safe=\\"true\\" data-ouia-component-id=\\"OUIA-Generated-Title-3\\" class=\\"pf-c-title pf-m-3xl\\">Manual Connection</h2><p>Connect with any viewer application for following protocols</p><dl class=\\"pf-c-description-list\\"><div class=\\"pf-c-description-list__group\\"><dt class=\\"pf-c-description-list__term\\"><span class=\\"pf-c-description-list__text\\">Address</span></dt><dd class=\\"pf-c-description-list__description\\"><div class=\\"pf-c-description-list__text\\">my.host.com</div></dd></div><div class=\\"pf-c-description-list__group\\"><dt class=\\"pf-c-description-list__term\\"><span class=\\"pf-c-description-list__text\\">SPICE Port</span></dt><dd class=\\"pf-c-description-list__description\\"><div class=\\"pf-c-description-list__text\\">5900</div></dd></div><div class=\\"pf-c-description-list__group\\"><dt class=\\"pf-c-description-list__term\\"><span class=\\"pf-c-description-list__text\\">SPICE TLS Port</span></dt><dd class=\\"pf-c-description-list__description\\"><div class=\\"pf-c-description-list__text\\">5901</div></dd></div><div class=\\"pf-c-description-list__group\\"><dt class=\\"pf-c-description-list__term\\"><span class=\\"pf-c-description-list__text\\">VNC Port</span></dt><dd class=\\"pf-c-description-list__description\\"><div class=\\"pf-c-description-list__text\\">5902</div></dd></div><div class=\\"pf-c-description-list__group\\"><dt class=\\"pf-c-description-list__term\\"><span class=\\"pf-c-description-list__text\\">VNC TLS Port</span></dt><dd class=\\"pf-c-description-list__description\\"><div class=\\"pf-c-description-list__text\\">5903</div></dd></div><div class=\\"pf-c-description-list__group\\"><dt class=\\"pf-c-description-list__term\\"><span class=\\"pf-c-description-list__text\\">RDP Port</span></dt><dd class=\\"pf-c-description-list__description\\"><div class=\\"pf-c-description-list__text\\">3389</div></dd></div></dl></div></div>"`;
