// Jest Snapshot v1, https://goo.gl/fbAQLP

exports[`About Modal Container Test isOpen 1`] = `"<div><div class=\\"pf-c-backdrop\\"><div class=\\"pf-l-bullseye\\"><div role=\\"dialog\\" aria-modal=\\"true\\" class=\\"pf-c-about-modal-box\\"><div class=\\"pf-c-about-modal-box__brand\\"><img class=\\"pf-c-about-modal-box__brand-image\\" src=\\"brandImg...\\" alt=\\"Brand Image\\"></div><div class=\\"pf-c-about-modal-box__close\\"><button aria-disabled=\\"false\\" aria-label=\\"Close Dialog\\" class=\\"pf-c-button pf-m-plain\\" type=\\"button\\" data-ouia-component-type=\\"PF4/Button\\" data-ouia-safe=\\"true\\" data-ouia-component-id=\\"OUIA-Generated-Button-plain-1\\"><svg style=\\"vertical-align: -0.125em;\\" fill=\\"currentColor\\" height=\\"1em\\" width=\\"1em\\" viewBox=\\"0 0 352 512\\" aria-hidden=\\"true\\" role=\\"img\\"><path d=\\"M242.72 256l100.07-100.07c12.28-12.28 12.28-32.19 0-44.48l-22.24-22.24c-12.28-12.28-32.19-12.28-44.48 0L176 189.28 75.93 89.21c-12.28-12.28-32.19-12.28-44.48 0L9.21 111.45c-12.28 12.28-12.28 32.19 0 44.48L109.28 256 9.21 356.07c-12.28 12.28-12.28 32.19 0 44.48l22.24 22.24c12.28 12.28 32.2 12.28 44.48 0L176 322.72l100.07 100.07c12.28 12.28 32.2 12.28 44.48 0l22.24-22.24c12.28-12.28 12.28-32.19 0-44.48L242.72 256z\\"></path></svg></button></div><div class=\\"pf-c-about-modal-box__header\\"><h1 data-ouia-component-type=\\"PF4/Title\\" data-ouia-safe=\\"true\\" data-ouia-component-id=\\"OUIA-Generated-Title-1\\" class=\\"pf-c-title pf-m-4xl\\">Product Name</h1></div><div class=\\"pf-c-about-modal-box__content\\" title=\\"Test Modal Container title\\" aria-labelledby=\\"ariaLablledbyId\\" aria-describedby=\\"ariaDescribedById\\"><div class=\\"pf-c-about-modal-box__body\\"><div class=\\"pf-c-content\\">This is ModalBox content</div></div><p class=\\"pf-c-about-modal-box__strapline\\">Trademark and copyright information here</p></div><div style=\\"--pf-c-about-modal-box__hero--sm--BackgroundImage: url(backgroundImageSrc...);\\" class=\\"pf-c-about-modal-box__hero\\"></div></div></div></div></div>"`;

exports[`About Modal Container Test simple 1`] = `"<div></div>"`;

exports[`About Modal Container Test with onlose 1`] = `"<div></div>"`;
