// Jest Snapshot v1, https://goo.gl/fbAQLP

exports[`test About Modal Box SHero 1`] = `"<div><div style=\\"--pf-c-about-modal-box__hero--sm--BackgroundImage: url(undefined);\\" class=\\"pf-c-about-modal-box__hero\\"></div></div>"`;
