// Jest Snapshot v1, https://goo.gl/fbAQLP

exports[`Radio controlled 1`] = `"<input id=\\"check\\" name=\\"check\\" class=\\"pf-c-radio__input\\" type=\\"radio\\" aria-invalid=\\"false\\" aria-label=\\"check\\" data-ouia-component-type=\\"PF4/Radio\\" data-ouia-safe=\\"true\\" data-ouia-component-id=\\"OUIA-Generated-Radio-1\\" checked=\\"\\">"`;

exports[`Radio isDisabled 1`] = `"<input id=\\"check\\" name=\\"check\\" class=\\"pf-c-radio__input\\" type=\\"radio\\" aria-invalid=\\"false\\" disabled=\\"\\" aria-label=\\"check\\" data-ouia-component-type=\\"PF4/Radio\\" data-ouia-safe=\\"true\\" data-ouia-component-id=\\"OUIA-Generated-Radio-3\\">"`;

exports[`Radio isLabelBeforeButton 1`] = `"<input id=\\"check\\" name=\\"check\\" class=\\"pf-c-radio__input\\" type=\\"radio\\" aria-invalid=\\"false\\" data-ouia-component-type=\\"PF4/Radio\\" data-ouia-safe=\\"true\\" data-ouia-component-id=\\"OUIA-Generated-Radio-4\\">"`;

exports[`Radio isLabelWrapped 1`] = `"<input id=\\"check\\" name=\\"check\\" class=\\"pf-c-radio__input\\" type=\\"radio\\" aria-invalid=\\"false\\" data-ouia-component-type=\\"PF4/Radio\\" data-ouia-safe=\\"true\\" data-ouia-component-id=\\"OUIA-Generated-Radio-5\\">"`;

exports[`Radio label is function 1`] = `"<input id=\\"check\\" name=\\"check\\" class=\\"pf-c-radio__input\\" type=\\"radio\\" aria-invalid=\\"false\\" data-ouia-component-type=\\"PF4/Radio\\" data-ouia-safe=\\"true\\" data-ouia-component-id=\\"OUIA-Generated-Radio-7\\" checked=\\"\\">"`;

exports[`Radio label is node 1`] = `"<input id=\\"check\\" name=\\"check\\" class=\\"pf-c-radio__input\\" type=\\"radio\\" aria-invalid=\\"false\\" data-ouia-component-type=\\"PF4/Radio\\" data-ouia-safe=\\"true\\" data-ouia-component-id=\\"OUIA-Generated-Radio-8\\" checked=\\"\\">"`;

exports[`Radio label is string 1`] = `"<input id=\\"check\\" name=\\"check\\" class=\\"pf-c-radio__input\\" type=\\"radio\\" aria-invalid=\\"false\\" data-ouia-component-type=\\"PF4/Radio\\" data-ouia-safe=\\"true\\" data-ouia-component-id=\\"OUIA-Generated-Radio-6\\" checked=\\"\\">"`;

exports[`Radio passing HTML attribute 1`] = `"<input aria-labelledby=\\"labelId\\" id=\\"check\\" name=\\"check\\" class=\\"pf-c-radio__input\\" type=\\"radio\\" aria-invalid=\\"false\\" data-ouia-component-type=\\"PF4/Radio\\" data-ouia-safe=\\"true\\" data-ouia-component-id=\\"OUIA-Generated-Radio-10\\" checked=\\"\\">"`;

exports[`Radio passing class 1`] = `"<input id=\\"check\\" name=\\"check\\" class=\\"pf-c-radio__input\\" type=\\"radio\\" aria-invalid=\\"false\\" data-ouia-component-type=\\"PF4/Radio\\" data-ouia-safe=\\"true\\" data-ouia-component-id=\\"OUIA-Generated-Radio-9\\" checked=\\"\\">"`;

exports[`Radio uncontrolled 1`] = `"<input id=\\"check\\" name=\\"check\\" class=\\"pf-c-radio__input\\" type=\\"radio\\" aria-invalid=\\"false\\" aria-label=\\"check\\" data-ouia-component-type=\\"PF4/Radio\\" data-ouia-safe=\\"true\\" data-ouia-component-id=\\"OUIA-Generated-Radio-2\\">"`;
