// Jest Snapshot v1, https://goo.gl/fbAQLP

exports[`MultipleFileUpload renders custom class names 1`] = `"<div class=\\"pf-c-multiple-file-upload test\\" tabindex=\\"0\\"><input type=\\"file\\" style=\\"display: none;\\" multiple=\\"\\" autocomplete=\\"off\\" tabindex=\\"-1\\">Foo</div>"`;

exports[`MultipleFileUpload renders with expected class names when horizontal 1`] = `"<div class=\\"pf-c-multiple-file-upload pf-m-horizontal\\" tabindex=\\"0\\"><input type=\\"file\\" style=\\"display: none;\\" multiple=\\"\\" autocomplete=\\"off\\" tabindex=\\"-1\\">Foo</div>"`;
