// Jest Snapshot v1, https://goo.gl/fbAQLP

exports[`Wizard Expandable Nav Wizard should match snapshot 1`] = `"<h2 data-ouia-component-type=\\"PF4/Title\\" data-ouia-safe=\\"true\\" data-ouia-component-id=\\"OUIA-Generated-Title-2\\" aria-label=\\"Wizard title\\" id=\\"pf-wizard-title-1\\" class=\\"pf-c-title pf-m-3xl pf-c-wizard__title\\">Wizard title</h2>"`;

exports[`Wizard Wizard should match snapshot 1`] = `"<h2 data-ouia-component-type=\\"PF4/Title\\" data-ouia-safe=\\"true\\" data-ouia-component-id=\\"OUIA-Generated-Title-1\\" aria-label=\\"Wizard title\\" id=\\"pf-wizard-title-0\\" class=\\"pf-c-title pf-m-3xl pf-c-wizard__title\\">Wizard title</h2>"`;

exports[`Wizard bare wiz 1`] = `"<div id=\\"inPageWizWithAnchorsId\\" data-testid=\\"wizard-test-id\\" class=\\"pf-c-wizard\\"><button class=\\"pf-c-wizard__toggle\\" aria-label=\\"Wizard Toggle\\" aria-expanded=\\"false\\"><span class=\\"pf-c-wizard__toggle-list\\"><span class=\\"pf-c-wizard__toggle-list-item\\"><span class=\\"pf-c-wizard__toggle-num\\">1</span> A</span></span><span class=\\"pf-c-wizard__toggle-icon\\"><svg style=\\"vertical-align: -0.125em;\\" fill=\\"currentColor\\" height=\\"1em\\" width=\\"1em\\" viewBox=\\"0 0 320 512\\" aria-hidden=\\"true\\" role=\\"img\\"><path d=\\"M31.3 192h257.3c17.8 0 26.7 21.5 14.1 34.1L174.1 354.8c-7.8 7.8-20.5 7.8-28.3 0L17.2 226.1C4.6 213.5 13.5 192 31.3 192z\\"></path></svg></span></button><div class=\\"pf-c-wizard__outer-wrap\\"><div class=\\"pf-c-wizard__inner-wrap\\"><nav class=\\"pf-c-wizard__nav\\"><ol class=\\"pf-c-wizard__nav-list\\"><li class=\\"pf-c-wizard__nav-item\\"><button class=\\"pf-c-wizard__nav-link pf-m-current\\" aria-current=\\"step\\">A</button></li></ol></nav><div class=\\"pf-c-wizard__main\\"><div class=\\"pf-c-wizard__main-body\\"><p>Step 1</p></div></div></div><footer class=\\"pf-c-wizard__footer\\"><button aria-disabled=\\"false\\" class=\\"pf-c-button pf-m-primary\\" type=\\"submit\\" data-ouia-component-type=\\"PF4/Button\\" data-ouia-safe=\\"true\\" data-ouia-component-id=\\"OUIA-Generated-Button-primary-3\\">Next</button><button aria-disabled=\\"true\\" class=\\"pf-c-button pf-m-secondary pf-m-disabled\\" disabled=\\"\\" type=\\"button\\" data-ouia-component-type=\\"PF4/Button\\" data-ouia-safe=\\"true\\" data-ouia-component-id=\\"OUIA-Generated-Button-secondary-3\\">Back</button><div class=\\"pf-c-wizard__footer-cancel\\"><button aria-disabled=\\"false\\" class=\\"pf-c-button pf-m-link\\" type=\\"button\\" data-ouia-component-type=\\"PF4/Button\\" data-ouia-safe=\\"true\\" data-ouia-component-id=\\"OUIA-Generated-Button-link-3\\">Cancel</button></div></footer></div></div>"`;
