// Jest Snapshot v1, https://goo.gl/fbAQLP

exports[`Chip closable 1`] = `"<div><div class=\\"pf-c-chip my-chp-cls\\" data-ouia-component-type=\\"PF4/Chip\\" data-ouia-safe=\\"true\\" data-ouia-component-id=\\"OUIA-Generated-Chip-2\\"><span class=\\"pf-c-chip__text\\" id=\\"chip_one\\">Chip</span><button id=\\"remove_chip_one\\" aria-labelledby=\\"remove_chip_one chip_one\\" aria-disabled=\\"false\\" aria-label=\\"close\\" class=\\"pf-c-button pf-m-plain\\" type=\\"button\\" data-ouia-component-type=\\"PF4/Button\\" data-ouia-safe=\\"true\\" data-ouia-component-id=\\"close\\"><svg style=\\"vertical-align: -0.125em;\\" fill=\\"currentColor\\" height=\\"1em\\" width=\\"1em\\" viewBox=\\"0 0 352 512\\" aria-hidden=\\"true\\" role=\\"img\\"><path d=\\"M242.72 256l100.07-100.07c12.28-12.28 12.28-32.19 0-44.48l-22.24-22.24c-12.28-12.28-32.19-12.28-44.48 0L176 189.28 75.93 89.21c-12.28-12.28-32.19-12.28-44.48 0L9.21 111.45c-12.28 12.28-12.28 32.19 0 44.48L109.28 256 9.21 356.07c-12.28 12.28-12.28 32.19 0 44.48l22.24 22.24c12.28 12.28 32.2 12.28 44.48 0L176 322.72l100.07 100.07c12.28 12.28 32.2 12.28 44.48 0l22.24-22.24c12.28-12.28 12.28-32.19 0-44.48L242.72 256z\\"></path></svg></button></div></div>"`;

exports[`Chip closable with tooltip 1`] = `"<div><div class=\\"pf-c-chip my-chp-cls\\" data-ouia-component-type=\\"PF4/Chip\\" data-ouia-safe=\\"true\\" data-ouia-component-id=\\"OUIA-Generated-Chip-3\\"><span class=\\"pf-c-chip__text\\" id=\\"chip_one\\">1234567890123456789</span><button id=\\"remove_chip_one\\" aria-labelledby=\\"remove_chip_one chip_one\\" aria-disabled=\\"false\\" aria-label=\\"close\\" class=\\"pf-c-button pf-m-plain\\" type=\\"button\\" data-ouia-component-type=\\"PF4/Button\\" data-ouia-safe=\\"true\\" data-ouia-component-id=\\"close\\"><svg style=\\"vertical-align: -0.125em;\\" fill=\\"currentColor\\" height=\\"1em\\" width=\\"1em\\" viewBox=\\"0 0 352 512\\" aria-hidden=\\"true\\" role=\\"img\\"><path d=\\"M242.72 256l100.07-100.07c12.28-12.28 12.28-32.19 0-44.48l-22.24-22.24c-12.28-12.28-32.19-12.28-44.48 0L176 189.28 75.93 89.21c-12.28-12.28-32.19-12.28-44.48 0L9.21 111.45c-12.28 12.28-12.28 32.19 0 44.48L109.28 256 9.21 356.07c-12.28 12.28-12.28 32.19 0 44.48l22.24 22.24c12.28 12.28 32.2 12.28 44.48 0L176 322.72l100.07 100.07c12.28 12.28 32.2 12.28 44.48 0l22.24-22.24c12.28-12.28 12.28-32.19 0-44.48L242.72 256z\\"></path></svg></button></div></div>"`;

exports[`Chip overflow 1`] = `"<div><div class=\\"pf-c-chip pf-m-overflow my-chp-cls\\" data-ouia-component-type=\\"PF4/OverflowChip\\" data-ouia-safe=\\"true\\" data-ouia-component-id=\\"OUIA-Generated-Chip-1\\"><span class=\\"pf-c-chip__text\\">4 more</span></div></div>"`;

exports[`Chip readonly 1`] = `"<div><div class=\\"pf-c-chip my-chp-cls\\" data-ouia-component-type=\\"PF4/Chip\\" data-ouia-safe=\\"true\\" data-ouia-component-id=\\"OUIA-Generated-Chip-4\\"><span class=\\"pf-c-chip__text\\" id=\\"pf-random-id-3\\">4 more</span></div></div>"`;
