// Jest Snapshot v1, https://goo.gl/fbAQLP

exports[`PopoverDialog should match snapshot (auto-generated) 1`] = `"<div><div class=\\"pf-c-popover pf-m-top null\\" role=\\"dialog\\" aria-modal=\\"true\\">ReactNode</div></div>"`;
