// Jest Snapshot v1, https://goo.gl/fbAQLP

exports[`Render SerialConsoleActions 1`] = `"<div><div class=\\"pf-c-console__actions-serial\\"><button aria-disabled=\\"false\\" class=\\"pf-c-button pf-m-secondary\\" type=\\"button\\" data-ouia-component-type=\\"PF4/Button\\" data-ouia-safe=\\"true\\" data-ouia-component-id=\\"OUIA-Generated-Button-secondary-3\\">Disconnect</button><button aria-disabled=\\"false\\" class=\\"pf-c-button pf-m-secondary\\" type=\\"button\\" data-ouia-component-type=\\"PF4/Button\\" data-ouia-safe=\\"true\\" data-ouia-component-id=\\"OUIA-Generated-Button-secondary-4\\">Reset</button></div></div>"`;

exports[`Render SerialConsoleActions with custom texts 1`] = `"<div><div class=\\"pf-c-console__actions-serial\\"><button aria-disabled=\\"false\\" class=\\"pf-c-button pf-m-secondary\\" type=\\"button\\" data-ouia-component-type=\\"PF4/Button\\" data-ouia-safe=\\"true\\" data-ouia-component-id=\\"OUIA-Generated-Button-secondary-5\\">My Disconnect Text</button><button aria-disabled=\\"false\\" class=\\"pf-c-button pf-m-secondary\\" type=\\"button\\" data-ouia-component-type=\\"PF4/Button\\" data-ouia-safe=\\"true\\" data-ouia-component-id=\\"OUIA-Generated-Button-secondary-6\\">My Reconnect Text</button></div></div>"`;

exports[`placeholder render test 1`] = `"<div><div class=\\"pf-c-console__actions-serial\\"><button aria-disabled=\\"false\\" class=\\"pf-c-button pf-m-secondary\\" type=\\"button\\" data-ouia-component-type=\\"PF4/Button\\" data-ouia-safe=\\"true\\" data-ouia-component-id=\\"OUIA-Generated-Button-secondary-1\\">Disconnect</button><button aria-disabled=\\"false\\" class=\\"pf-c-button pf-m-secondary\\" type=\\"button\\" data-ouia-component-type=\\"PF4/Button\\" data-ouia-safe=\\"true\\" data-ouia-component-id=\\"OUIA-Generated-Button-secondary-2\\">Reset</button></div></div>"`;
