// Jest Snapshot v1, https://goo.gl/fbAQLP

exports[`XTerm Render empty XTerm component 1`] = `"<div class=\\"pf-c-console__xterm\\" role=\\"list\\"><div dir=\\"ltr\\" class=\\"terminal xterm focus\\" tabindex=\\"0\\"><div class=\\"xterm-accessibility\\"><div class=\\"xterm-accessibility-tree\\" role=\\"document\\"><div role=\\"listitem\\" tabindex=\\"-1\\" style=\\"height: 0px;\\"></div><div role=\\"listitem\\" tabindex=\\"-1\\" style=\\"height: 0px;\\"></div><div role=\\"listitem\\" tabindex=\\"-1\\" style=\\"height: 0px;\\"></div><div role=\\"listitem\\" tabindex=\\"-1\\" style=\\"height: 0px;\\"></div><div role=\\"listitem\\" tabindex=\\"-1\\" style=\\"height: 0px;\\"></div><div role=\\"listitem\\" tabindex=\\"-1\\" style=\\"height: 0px;\\"></div><div role=\\"listitem\\" tabindex=\\"-1\\" style=\\"height: 0px;\\"></div><div role=\\"listitem\\" tabindex=\\"-1\\" style=\\"height: 0px;\\"></div><div role=\\"listitem\\" tabindex=\\"-1\\" style=\\"height: 0px;\\"></div><div role=\\"listitem\\" tabindex=\\"-1\\" style=\\"height: 0px;\\"></div><div role=\\"listitem\\" tabindex=\\"-1\\" style=\\"height: 0px;\\"></div><div role=\\"listitem\\" tabindex=\\"-1\\" style=\\"height: 0px;\\"></div><div role=\\"listitem\\" tabindex=\\"-1\\" style=\\"height: 0px;\\"></div><div role=\\"listitem\\" tabindex=\\"-1\\" style=\\"height: 0px;\\"></div><div role=\\"listitem\\" tabindex=\\"-1\\" style=\\"height: 0px;\\"></div><div role=\\"listitem\\" tabindex=\\"-1\\" style=\\"height: 0px;\\"></div><div role=\\"listitem\\" tabindex=\\"-1\\" style=\\"height: 0px;\\"></div><div role=\\"listitem\\" tabindex=\\"-1\\" style=\\"height: 0px;\\"></div><div role=\\"listitem\\" tabindex=\\"-1\\" style=\\"height: 0px;\\"></div><div role=\\"listitem\\" tabindex=\\"-1\\" style=\\"height: 0px;\\"></div><div role=\\"listitem\\" tabindex=\\"-1\\" style=\\"height: 0px;\\"></div><div role=\\"listitem\\" tabindex=\\"-1\\" style=\\"height: 0px;\\"></div><div role=\\"listitem\\" tabindex=\\"-1\\" style=\\"height: 0px;\\"></div><div role=\\"listitem\\" tabindex=\\"-1\\" style=\\"height: 0px;\\"></div><div role=\\"listitem\\" tabindex=\\"-1\\" style=\\"height: 0px;\\"></div><div role=\\"listitem\\" tabindex=\\"-1\\" style=\\"height: 0px;\\"></div><div role=\\"listitem\\" tabindex=\\"-1\\" style=\\"height: 0px;\\"></div><div role=\\"listitem\\" tabindex=\\"-1\\" style=\\"height: 0px;\\"></div><div role=\\"listitem\\" tabindex=\\"-1\\" style=\\"height: 0px;\\"></div><div role=\\"listitem\\" tabindex=\\"-1\\" style=\\"height: 0px;\\"></div><div role=\\"listitem\\" tabindex=\\"-1\\" style=\\"height: 0px;\\"></div><div role=\\"listitem\\" tabindex=\\"-1\\" style=\\"height: 0px;\\"></div><div role=\\"listitem\\" tabindex=\\"-1\\" style=\\"height: 0px;\\"></div><div role=\\"listitem\\" tabindex=\\"-1\\" style=\\"height: 0px;\\"></div><div role=\\"listitem\\" tabindex=\\"-1\\" style=\\"height: 0px;\\"></div><div role=\\"listitem\\" tabindex=\\"-1\\" style=\\"height: 0px;\\"></div><div role=\\"listitem\\" tabindex=\\"-1\\" style=\\"height: 0px;\\"></div><div role=\\"listitem\\" tabindex=\\"-1\\" style=\\"height: 0px;\\"></div><div role=\\"listitem\\" tabindex=\\"-1\\" style=\\"height: 0px;\\"></div><div role=\\"listitem\\" tabindex=\\"-1\\" style=\\"height: 0px;\\"></div><div role=\\"listitem\\" tabindex=\\"-1\\" style=\\"height: 0px;\\"></div><div role=\\"listitem\\" tabindex=\\"-1\\" style=\\"height: 0px;\\"></div><div role=\\"listitem\\" tabindex=\\"-1\\" style=\\"height: 0px;\\"></div><div role=\\"listitem\\" tabindex=\\"-1\\" style=\\"height: 0px;\\"></div><div role=\\"listitem\\" tabindex=\\"-1\\" style=\\"height: 0px;\\"></div><div role=\\"listitem\\" tabindex=\\"-1\\" style=\\"height: 0px;\\"></div><div role=\\"listitem\\" tabindex=\\"-1\\" style=\\"height: 0px;\\"></div><div role=\\"listitem\\" tabindex=\\"-1\\" style=\\"height: 0px;\\"></div><div role=\\"listitem\\" tabindex=\\"-1\\" style=\\"height: 0px;\\"></div><div role=\\"listitem\\" tabindex=\\"-1\\" style=\\"height: 0px;\\"></div><div role=\\"listitem\\" tabindex=\\"-1\\" style=\\"height: 0px;\\"></div><div role=\\"listitem\\" tabindex=\\"-1\\" style=\\"height: 0px;\\"></div><div role=\\"listitem\\" tabindex=\\"-1\\" style=\\"height: 0px;\\"></div><div role=\\"listitem\\" tabindex=\\"-1\\" style=\\"height: 0px;\\"></div><div role=\\"listitem\\" tabindex=\\"-1\\" style=\\"height: 0px;\\"></div><div role=\\"listitem\\" tabindex=\\"-1\\" style=\\"height: 0px;\\"></div><div role=\\"listitem\\" tabindex=\\"-1\\" style=\\"height: 0px;\\"></div><div role=\\"listitem\\" tabindex=\\"-1\\" style=\\"height: 0px;\\"></div><div role=\\"listitem\\" tabindex=\\"-1\\" style=\\"height: 0px;\\"></div><div role=\\"listitem\\" tabindex=\\"-1\\" style=\\"height: 0px;\\"></div></div><div class=\\"live-region\\" aria-live=\\"assertive\\"></div></div><div class=\\"xterm-viewport\\" style=\\"background-color: rgb(0, 0, 0);\\"><div class=\\"xterm-scroll-area\\"></div></div><div class=\\"xterm-screen\\"><div class=\\"xterm-helpers\\"><textarea class=\\"xterm-helper-textarea\\" aria-label=\\"Terminal input\\" aria-multiline=\\"false\\" autocorrect=\\"off\\" autocapitalize=\\"off\\" spellcheck=\\"false\\" tabindex=\\"0\\"></textarea><span class=\\"xterm-char-measure-element\\" aria-hidden=\\"true\\">W</span><div class=\\"composition-view\\"></div></div><canvas class=\\"xterm-text-layer\\" style=\\"z-index: 0;\\"></canvas><canvas class=\\"xterm-selection-layer\\" style=\\"z-index: 1;\\"></canvas><canvas class=\\"xterm-link-layer\\" style=\\"z-index: 2;\\"></canvas><canvas class=\\"xterm-cursor-layer\\" style=\\"z-index: 3;\\"></canvas></div></div></div>"`;
