// Jest Snapshot v1, https://goo.gl/fbAQLP

exports[`ModalBoxBody Test 1`] = `"<div><div id=\\"id\\" class=\\"pf-c-modal-box__body test-box-class\\">This is a ModalBox header</div></div>"`;
