// Jest Snapshot v1, https://goo.gl/fbAQLP

exports[`Modal Content Test description 1`] = `"<div><div class=\\"pf-c-backdrop\\"><div class=\\"pf-l-bullseye\\"><div id=\\"boxId\\" data-ouia-component-type=\\"PF4/ModalContent\\" data-ouia-safe=\\"true\\" role=\\"dialog\\" aria-labelledby=\\"labelId\\" aria-describedby=\\"descriptorId\\" aria-modal=\\"true\\" class=\\"pf-c-modal-box\\"><button aria-disabled=\\"false\\" aria-label=\\"Close\\" class=\\"pf-c-button pf-m-plain\\" type=\\"button\\" data-ouia-component-type=\\"PF4/Button\\" data-ouia-safe=\\"true\\" data-ouia-component-id=\\"OUIA-Generated-Button-plain-3\\"><svg style=\\"vertical-align: -0.125em;\\" fill=\\"currentColor\\" height=\\"1em\\" width=\\"1em\\" viewBox=\\"0 0 352 512\\" aria-hidden=\\"true\\" role=\\"img\\"><path d=\\"M242.72 256l100.07-100.07c12.28-12.28 12.28-32.19 0-44.48l-22.24-22.24c-12.28-12.28-32.19-12.28-44.48 0L176 189.28 75.93 89.21c-12.28-12.28-32.19-12.28-44.48 0L9.21 111.45c-12.28 12.28-12.28 32.19 0 44.48L109.28 256 9.21 356.07c-12.28 12.28-12.28 32.19 0 44.48l22.24 22.24c12.28 12.28 32.2 12.28 44.48 0L176 322.72l100.07 100.07c12.28 12.28 32.2 12.28 44.48 0l22.24-22.24c12.28-12.28 12.28-32.19 0-44.48L242.72 256z\\"></path></svg></button><header class=\\"pf-c-modal-box__header\\"><h1 id=\\"labelId\\" class=\\"pf-c-modal-box__title\\"><span class=\\"pf-c-modal-box__title-text\\">Test Modal Content title</span></h1><div id=\\"descriptorId\\" class=\\"pf-c-modal-box__description\\">This is a test description.</div></header><div class=\\"pf-c-modal-box__body\\">This is a ModalBox header</div></div></div></div></div>"`;

exports[`Modal Content Test isOpen 1`] = `"<div><div class=\\"pf-c-backdrop\\"><div class=\\"pf-l-bullseye\\"><div id=\\"boxId\\" data-ouia-component-type=\\"PF4/ModalContent\\" data-ouia-safe=\\"true\\" role=\\"dialog\\" aria-labelledby=\\"labelId\\" aria-describedby=\\"descriptorId\\" aria-modal=\\"true\\" class=\\"pf-c-modal-box\\"><button aria-disabled=\\"false\\" aria-label=\\"Close\\" class=\\"pf-c-button pf-m-plain\\" type=\\"button\\" data-ouia-component-type=\\"PF4/Button\\" data-ouia-safe=\\"true\\" data-ouia-component-id=\\"OUIA-Generated-Button-plain-2\\"><svg style=\\"vertical-align: -0.125em;\\" fill=\\"currentColor\\" height=\\"1em\\" width=\\"1em\\" viewBox=\\"0 0 352 512\\" aria-hidden=\\"true\\" role=\\"img\\"><path d=\\"M242.72 256l100.07-100.07c12.28-12.28 12.28-32.19 0-44.48l-22.24-22.24c-12.28-12.28-32.19-12.28-44.48 0L176 189.28 75.93 89.21c-12.28-12.28-32.19-12.28-44.48 0L9.21 111.45c-12.28 12.28-12.28 32.19 0 44.48L109.28 256 9.21 356.07c-12.28 12.28-12.28 32.19 0 44.48l22.24 22.24c12.28 12.28 32.2 12.28 44.48 0L176 322.72l100.07 100.07c12.28 12.28 32.2 12.28 44.48 0l22.24-22.24c12.28-12.28 12.28-32.19 0-44.48L242.72 256z\\"></path></svg></button><header class=\\"pf-c-modal-box__header\\"><h1 id=\\"labelId\\" class=\\"pf-c-modal-box__title\\"><span class=\\"pf-c-modal-box__title-text\\">Test Modal Content title</span></h1></header><div id=\\"descriptorId\\" class=\\"pf-c-modal-box__body\\">This is a ModalBox header</div></div></div></div></div>"`;

exports[`Modal Content Test only body 1`] = `"<div><div class=\\"pf-c-backdrop\\"><div class=\\"pf-l-bullseye\\"><div id=\\"boxId\\" data-ouia-component-type=\\"PF4/ModalContent\\" data-ouia-safe=\\"true\\" role=\\"dialog\\" aria-labelledby=\\"labelId\\" aria-describedby=\\"descriptorId\\" aria-modal=\\"true\\" class=\\"pf-c-modal-box\\"><button aria-disabled=\\"false\\" aria-label=\\"Close\\" class=\\"pf-c-button pf-m-plain\\" type=\\"button\\" data-ouia-component-type=\\"PF4/Button\\" data-ouia-safe=\\"true\\" data-ouia-component-id=\\"OUIA-Generated-Button-plain-1\\"><svg style=\\"vertical-align: -0.125em;\\" fill=\\"currentColor\\" height=\\"1em\\" width=\\"1em\\" viewBox=\\"0 0 352 512\\" aria-hidden=\\"true\\" role=\\"img\\"><path d=\\"M242.72 256l100.07-100.07c12.28-12.28 12.28-32.19 0-44.48l-22.24-22.24c-12.28-12.28-32.19-12.28-44.48 0L176 189.28 75.93 89.21c-12.28-12.28-32.19-12.28-44.48 0L9.21 111.45c-12.28 12.28-12.28 32.19 0 44.48L109.28 256 9.21 356.07c-12.28 12.28-12.28 32.19 0 44.48l22.24 22.24c12.28 12.28 32.2 12.28 44.48 0L176 322.72l100.07 100.07c12.28 12.28 32.2 12.28 44.48 0l22.24-22.24c12.28-12.28 12.28-32.19 0-44.48L242.72 256z\\"></path></svg></button><header class=\\"pf-c-modal-box__header\\"><h1 id=\\"labelId\\" class=\\"pf-c-modal-box__title\\"><span class=\\"pf-c-modal-box__title-text\\">Test Modal Content title</span></h1></header><div id=\\"descriptorId\\" class=\\"pf-c-modal-box__body\\">This is a ModalBox header</div></div></div></div></div>"`;

exports[`Modal Content Test with footer 1`] = `"<div><div class=\\"pf-c-backdrop\\"><div class=\\"pf-l-bullseye\\"><div id=\\"boxId\\" data-ouia-component-type=\\"PF4/ModalContent\\" data-ouia-safe=\\"true\\" role=\\"dialog\\" aria-labelledby=\\"labelId\\" aria-describedby=\\"descriptorId\\" aria-modal=\\"true\\" class=\\"pf-c-modal-box\\"><button aria-disabled=\\"false\\" aria-label=\\"Close\\" class=\\"pf-c-button pf-m-plain\\" type=\\"button\\" data-ouia-component-type=\\"PF4/Button\\" data-ouia-safe=\\"true\\" data-ouia-component-id=\\"OUIA-Generated-Button-plain-4\\"><svg style=\\"vertical-align: -0.125em;\\" fill=\\"currentColor\\" height=\\"1em\\" width=\\"1em\\" viewBox=\\"0 0 352 512\\" aria-hidden=\\"true\\" role=\\"img\\"><path d=\\"M242.72 256l100.07-100.07c12.28-12.28 12.28-32.19 0-44.48l-22.24-22.24c-12.28-12.28-32.19-12.28-44.48 0L176 189.28 75.93 89.21c-12.28-12.28-32.19-12.28-44.48 0L9.21 111.45c-12.28 12.28-12.28 32.19 0 44.48L109.28 256 9.21 356.07c-12.28 12.28-12.28 32.19 0 44.48l22.24 22.24c12.28 12.28 32.2 12.28 44.48 0L176 322.72l100.07 100.07c12.28 12.28 32.2 12.28 44.48 0l22.24-22.24c12.28-12.28 12.28-32.19 0-44.48L242.72 256z\\"></path></svg></button><header class=\\"pf-c-modal-box__header\\"><h1 id=\\"labelId\\" class=\\"pf-c-modal-box__title\\"><span class=\\"pf-c-modal-box__title-text\\">Test Modal Content title</span></h1></header><div id=\\"descriptorId\\" class=\\"pf-c-modal-box__body\\">This is a ModalBox header</div><footer class=\\"pf-c-modal-box__footer\\">Testing</footer></div></div></div></div>"`;

exports[`Modal Content Test with onclose 1`] = `"<div><div class=\\"pf-c-backdrop\\"><div class=\\"pf-l-bullseye\\"><div id=\\"boxId\\" data-ouia-component-type=\\"PF4/ModalContent\\" data-ouia-safe=\\"true\\" role=\\"dialog\\" aria-labelledby=\\"labelId\\" aria-describedby=\\"descriptorId\\" aria-modal=\\"true\\" class=\\"pf-c-modal-box pf-m-lg\\"><button aria-disabled=\\"false\\" aria-label=\\"Close\\" class=\\"pf-c-button pf-m-plain\\" type=\\"button\\" data-ouia-component-type=\\"PF4/Button\\" data-ouia-safe=\\"true\\" data-ouia-component-id=\\"OUIA-Generated-Button-plain-6\\"><svg style=\\"vertical-align: -0.125em;\\" fill=\\"currentColor\\" height=\\"1em\\" width=\\"1em\\" viewBox=\\"0 0 352 512\\" aria-hidden=\\"true\\" role=\\"img\\"><path d=\\"M242.72 256l100.07-100.07c12.28-12.28 12.28-32.19 0-44.48l-22.24-22.24c-12.28-12.28-32.19-12.28-44.48 0L176 189.28 75.93 89.21c-12.28-12.28-32.19-12.28-44.48 0L9.21 111.45c-12.28 12.28-12.28 32.19 0 44.48L109.28 256 9.21 356.07c-12.28 12.28-12.28 32.19 0 44.48l22.24 22.24c12.28 12.28 32.2 12.28 44.48 0L176 322.72l100.07 100.07c12.28 12.28 32.2 12.28 44.48 0l22.24-22.24c12.28-12.28 12.28-32.19 0-44.48L242.72 256z\\"></path></svg></button><header class=\\"pf-c-modal-box__header\\"><h1 id=\\"labelId\\" class=\\"pf-c-modal-box__title\\"><span class=\\"pf-c-modal-box__title-text\\">Test Modal Content title</span></h1></header><div id=\\"descriptorId\\" class=\\"pf-c-modal-box__body\\">This is a ModalBox header</div><footer class=\\"pf-c-modal-box__footer\\">Testing footer</footer></div></div></div></div>"`;

exports[`Modal Content test without footer 1`] = `"<div><div class=\\"pf-c-backdrop\\"><div class=\\"pf-l-bullseye\\"><div id=\\"boxId\\" data-ouia-component-type=\\"PF4/ModalContent\\" data-ouia-safe=\\"true\\" role=\\"dialog\\" aria-labelledby=\\"labelId\\" aria-describedby=\\"descriptorId\\" aria-modal=\\"true\\" class=\\"pf-c-modal-box\\"><button aria-disabled=\\"false\\" aria-label=\\"Close\\" class=\\"pf-c-button pf-m-plain\\" type=\\"button\\" data-ouia-component-type=\\"PF4/Button\\" data-ouia-safe=\\"true\\" data-ouia-component-id=\\"OUIA-Generated-Button-plain-5\\"><svg style=\\"vertical-align: -0.125em;\\" fill=\\"currentColor\\" height=\\"1em\\" width=\\"1em\\" viewBox=\\"0 0 352 512\\" aria-hidden=\\"true\\" role=\\"img\\"><path d=\\"M242.72 256l100.07-100.07c12.28-12.28 12.28-32.19 0-44.48l-22.24-22.24c-12.28-12.28-32.19-12.28-44.48 0L176 189.28 75.93 89.21c-12.28-12.28-32.19-12.28-44.48 0L9.21 111.45c-12.28 12.28-12.28 32.19 0 44.48L109.28 256 9.21 356.07c-12.28 12.28-12.28 32.19 0 44.48l22.24 22.24c12.28 12.28 32.2 12.28 44.48 0L176 322.72l100.07 100.07c12.28 12.28 32.2 12.28 44.48 0l22.24-22.24c12.28-12.28 12.28-32.19 0-44.48L242.72 256z\\"></path></svg></button><header class=\\"pf-c-modal-box__header\\"><h1 id=\\"labelId\\" class=\\"pf-c-modal-box__title\\"><span class=\\"pf-c-modal-box__title-text\\">Test Modal Content title</span></h1></header><div id=\\"descriptorId\\" class=\\"pf-c-modal-box__body\\">This is a ModalBox header</div></div></div></div></div>"`;

exports[`Modal Test with custom footer 1`] = `"<div><div class=\\"pf-c-backdrop\\"><div class=\\"pf-l-bullseye\\"><div id=\\"boxId\\" data-ouia-component-type=\\"PF4/ModalContent\\" data-ouia-safe=\\"true\\" role=\\"dialog\\" aria-labelledby=\\"labelId\\" aria-describedby=\\"descriptorId\\" aria-modal=\\"true\\" class=\\"pf-c-modal-box pf-m-lg\\"><button aria-disabled=\\"false\\" aria-label=\\"Close\\" class=\\"pf-c-button pf-m-plain\\" type=\\"button\\" data-ouia-component-type=\\"PF4/Button\\" data-ouia-safe=\\"true\\" data-ouia-component-id=\\"OUIA-Generated-Button-plain-8\\"><svg style=\\"vertical-align: -0.125em;\\" fill=\\"currentColor\\" height=\\"1em\\" width=\\"1em\\" viewBox=\\"0 0 352 512\\" aria-hidden=\\"true\\" role=\\"img\\"><path d=\\"M242.72 256l100.07-100.07c12.28-12.28 12.28-32.19 0-44.48l-22.24-22.24c-12.28-12.28-32.19-12.28-44.48 0L176 189.28 75.93 89.21c-12.28-12.28-32.19-12.28-44.48 0L9.21 111.45c-12.28 12.28-12.28 32.19 0 44.48L109.28 256 9.21 356.07c-12.28 12.28-12.28 32.19 0 44.48l22.24 22.24c12.28 12.28 32.2 12.28 44.48 0L176 322.72l100.07 100.07c12.28 12.28 32.2 12.28 44.48 0l22.24-22.24c12.28-12.28 12.28-32.19 0-44.48L242.72 256z\\"></path></svg></button><header class=\\"pf-c-modal-box__header\\"><h1 id=\\"labelId\\" class=\\"pf-c-modal-box__title\\"><span class=\\"pf-c-modal-box__title-text\\">Test Modal Custom Footer</span></h1></header><div id=\\"descriptorId\\" class=\\"pf-c-modal-box__body\\">This is a ModalBox header</div><footer class=\\"pf-c-modal-box__footer\\"><span id=\\"test-custom-footer\\">TEST</span></footer></div></div></div></div>"`;

exports[`Modal Test with custom header 1`] = `"<div><div class=\\"pf-c-backdrop\\"><div class=\\"pf-l-bullseye\\"><div id=\\"boxId\\" data-ouia-component-type=\\"PF4/ModalContent\\" data-ouia-safe=\\"true\\" role=\\"dialog\\" aria-labelledby=\\"labelId\\" aria-describedby=\\"descriptorId\\" aria-modal=\\"true\\" class=\\"pf-c-modal-box pf-m-lg\\"><button aria-disabled=\\"false\\" aria-label=\\"Close\\" class=\\"pf-c-button pf-m-plain\\" type=\\"button\\" data-ouia-component-type=\\"PF4/Button\\" data-ouia-safe=\\"true\\" data-ouia-component-id=\\"OUIA-Generated-Button-plain-7\\"><svg style=\\"vertical-align: -0.125em;\\" fill=\\"currentColor\\" height=\\"1em\\" width=\\"1em\\" viewBox=\\"0 0 352 512\\" aria-hidden=\\"true\\" role=\\"img\\"><path d=\\"M242.72 256l100.07-100.07c12.28-12.28 12.28-32.19 0-44.48l-22.24-22.24c-12.28-12.28-32.19-12.28-44.48 0L176 189.28 75.93 89.21c-12.28-12.28-32.19-12.28-44.48 0L9.21 111.45c-12.28 12.28-12.28 32.19 0 44.48L109.28 256 9.21 356.07c-12.28 12.28-12.28 32.19 0 44.48l22.24 22.24c12.28 12.28 32.2 12.28 44.48 0L176 322.72l100.07 100.07c12.28 12.28 32.2 12.28 44.48 0l22.24-22.24c12.28-12.28 12.28-32.19 0-44.48L242.72 256z\\"></path></svg></button><header class=\\"pf-c-modal-box__header\\"><span id=\\"test-custom-header\\">TEST</span></header><div id=\\"descriptorId\\" class=\\"pf-c-modal-box__body\\">This is a ModalBox header</div><footer class=\\"pf-c-modal-box__footer\\">Testing footer</footer></div></div></div></div>"`;
