// Jest Snapshot v1, https://goo.gl/fbAQLP

exports[`DataListContent should match snapshot (auto-generated) 1`] = `"<div><section id=\\"''\\" class=\\"pf-c-data-list__expandable-content ''\\" aria-label=\\"string\\"><div class=\\"pf-c-data-list__expandable-content-body\\">ReactNode</div></section></div>"`;
