// Jest Snapshot v1, https://goo.gl/fbAQLP

exports[`dropdown groups basic render 1`] = `"<div><section class=\\"\\"><h1 class=\\"\\" aria-hidden=\\"true\\">Group 1</h1><ul role=\\"none\\">Something</ul></section></div>"`;
