// Jest Snapshot v1, https://goo.gl/fbAQLP

exports[`isDisabled 1`] = `"<div><button id=\\"action\\" class=\\"pf-c-dropdown__toggle-button\\" disabled=\\"\\" aria-disabled=\\"true\\" aria-label=\\"action\\"></button></div>"`;

exports[`passing class 1`] = `"<div><button id=\\"action\\" class=\\"pf-c-dropdown__toggle-button abc\\" aria-label=\\"action\\"></button></div>"`;

exports[`renders with text 1`] = `"<div><button id=\\"action\\" class=\\"pf-c-dropdown__toggle-button\\" aria-label=\\"action\\"></button></div>"`;
